10-26 20:10:10.950 28721 28746 D JOBS    : Thread-147: load factor check. true = (3 < 4)|| (3 * 3 < 0 + 0). consumer thread: true
10-26 20:10:10.950 28721 28746 D JOBS    : didn't allow me to die, re-running Thread-147
10-26 20:10:10.950 28721 28746 D JOBS    : re-running consumer Thread-147
10-26 20:10:13.644  4868  4868 I chatty  : uid=10125(com.youku.phone) AsyncTask #5 expire 20 lines
10-26 20:10:13.946  3642  3888 I QiyiKeyManager: (null:-1) KeyUpdateTimer~~ alive
10-26 20:10:14.204  3331  3525 D JOBS    : pool-2-thread-1: load factor check. false = (4 < 4)|| (4 * 3 < 0 + 0). consumer thread: false
10-26 20:10:14.204  3331 29158 D JOBS    : running job 
10-26 20:10:14.205  3331 29158 V MessageDelivery: (null:-1) monitor status: PingbackTracker{mAccum=159, mAdded=159, mHandled=0, mSended=0, mScheduled=159, mPrepaired=0, mSaves=0, mSaveReal=0, runnable=org.qiyi.android.corejar.pingback.PingbackManager$PingbackTracker$1@3ec969b}
10-26 20:10:14.206  3331 29158 D JOBS    : added job id: -2147478096 class:  priority: 1 delay: 8000 group : GROUPID_PINGBACK_MANGER persistent: false 
10-26 20:10:14.207  3331 29158 D JOBS    : Thread-452: load factor check. false = (4 < 4)|| (4 * 3 < 0 + 1). consumer thread: false
10-26 20:10:14.208  3331 29158 D JOBS    : finished job 
10-26 20:10:16.644  4865  4865 I chatty  : uid=10125(com.youku.phone) AsyncTask #4 expire 20 lines
10-26 20:10:18.947  3642  3888 I QiyiKeyManager: (null:-1) KeyUpdateTimer~~ alive
10-26 20:10:19.194 31975 31975 I chatty  : uid=10125(com.youku.phone) CollectAppRunIn expire 20 lines
10-26 20:10:22.207  3331  3525 D JOBS    : pool-2-thread-1: load factor check. false = (4 < 4)|| (4 * 3 < 0 + 0). consumer thread: false
10-26 20:10:22.208  3331 29158 D JOBS    : running job 
10-26 20:10:22.209  3331 29158 V MessageDelivery: (null:-1) monitor status: PingbackTracker{mAccum=159, mAdded=159, mHandled=0, mSended=0, mScheduled=159, mPrepaired=0, mSaves=0, mSaveReal=0, runnable=org.qiyi.android.corejar.pingback.PingbackManager$PingbackTracker$1@3ec969b}
10-26 20:10:22.211  3331 29158 D JOBS    : added job id: -2147478095 class:  priority: 1 delay: 8000 group : GROUPID_PINGBACK_MANGER persistent: false 
10-26 20:10:22.214  3331 29158 D JOBS    : Thread-452: load factor check. false = (4 < 4)|| (4 * 3 < 0 + 1). consumer thread: false
10-26 20:10:22.215  3331 29158 D JOBS    : finished job 
10-26 20:10:22.654  4826  4826 I chatty  : uid=10125(com.youku.phone) AsyncTask #1 expire 20 lines
10-26 20:10:23.947  3642  3888 I QiyiKeyManager: (null:-1) KeyUpdateTimer~~ alive
10-26 20:10:25.626 28721 28761 D JOBS    : Thread-162: load factor check. true = (3 < 4)|| (3 * 3 < 0 + 0). consumer thread: true
10-26 20:10:25.627 28721 28761 D JOBS    : didn't allow me to die, re-running Thread-162
10-26 20:10:25.627 28721 28761 D JOBS    : re-running consumer Thread-162
10-26 20:10:25.644  4840  4840 I chatty  : uid=10125(com.youku.phone) AsyncTask #2 expire 20 lines
10-26 20:10:28.644  4868  4868 I chatty  : uid=10125(com.youku.phone) AsyncTask #5 expire 20 lines
10-26 20:10:28.946  3642  3888 I QiyiKeyManager: (null:-1) KeyUpdateTimer~~ alive
10-26 20:10:30.211  3331  3525 D JOBS    : pool-2-thread-1: load factor check. false = (4 < 4)|| (4 * 3 < 1 + 0). consumer thread: false
10-26 20:10:30.212  3331 29155 D JOBS    : running job 
10-26 20:10:30.213  3331 29155 V MessageDelivery: (null:-1) monitor status: PingbackTracker{mAccum=159, mAdded=159, mHandled=0, mSended=0, mScheduled=159, mPrepaired=0, mSaves=0, mSaveReal=0, runnable=org.qiyi.android.corejar.pingback.PingbackManager$PingbackTracker$1@3ec969b}
10-26 20:10:30.214  3331 29155 D JOBS    : added job id: -2147478094 class:  priority: 1 delay: 8000 group : GROUPID_PINGBACK_MANGER persistent: false 
10-26 20:10:30.216  3331 29155 D JOBS    : Thread-449: load factor check. false = (4 < 4)|| (4 * 3 < 0 + 1). consumer thread: false
10-26 20:10:30.217  3331 29155 D JOBS    : finished job 
10-26 20:10:31.038 28721 28776 D JOBS    : Thread-169: load factor check. true = (3 < 4)|| (3 * 3 < 0 + 0). consumer thread: true
10-26 20:10:31.038 28721 28776 D JOBS    : didn't allow me to die, re-running Thread-169
10-26 20:10:31.038 28721 28776 D JOBS    : re-running consumer Thread-169
10-26 20:10:31.066 28721 28747 D JOBS    : Thread-148: load factor check. true = (3 < 4)|| (3 * 3 < 0 + 0). consumer thread: true
10-26 20:10:31.067 28721 28747 D JOBS    : didn't allow me to die, re-running Thread-148
10-26 20:10:31.067 28721 28747 D JOBS    : re-running consumer Thread-148
10-26 20:10:31.664  4865  4865 I chatty  : uid=10125(com.youku.phone) AsyncTask #4 expire 20 lines
10-26 20:10:33.947  3642  3888 I QiyiKeyManager: (null:-1) KeyUpdateTimer~~ alive
10-26 20:10:34.644  4847  4847 I chatty  : uid=10125(com.youku.phone) AsyncTask #3 expire 20 lines
10-26 20:10:37.654  4826  4826 I chatty  : uid=10125(com.youku.phone) AsyncTask #1 expire 20 lines
10-26 20:10:38.216  3331  3525 D JOBS    : pool-2-thread-1: load factor check. false = (4 < 4)|| (4 * 3 < 0 + 0). consumer thread: false
10-26 20:10:38.216  3331 29155 D JOBS    : running job 
10-26 20:10:38.217  3331 29155 V MessageDelivery: (null:-1) monitor status: PingbackTracker{mAccum=159, mAdded=159, mHandled=0, mSended=0, mScheduled=159, mPrepaired=0, mSaves=0, mSaveReal=0, runnable=org.qiyi.android.corejar.pingback.PingbackManager$PingbackTracker$1@3ec969b}
10-26 20:10:38.219  3331 29155 D JOBS    : added job id: -2147478093 class:  priority: 1 delay: 8000 group : GROUPID_PINGBACK_MANGER persistent: false 
10-26 20:10:38.219  3331 29155 D JOBS    : Thread-449: load factor check. false = (4 < 4)|| (4 * 3 < 0 + 1). consumer thread: false
10-26 20:10:38.220  3331 29155 D JOBS    : finished job 
10-26 20:10:38.946  3642  3888 I QiyiKeyManager: (null:-1) KeyUpdateTimer~~ alive
10-26 20:10:40.644  4840  4840 I chatty  : uid=10125(com.youku.phone) AsyncTask #2 expire 20 lines
10-26 20:10:43.664  4868  4868 I chatty  : uid=10125(com.youku.phone) AsyncTask #5 expire 20 lines
10-26 20:10:43.947  3642  3888 I QiyiKeyManager: (null:-1) KeyUpdateTimer~~ alive
10-26 20:10:46.220  3331  3525 D JOBS    : pool-2-thread-1: load factor check. false = (4 < 4)|| (4 * 3 < 0 + 0). consumer thread: false
10-26 20:10:46.220  3331 29158 D JOBS    : running job 
10-26 20:10:46.221  3331 29158 V MessageDelivery: (null:-1) monitor status: PingbackTracker{mAccum=159, mAdded=159, mHandled=0, mSended=0, mScheduled=159, mPrepaired=0, mSaves=0, mSaveReal=0, runnable=org.qiyi.android.corejar.pingback.PingbackManager$PingbackTracker$1@3ec969b}
10-26 20:10:46.223  3331 29158 D JOBS    : added job id: -2147478092 class:  priority: 1 delay: 8000 group : GROUPID_PINGBACK_MANGER persistent: false 
10-26 20:10:46.227  3331 29158 D JOBS    : Thread-452: load factor check. false = (4 < 4)|| (4 * 3 < 0 + 1). consumer thread: false
10-26 20:10:46.229  3331 29158 D JOBS    : finished job 
10-26 20:10:46.664  4865  4865 I chatty  : uid=10125(com.youku.phone) AsyncTask #4 expire 20 lines
10-26 20:10:48.946  3642  3888 I QiyiKeyManager: (null:-1) KeyUpdateTimer~~ alive
10-26 20:10:49.073  1379  1430 E SyncManager: Bind attempt failed - target: ComponentInfo{com.wandoujia.phoenix2/com.pp.assistant.worker.AccountSyncService}
10-26 20:10:49.664  4847  4847 I chatty  : uid=10125(com.youku.phone) AsyncTask #3 expire 20 lines
10-26 20:10:52.664  4826  4826 I chatty  : uid=10125(com.youku.phone) AsyncTask #1 expire 20 lines
10-26 20:10:53.946  3642  3888 I QiyiKeyManager: (null:-1) KeyUpdateTimer~~ alive
10-26 20:10:54.224  3331  3525 D JOBS    : pool-2-thread-1: load factor check. false = (4 < 4)|| (4 * 3 < 0 + 0). consumer thread: false
10-26 20:10:54.224  3331 29156 D JOBS    : running job 
10-26 20:10:54.225  3331 29156 V MessageDelivery: (null:-1) monitor status: PingbackTracker{mAccum=159, mAdded=159, mHandled=0, mSended=0, mScheduled=159, mPrepaired=0, mSaves=0, mSaveReal=0, runnable=org.qiyi.android.corejar.pingback.PingbackManager$PingbackTracker$1@3ec969b}
10-26 20:10:54.227  3331 29156 D JOBS    : added job id: -2147478091 class:  priority: 1 delay: 8000 group : GROUPID_PINGBACK_MANGER persistent: false 
10-26 20:10:54.228  3331 29156 D JOBS    : Thread-450: load factor check. false = (4 < 4)|| (4 * 3 < 0 + 1). consumer thread: false
10-26 20:10:54.229  3331 29156 D JOBS    : finished job 
10-26 20:10:55.664  4840  4840 I chatty  : uid=10125(com.youku.phone) AsyncTask #2 expire 20 lines
10-26 20:10:58.664  4868  4868 I chatty  : uid=10125(com.youku.phone) AsyncTask #5 expire 20 lines
10-26 20:10:58.946  3642  3888 I QiyiKeyManager: (null:-1) KeyUpdateTimer~~ alive
10-26 20:11:01.664  4865  4865 I chatty  : uid=10125(com.youku.phone) AsyncTask #4 expire 20 lines
10-26 20:11:02.228  3331  3525 D JOBS    : pool-2-thread-1: load factor check. false = (4 < 4)|| (4 * 3 < 0 + 0). consumer thread: false
10-26 20:11:02.229  3331  3532 D JOBS    : running job 
10-26 20:11:02.230  3331  3532 V MessageDelivery: (null:-1) monitor status: PingbackTracker{mAccum=159, mAdded=159, mHandled=0, mSended=0, mScheduled=159, mPrepaired=0, mSaves=0, mSaveReal=0, runnable=org.qiyi.android.corejar.pingback.PingbackManager$PingbackTracker$1@3ec969b}
10-26 20:11:02.231  3331  3532 D JOBS    : added job id: -2147478090 class:  priority: 1 delay: 8000 group : GROUPID_PINGBACK_MANGER persistent: false 
10-26 20:11:02.231  3331  3532 D JOBS    : Thread-90: load factor check. false = (4 < 4)|| (4 * 3 < 0 + 1). consumer thread: false
10-26 20:11:02.234  3331  3532 D JOBS    : finished job 
10-26 20:11:03.946  3642  3888 I QiyiKeyManager: (null:-1) KeyUpdateTimer~~ alive
10-26 20:11:04.664  4847  4847 I chatty  : uid=10125(com.youku.phone) AsyncTask #3 expire 20 lines
10-26 20:11:07.664  4826  4826 I chatty  : uid=10125(com.youku.phone) AsyncTask #1 expire 20 lines
10-26 20:11:08.137  1379  3269 D DhcpClient: Received packet: 00:f7:6f:c0:30:dd NAK, reason (none)
10-26 20:11:08.138  1379  3269 D DhcpClient: Received packet: 00:f7:6f:c0:30:dd NAK, reason (none)
10-26 20:11:08.946  3642  3888 I QiyiKeyManager: (null:-1) KeyUpdateTimer~~ alive
10-26 20:11:10.233  3331  3525 D JOBS    : pool-2-thread-1: load factor check. false = (4 < 4)|| (4 * 3 < 0 + 1). consumer thread: false
10-26 20:11:10.233  3331 29156 D JOBS    : running job 
10-26 20:11:10.234  3331 29156 V MessageDelivery: (null:-1) monitor status: PingbackTracker{mAccum=159, mAdded=159, mHandled=0, mSended=0, mScheduled=159, mPrepaired=0, mSaves=0, mSaveReal=0, runnable=org.qiyi.android.corejar.pingback.PingbackManager$PingbackTracker$1@3ec969b}
10-26 20:11:10.235  3331 29156 D JOBS    : added job id: -2147478089 class:  priority: 1 delay: 8000 group : GROUPID_PINGBACK_MANGER persistent: false 
10-26 20:11:10.236  3331 29156 D JOBS    : Thread-450: load factor check. false = (4 < 4)|| (4 * 3 < 0 + 1). consumer thread: false
10-26 20:11:10.236  3331 29156 D JOBS    : finished job 
10-26 20:11:10.664  4840  4840 I chatty  : uid=10125(com.youku.phone) AsyncTask #2 expire 20 lines
10-26 20:11:13.664  4868  4868 I chatty  : uid=10125(com.youku.phone) AsyncTask #5 expire 20 lines
10-26 20:11:13.946  3642  3888 I QiyiKeyManager: (null:-1) KeyUpdateTimer~~ alive
10-26 20:11:14.487  1379  3269 D DhcpClient: Received packet: ec:5a:86:40:5a:e6 NAK, reason (none)
10-26 20:11:14.488  1379  3269 D DhcpClient: Received packet: ec:5a:86:40:5a:e6 NAK, reason (none)
10-26 20:11:16.664  4865  4865 I chatty  : uid=10125(com.youku.phone) AsyncTask #4 expire 20 lines
10-26 20:11:17.887  3642  3865 D JOBS    : Thread-90: load factor check. true = (3 < 4)|| (3 * 3 < 0 + 0). consumer thread: true
10-26 20:11:17.887  3642  3865 D JOBS    : didn't allow me to die, re-running Thread-90
10-26 20:11:17.887  3642  3865 D JOBS    : re-running consumer Thread-90
10-26 20:11:18.237  3331  3525 D JOBS    : pool-2-thread-1: load factor check. false = (4 < 4)|| (4 * 3 < 0 + 0). consumer thread: false
10-26 20:11:18.238  3331  3532 D JOBS    : running job 
10-26 20:11:18.239  3331  3532 V MessageDelivery: (null:-1) monitor status: PingbackTracker{mAccum=159, mAdded=159, mHandled=0, mSended=0, mScheduled=159, mPrepaired=0, mSaves=0, mSaveReal=0, runnable=org.qiyi.android.corejar.pingback.PingbackManager$PingbackTracker$1@3ec969b}
10-26 20:11:18.240  3331  3532 D JOBS    : added job id: -2147478088 class:  priority: 1 delay: 8000 group : GROUPID_PINGBACK_MANGER persistent: false 
10-26 20:11:18.241  3331  3532 D JOBS    : Thread-90: load factor check. false = (4 < 4)|| (4 * 3 < 0 + 1). consumer thread: false
10-26 20:11:18.243  3331  3532 D JOBS    : finished job 
10-26 20:11:18.947  3642  3888 I QiyiKeyManager: (null:-1) KeyUpdateTimer~~ alive
10-26 20:11:19.184 31975 31975 I chatty  : uid=10125(com.youku.phone) CollectAppRunIn expire 20 lines
10-26 20:11:22.664  4826  4826 I chatty  : uid=10125(com.youku.phone) AsyncTask #1 expire 20 lines
10-26 20:11:23.946  3642  3888 I QiyiKeyManager: (null:-1) KeyUpdateTimer~~ alive
10-26 20:11:25.576   586   586 E TLOC    : [TLOCChannel]"Can't receive message due to timeout"
10-26 20:11:25.577   586   586 D TLOC    : [TLOCDaemon ]"The command finished successfully"
10-26 20:11:25.577   586   586 D TLOC    : [TLOCDaemon ]"waiting for command"
10-26 20:11:25.577   586   586 D TLOC    : [TLOCChannel] "Going to receive message for TLOCD"
10-26 20:11:25.577   586   586 D TLOC    : [TLOCChannel] "wait for message for user TLOCD"
10-26 20:11:25.664  4840  4840 I chatty  : uid=10125(com.youku.phone) AsyncTask #2 expire 20 lines
10-26 20:11:26.241  3331  3525 D JOBS    : pool-2-thread-1: load factor check. false = (4 < 4)|| (4 * 3 < 0 + 0). consumer thread: false
10-26 20:11:26.242  3331  3532 D JOBS    : running job 
10-26 20:11:26.243  3331  3532 V MessageDelivery: (null:-1) monitor status: PingbackTracker{mAccum=159, mAdded=159, mHandled=0, mSended=0, mScheduled=159, mPrepaired=0, mSaves=0, mSaveReal=0, runnable=org.qiyi.android.corejar.pingback.PingbackManager$PingbackTracker$1@3ec969b}
10-26 20:11:26.244  3331  3532 D JOBS    : added job id: -2147478087 class:  priority: 1 delay: 8000 group : GROUPID_PINGBACK_MANGER persistent: false 
10-26 20:11:26.245  3331  3532 D JOBS    : Thread-90: load factor check. false = (4 < 4)|| (4 * 3 < 0 + 1). consumer thread: false
10-26 20:11:26.246  3331  3532 D JOBS    : finished job 
10-26 20:11:28.664  4868  4868 I chatty  : uid=10125(com.youku.phone) AsyncTask #5 expire 20 lines
10-26 20:11:28.947  3642  3888 I QiyiKeyManager: (null:-1) KeyUpdateTimer~~ alive
10-26 20:11:29.048  3642  3943 D JOBS    : Thread-101: load factor check. true = (3 < 4)|| (3 * 3 < 0 + 0). consumer thread: true
10-26 20:11:29.048  3642  3943 D JOBS    : didn't allow me to die, re-running Thread-101
10-26 20:11:29.048  3642  3943 D JOBS    : re-running consumer Thread-101
10-26 20:11:29.438  1379  3269 D DhcpClient: Received packet: 14:bd:61:a5:58:35 NAK, reason (none)
10-26 20:11:29.439  1379  3269 D DhcpClient: Received packet: 14:bd:61:a5:58:35 NAK, reason (none)
10-26 20:11:31.664  4865  4865 I chatty  : uid=10125(com.youku.phone) AsyncTask #4 expire 20 lines
10-26 20:11:33.946  3642  3888 I QiyiKeyManager: (null:-1) KeyUpdateTimer~~ alive
10-26 20:11:34.246  3331  3525 D JOBS    : pool-2-thread-1: load factor check. false = (4 < 4)|| (4 * 3 < 0 + 0). consumer thread: false
10-26 20:11:34.246  3331 29155 D JOBS    : running job 
10-26 20:11:34.247  3331 29155 V MessageDelivery: (null:-1) monitor status: PingbackTracker{mAccum=159, mAdded=159, mHandled=0, mSended=0, mScheduled=159, mPrepaired=0, mSaves=0, mSaveReal=0, runnable=org.qiyi.android.corejar.pingback.PingbackManager$PingbackTracker$1@3ec969b}
10-26 20:11:34.248  3331 29155 D JOBS    : added job id: -2147478086 class:  priority: 1 delay: 8000 group : GROUPID_PINGBACK_MANGER persistent: false 
10-26 20:11:34.249  3331 29155 D JOBS    : Thread-449: load factor check. false = (4 < 4)|| (4 * 3 < 0 + 1). consumer thread: false
10-26 20:11:34.250  3331 29155 D JOBS    : finished job 
10-26 20:11:34.664  4847  4847 I chatty  : uid=10125(com.youku.phone) AsyncTask #3 expire 20 lines
10-26 20:11:37.664  4826  4826 I chatty  : uid=10125(com.youku.phone) AsyncTask #1 expire 20 lines
10-26 20:11:38.946  3642  3888 I QiyiKeyManager: (null:-1) KeyUpdateTimer~~ alive
10-26 20:11:40.664  4840  4840 I chatty  : uid=10125(com.youku.phone) AsyncTask #2 expire 20 lines
10-26 20:11:42.249  3331  3525 D JOBS    : pool-2-thread-1: load factor check. false = (4 < 4)|| (4 * 3 < 1 + 0). consumer thread: false
10-26 20:11:42.251  3331  3532 D JOBS    : running job 
10-26 20:11:42.252  3331  3532 V MessageDelivery: (null:-1) monitor status: PingbackTracker{mAccum=159, mAdded=159, mHandled=0, mSended=0, mScheduled=159, mPrepaired=0, mSaves=0, mSaveReal=0, runnable=org.qiyi.android.corejar.pingback.PingbackManager$PingbackTracker$1@3ec969b}
10-26 20:11:42.253  3331  3532 D JOBS    : added job id: -2147478085 class:  priority: 1 delay: 8000 group : GROUPID_PINGBACK_MANGER persistent: false 
10-26 20:11:42.254  3331  3532 D JOBS    : Thread-90: load factor check. false = (4 < 4)|| (4 * 3 < 0 + 1). consumer thread: false
10-26 20:11:42.255  3331  3532 D JOBS    : finished job 
10-26 20:11:43.664  4868  4868 I chatty  : uid=10125(com.youku.phone) AsyncTask #5 expire 20 lines
10-26 20:11:43.946  3642  3888 I QiyiKeyManager: (null:-1) KeyUpdateTimer~~ alive
10-26 20:11:46.674  4865  4865 I chatty  : uid=10125(com.youku.phone) AsyncTask #4 expire 20 lines
10-26 20:11:48.946  3642  3888 I QiyiKeyManager: (null:-1) KeyUpdateTimer~~ alive
10-26 20:11:49.674  4847  4847 I chatty  : uid=10125(com.youku.phone) AsyncTask #3 expire 20 lines
10-26 20:11:50.255  3331  3525 D JOBS    : pool-2-thread-1: load factor check. false = (4 < 4)|| (4 * 3 < 1 + 0). consumer thread: false
10-26 20:11:50.256  3331 29155 D JOBS    : running job 
10-26 20:11:50.257  3331 29155 V MessageDelivery: (null:-1) monitor status: PingbackTracker{mAccum=159, mAdded=159, mHandled=0, mSended=0, mScheduled=159, mPrepaired=0, mSaves=0, mSaveReal=0, runnable=org.qiyi.android.corejar.pingback.PingbackManager$PingbackTracker$1@3ec969b}
10-26 20:11:50.258  3331 29155 D JOBS    : added job id: -2147478084 class:  priority: 1 delay: 8000 group : GROUPID_PINGBACK_MANGER persistent: false 
10-26 20:11:50.258  3331 29155 D JOBS    : Thread-449: load factor check. false = (4 < 4)|| (4 * 3 < 0 + 1). consumer thread: false
10-26 20:11:50.259  3331 29155 D JOBS    : finished job 
10-26 20:11:52.674  4826  4826 I chatty  : uid=10125(com.youku.phone) AsyncTask #1 expire 20 lines
10-26 20:11:52.856  3331  3690 E qtp_http_client: HCDN_LOG: Error [2017/10/26 20:11:52:856][tid:3690]:[func:SetState],[line:119],QTP State changed: QS_UNINIT =========> QSD1R0_START (requestId: 193)
10-26 20:11:52.856  3331  3690 E qtp_http_client: HCDN_LOG: Error [2017/10/26 20:11:52:856][tid:3690]:[func:SetState],[line:119],QTP State changed: QSD1R0_START =========> QSD1R0_WAITFOR_CURLDNS_RESP (requestId: 193)
10-26 20:11:52.891  3331  3689 E qtp_http_client: HCDN_LOG: Error [2017/10/26 20:11:52:890][tid:3689]:[func:SetState],[line:119],QTP State changed: QSD1R0_WAITFOR_CURLDNS_RESP =========> QSD1R0_WAITFOR_HTTP_RESP1 (requestId: 193)
10-26 20:11:52.891  3331  3689 E qtp_http_client: HCDN_LOG: Error [2017/10/26 20:11:52:891][tid:3689]:[func:SetState],[line:119],QTP State changed: QSD1R0_WAITFOR_HTTP_RESP1 =========> QS_SUCCESS (requestId: 193)
10-26 20:11:53.368  3642  3853 D JOBS    : Thread-83: load factor check. true = (3 < 4)|| (3 * 3 < 0 + 0). consumer thread: true
10-26 20:11:53.368  3642  3853 D JOBS    : didn't allow me to die, re-running Thread-83
10-26 20:11:53.369  3642  3853 D JOBS    : re-running consumer Thread-83
10-26 20:11:53.946  3642  3888 I QiyiKeyManager: (null:-1) KeyUpdateTimer~~ alive
10-26 20:11:55.581  3642  3948 E qtp_http_client: HCDN_LOG: Error [2017/10/26 20:11:55:581][tid:3948]:[func:SetState],[line:119],QTP State changed: QS_UNINIT =========> QSD1R0_START (requestId: 166)
10-26 20:11:55.582  3642  3948 E qtp_http_client: HCDN_LOG: Error [2017/10/26 20:11:55:582][tid:3948]:[func:SetState],[line:119],QTP State changed: QSD1R0_START =========> QSD1R0_WAITFOR_CURLDNS_RESP (requestId: 166)
10-26 20:11:55.613  3642  3947 E qtp_http_client: HCDN_LOG: Error [2017/10/26 20:11:55:613][tid:3947]:[func:SetState],[line:119],QTP State changed: QSD1R0_WAITFOR_CURLDNS_RESP =========> QSD1R0_WAITFOR_HTTP_RESP1 (requestId: 166)
10-26 20:11:55.615  3642  3947 E qtp_http_client: HCDN_LOG: Error [2017/10/26 20:11:55:614][tid:3947]:[func:SetState],[line:119],QTP State changed: QSD1R0_WAITFOR_HTTP_RESP1 =========> QS_SUCCESS (requestId: 166)
10-26 20:11:55.664  4840  4840 I chatty  : uid=10125(com.youku.phone) AsyncTask #2 expire 20 lines
10-26 20:11:56.107  3331  3833 D IM-VIDEO: Q> Ping send, @dynamic-heartbeat, [VALID][EXPLORE](81)
10-26 20:11:56.110  3331  4844 I CONNECTOR: Sent(29): 070003000100001100BC1D6A0A03302E31320A0A0839794C59592D3830
10-26 20:11:56.115  3331  3833 D PROTO   : Sent(17): version: "0.1"
10-26 20:11:56.115  3331  3833 D PROTO   : ping <
10-26 20:11:56.115  3331  3833 D PROTO   :   m_id: "9yLYY-80"
10-26 20:11:56.115  3331  3833 D PROTO   : >
10-26 20:11:56.142  3331  4845 D CONNECTOR: Recv(24): 070003000100000C001E620D3A0A0A0839794C59592D3830
10-26 20:11:56.143  3331  4845 D IM-VIDEO: NexusReader, processArcane, biz: 3 len: 12
10-26 20:11:56.151  3331  4845 D PROTO   : Recv(12): version: ""
10-26 20:11:56.151  3331  4845 D PROTO   : pong <
10-26 20:11:56.151  3331  4845 D PROTO   :   m_id: "9yLYY-80"
10-26 20:11:56.151  3331  4845 D PROTO   : >
10-26 20:11:56.153  3331  3833 D IM-VIDEO: Q> ConnState onPingSuccess
10-26 20:11:56.154  3331  3833 D IM-VIDEO: Broadcast sendTo: com.iqiyi.hotchat.connect.ping.success
10-26 20:11:56.154  3331  4853 D IM-VIDEO: Connector onArcaneReceive, biz: 3
10-26 20:11:56.154  3331  4853 D IM-VIDEO: Connector processQimArcane
10-26 20:11:56.154  3331  4853 D IM-VIDEO: Connector processQimArcane, parse one, case: 7
10-26 20:11:57.596  1379  3269 D DhcpClient: Received packet: 54:ae:27:c1:f0:a7 NAK, reason (none)
10-26 20:11:57.596  1379  3269 D DhcpClient: Received packet: 54:ae:27:c1:f0:a7 NAK, reason (none)
10-26 20:11:58.259  3331  3525 D JOBS    : pool-2-thread-1: load factor check. false = (4 < 4)|| (4 * 3 < 0 + 0). consumer thread: false
10-26 20:11:58.260  3331 29156 D JOBS    : running job 
10-26 20:11:58.261  3331 29156 V MessageDelivery: (null:-1) monitor status: PingbackTracker{mAccum=159, mAdded=159, mHandled=0, mSended=0, mScheduled=159, mPrepaired=0, mSaves=0, mSaveReal=0, runnable=org.qiyi.android.corejar.pingback.PingbackManager$PingbackTracker$1@3ec969b}
10-26 20:11:58.263  3331 29156 D JOBS    : added job id: -2147478083 class:  priority: 1 delay: 8000 group : GROUPID_PINGBACK_MANGER persistent: false 
10-26 20:11:58.264  3331 29156 D JOBS    : Thread-450: load factor check. false = (4 < 4)|| (4 * 3 < 0 + 1). consumer thread: false
10-26 20:11:58.266  3331 29156 D JOBS    : finished job 
10-26 20:11:58.664  4868  4868 I chatty  : uid=10125(com.youku.phone) AsyncTask #5 expire 20 lines
10-26 20:11:58.947  3642  3888 I QiyiKeyManager: (null:-1) KeyUpdateTimer~~ alive
10-26 20:11:59.336  1379  3269 D DhcpClient: Received packet: 44:85:00:b1:93:ce NAK, reason (none)
10-26 20:11:59.337  1379  3269 D DhcpClient: Received packet: 44:85:00:b1:93:ce NAK, reason (none)
10-26 20:12:00.028  1379  1610 I TetherStatsReporting: getTetherStats() called
10-26 20:12:00.030  2562  2594 D QtiTetherService/IpaWrapper: getStats(false)
10-26 20:12:00.082   510  1355 E CommandListener: smartisan sendGeneriokFail return bandwidth command cond=0
10-26 20:12:00.086  1379  1611 W NetworkPolicy: isTemplateRelevant return false
10-26 20:12:00.096  1379  1611 W NetworkPolicy: isTemplateRelevant return false
10-26 20:12:01.664  4865  4865 I chatty  : uid=10125(com.youku.phone) AsyncTask #4 expire 20 lines
10-26 20:12:02.144   772  1066 D QC-time-services: Lib:time_genoff_operation: pargs->base = 12
10-26 20:12:02.145   772  1066 D QC-time-services: Lib:time_genoff_operation: pargs->operation = 0
10-26 20:12:02.145   772  1066 D QC-time-services: Lib:time_genoff_operation: pargs->ts_val = 1509019922000
10-26 20:12:02.145   772  1066 D QC-time-services: Lib:time_genoff_operation: Send to server  passed!!
10-26 20:12:02.145   577   636 D QC-time-services: Daemon: Connection accepted:time_genoff
10-26 20:12:02.146   577  5135 D QC-time-services: Daemon:Received base = 12, unit = 1, operation = 0,value = 1509019922000
10-26 20:12:02.146   577  5135 D QC-time-services: Daemon:genoff_opr: Base = 12, val = 1509019922000, operation = 0
10-26 20:12:02.146   577  5135 D QC-time-services: Daemon:Value read from QTimer mseconds = 39646612
10-26 20:12:02.147   577  5135 D QC-time-services: Daemon:Value read from RTC mseconds on boot = 32958871000
10-26 20:12:02.147   577  5135 D QC-time-services: Daemon:Delta read on boot mseconds = 32958864230
10-26 20:12:02.147   577  5135 D QC-time-services: Daemon:new time 1509019922000 
10-26 20:12:02.147   577  5135 D QC-time-services: Daemon: delta 1476021411158 genoff 1476021411158 
10-26 20:12:02.147   577  5135 D QC-time-services: Daemon:genoff_persistent_update: Writing genoff = 1476021411158 to memory
10-26 20:12:02.147   577  5135 D QC-time-services: Daemon:Opening File: /data/time/ats_12
10-26 20:12:02.147   577  5135 D QC-time-services: Daemon:time_persistent_memory_opr:Genoff write operation 
10-26 20:12:02.167   772  1066 E QC-time-services: Receive Passed == base = 12, unit = 1, operation = 0, result = 0
10-26 20:12:02.167   772  1066 D QC-time-services: Lib:time_genoff_operation: pargs->base = 13
10-26 20:12:02.167   772  1066 D QC-time-services: Lib:time_genoff_operation: pargs->operation = 0
10-26 20:12:02.167   772  1066 D QC-time-services: Lib:time_genoff_operation: pargs->ts_val = 1509019922000
10-26 20:12:02.167   772  1066 D QC-time-services: Lib:time_genoff_operation: Send to server  passed!!
10-26 20:12:02.167   577   636 E QC-time-services: Daemon: Time-services: Waiting to acceptconnection
10-26 20:12:02.167   577   636 D QC-time-services: Daemon: Connection accepted:time_genoff
10-26 20:12:02.168   577  5136 D QC-time-services: Daemon:Received base = 13, unit = 1, operation = 0,value = 1509019922000
10-26 20:12:02.168   577  5136 D QC-time-services: Daemon:genoff_opr: Base = 13, val = 1509019922000, operation = 0
10-26 20:12:02.168   577  5136 D QC-time-services: Daemon:Value read from QTimer mseconds = 39646634
10-26 20:12:02.168   577  5136 D QC-time-services: Daemon:Value read from RTC mseconds on boot = 32958871000
10-26 20:12:02.168   577  5136 D QC-time-services: Daemon:Delta read on boot mseconds = 32958864230
10-26 20:12:02.168   577  5136 D QC-time-services: Daemon:new time 1509019922000 
10-26 20:12:02.168   577  5136 D QC-time-services: Daemon: delta 1476021411136 genoff 1476021411136 
10-26 20:12:02.169   577  5136 D QC-time-services: Daemon:genoff_persistent_update: Writing genoff = 1476021411136 to memory
10-26 20:12:02.169   577  5136 D QC-time-services: Daemon:Opening File: /data/time/ats_13
10-26 20:12:02.169   577  5136 D QC-time-services: Daemon:time_persistent_memory_opr:Genoff write operation 
10-26 20:12:02.172   772  1066 E QC-time-services: Receive Passed == base = 13, unit = 1, operation = 0, result = 0
10-26 20:12:02.173   577   636 E QC-time-services: Daemon: Time-services: Waiting to acceptconnection
10-26 20:12:02.177  1379  2517 D AlarmManagerService: Kernel timezone updated to -480 minutes west of GMT
10-26 20:12:02.185  1379  1926 D AlarmManagerService: Setting time of day to sec=1509019922
10-26 20:12:02.011  1379  1926 W AlarmManagerService: Unable to set rtc to 1509019922: Invalid argument
10-26 20:12:02.027  1379  1431 I ProcessStatsService: Prepared write state in 5ms
10-26 20:12:03.946  3642  3888 I QiyiKeyManager: (null:-1) KeyUpdateTimer~~ alive
10-26 20:12:04.670  4847  4847 I chatty  : uid=10125(com.youku.phone) AsyncTask #3 expire 20 lines
10-26 20:12:05.801  3642  3852 D JOBS    : Thread-82: load factor check. true = (3 < 4)|| (3 * 3 < 0 + 0). consumer thread: true
10-26 20:12:05.801  3642  3852 D JOBS    : didn't allow me to die, re-running Thread-82
10-26 20:12:05.801  3642  3852 D JOBS    : re-running consumer Thread-82
10-26 20:12:06.088  3331  3525 D JOBS    : pool-2-thread-1: load factor check. false = (4 < 4)|| (4 * 3 < 0 + 0). consumer thread: false
10-26 20:12:06.089  3331 29158 D JOBS    : running job 
10-26 20:12:06.090  3331 29158 V MessageDelivery: (null:-1) monitor status: PingbackTracker{mAccum=159, mAdded=159, mHandled=0, mSended=0, mScheduled=159, mPrepaired=0, mSaves=0, mSaveReal=0, runnable=org.qiyi.android.corejar.pingback.PingbackManager$PingbackTracker$1@3ec969b}
10-26 20:12:06.091  3331 29158 D JOBS    : added job id: -2147478082 class:  priority: 1 delay: 8000 group : GROUPID_PINGBACK_MANGER persistent: false 
10-26 20:12:06.092  3331 29158 D JOBS    : Thread-452: load factor check. false = (4 < 4)|| (4 * 3 < 0 + 1). consumer thread: false
10-26 20:12:06.094  3331 29158 D JOBS    : finished job 
10-26 20:12:07.680  4826  4826 I chatty  : uid=10125(com.youku.phone) AsyncTask #1 expire 20 lines
10-26 20:12:08.946  3642  3888 I QiyiKeyManager: (null:-1) KeyUpdateTimer~~ alive
10-26 20:12:10.680  4840  4840 I chatty  : uid=10125(com.youku.phone) AsyncTask #2 expire 20 lines
10-26 20:12:10.776 28721 28746 D JOBS    : Thread-147: load factor check. true = (3 < 4)|| (3 * 3 < 0 + 0). consumer thread: true
10-26 20:12:10.776 28721 28746 D JOBS    : didn't allow me to die, re-running Thread-147
10-26 20:12:10.776 28721 28746 D JOBS    : re-running consumer Thread-147
10-26 20:12:11.348  1379  3269 D DhcpClient: Received packet: e4:b3:18:82:de:8f ACK: your new IP /10.2.101.199, netmask /255.255.224.0, gateways [/10.2.127.254] DNS servers: /10.1.30.51 /10.1.30.52 , lease time 43200
10-26 20:12:12.140  4447  4447 I chatty  : uid=10125(com.youku.phone) NativeThread expire 20 lines
10-26 20:12:13.670  4868  4868 I chatty  : uid=10125(com.youku.phone) AsyncTask #5 expire 20 lines
10-26 20:12:13.946  3642  3888 I QiyiKeyManager: (null:-1) KeyUpdateTimer~~ alive
10-26 20:12:14.093  3331  3525 D JOBS    : pool-2-thread-1: load factor check. false = (4 < 4)|| (4 * 3 < 0 + 1). consumer thread: false
10-26 20:12:14.093  3331 29155 D JOBS    : running job 
10-26 20:12:14.094  3331 29155 V MessageDelivery: (null:-1) monitor status: PingbackTracker{mAccum=159, mAdded=159, mHandled=0, mSended=0, mScheduled=159, mPrepaired=0, mSaves=0, mSaveReal=0, runnable=org.qiyi.android.corejar.pingback.PingbackManager$PingbackTracker$1@3ec969b}
10-26 20:12:14.095  3331 29155 D JOBS    : added job id: -2147478081 class:  priority: 1 delay: 8000 group : GROUPID_PINGBACK_MANGER persistent: false 
10-26 20:12:14.096  3331 29155 D JOBS    : Thread-449: load factor check. false = (4 < 4)|| (4 * 3 < 0 + 1). consumer thread: false
10-26 20:12:14.098  3331 29155 D JOBS    : finished job 
10-26 20:12:16.690  4865  4865 I chatty  : uid=10125(com.youku.phone) AsyncTask #4 expire 20 lines
10-26 20:12:18.947  3642  3888 I QiyiKeyManager: (null:-1) KeyUpdateTimer~~ alive
10-26 20:12:19.200 31975 31975 I chatty  : uid=10125(com.youku.phone) CollectAppRunIn expire 20 lines
10-26 20:12:22.097  3331  3525 D JOBS    : pool-2-thread-1: load factor check. false = (4 < 4)|| (4 * 3 < 1 + 0). consumer thread: false
10-26 20:12:22.100  3331 29156 D JOBS    : running job 
10-26 20:12:22.102  3331 29156 V MessageDelivery: (null:-1) monitor status: PingbackTracker{mAccum=159, mAdded=159, mHandled=0, mSended=0, mScheduled=159, mPrepaired=0, mSaves=0, mSaveReal=0, runnable=org.qiyi.android.corejar.pingback.PingbackManager$PingbackTracker$1@3ec969b}
10-26 20:12:22.104  3331 29156 D JOBS    : added job id: -2147478080 class:  priority: 1 delay: 8000 group : GROUPID_PINGBACK_MANGER persistent: false 
10-26 20:12:22.105  3331 29156 D JOBS    : Thread-450: load factor check. false = (4 < 4)|| (4 * 3 < 0 + 1). consumer thread: false
10-26 20:12:22.106  3331 29156 D JOBS    : finished job 
10-26 20:12:22.680  4826  4826 I chatty  : uid=10125(com.youku.phone) AsyncTask #1 expire 20 lines
10-26 20:12:23.946  3642  3888 I QiyiKeyManager: (null:-1) KeyUpdateTimer~~ alive
10-26 20:12:25.452 28721 28761 D JOBS    : Thread-162: load factor check. true = (3 < 4)|| (3 * 3 < 0 + 0). consumer thread: true
10-26 20:12:25.453 28721 28761 D JOBS    : didn't allow me to die, re-running Thread-162
10-26 20:12:25.453 28721 28761 D JOBS    : re-running consumer Thread-162
10-26 20:12:25.680  4840  4840 I chatty  : uid=10125(com.youku.phone) AsyncTask #2 expire 20 lines
10-26 20:12:27.528  1379  3269 D DhcpClient: Received packet: bc:9f:ef:04:fd:c8 NAK, reason (none)
10-26 20:12:27.529  1379  3269 D DhcpClient: Received packet: bc:9f:ef:04:fd:c8 NAK, reason (none)
10-26 20:12:28.553  1379  3269 D DhcpClient: Received packet: f4:96:34:2e:cb:f1 NAK, reason (none)
10-26 20:12:28.554  1379  3269 D DhcpClient: Received packet: f4:96:34:2e:cb:f1 NAK, reason (none)
10-26 20:12:28.654  1379  3269 D DhcpClient: Received packet: bc:9f:ef:04:fd:c8 NAK, reason (none)
10-26 20:12:28.655  1379  3269 D DhcpClient: Received packet: bc:9f:ef:04:fd:c8 NAK, reason (none)
10-26 20:12:28.680  4868  4868 I chatty  : uid=10125(com.youku.phone) AsyncTask #5 expire 20 lines
10-26 20:12:28.946  3642  3888 I QiyiKeyManager: (null:-1) KeyUpdateTimer~~ alive
10-26 20:12:30.105  3331  3525 D JOBS    : pool-2-thread-1: load factor check. false = (4 < 4)|| (4 * 3 < 0 + 0). consumer thread: false
10-26 20:12:30.105  3331 29156 D JOBS    : running job 
10-26 20:12:30.107  3331 29156 V MessageDelivery: (null:-1) monitor status: PingbackTracker{mAccum=159, mAdded=159, mHandled=0, mSended=0, mScheduled=159, mPrepaired=0, mSaves=0, mSaveReal=0, runnable=org.qiyi.android.corejar.pingback.PingbackManager$PingbackTracker$1@3ec969b}
10-26 20:12:30.110  3331 29156 D JOBS    : added job id: -2147478079 class:  priority: 1 delay: 8000 group : GROUPID_PINGBACK_MANGER persistent: false 
10-26 20:12:30.114  3331 29156 D JOBS    : Thread-450: load factor check. false = (4 < 4)|| (4 * 3 < 0 + 1). consumer thread: false
10-26 20:12:30.115  3331 29156 D JOBS    : finished job 
10-26 20:12:30.864 28721 28776 D JOBS    : Thread-169: load factor check. true = (3 < 4)|| (3 * 3 < 0 + 0). consumer thread: true
10-26 20:12:30.865 28721 28776 D JOBS    : didn't allow me to die, re-running Thread-169
10-26 20:12:30.865 28721 28776 D JOBS    : re-running consumer Thread-169
10-26 20:12:30.892 28721 28747 D JOBS    : Thread-148: load factor check. true = (3 < 4)|| (3 * 3 < 0 + 0). consumer thread: true
10-26 20:12:30.893 28721 28747 D JOBS    : didn't allow me to die, re-running Thread-148
10-26 20:12:30.893 28721 28747 D JOBS    : re-running consumer Thread-148
10-26 20:12:30.905  1379  3269 D DhcpClient: Received packet: bc:9f:ef:04:fd:c8 NAK, reason (none)
10-26 20:12:30.907  1379  3269 D DhcpClient: Received packet: bc:9f:ef:04:fd:c8 NAK, reason (none)
10-26 20:12:31.670  4865  4865 I chatty  : uid=10125(com.youku.phone) AsyncTask #4 expire 20 lines
10-26 20:12:33.675  3331  5150 W System.err: javax.net.ssl.SSLHandshakeException: java.security.cert.CertPathValidatorException: Trust anchor for certification path not found.
10-26 20:12:33.676  3331  5150 W System.err: 	at com.android.org.conscrypt.OpenSSLSocketImpl.startHandshake(OpenSSLSocketImpl.java:328)
10-26 20:12:33.676  3331  5150 W System.err: 	at com.android.okhttp.internal.http.SocketConnector.connectTls(SocketConnector.java:103)
10-26 20:12:33.676  3331  5150 W System.err: 	at com.android.okhttp.Connection.connect(Connection.java:143)
10-26 20:12:33.676  3331  5150 W System.err: 	at com.android.okhttp.Connection.connectAndSetOwner(Connection.java:185)
10-26 20:12:33.676  3331  5150 W System.err: 	at com.android.okhttp.OkHttpClient$1.connectAndSetOwner(OkHttpClient.java:128)
10-26 20:12:33.677  3331  5150 W System.err: 	at com.android.okhttp.internal.http.HttpEngine.nextConnection(HttpEngine.java:342)
10-26 20:12:33.677  3331  5150 W System.err: 	at com.android.okhttp.internal.http.HttpEngine.connect(HttpEngine.java:331)
10-26 20:12:33.677  3331  5150 W System.err: 	at com.android.okhttp.internal.http.HttpEngine.sendRequest(HttpEngine.java:249)
10-26 20:12:33.677  3331  5150 W System.err: 	at com.android.okhttp.internal.huc.HttpURLConnectionImpl.execute(HttpURLConnectionImpl.java:437)
10-26 20:12:33.677  3331  5150 W System.err: 	at com.android.okhttp.internal.huc.HttpURLConnectionImpl.connect(HttpURLConnectionImpl.java:114)
10-26 20:12:33.677  3331  5150 W System.err: 	at com.android.okhttp.internal.huc.DelegatingHttpsURLConnection.connect(DelegatingHttpsURLConnection.java:89)
10-26 20:12:33.677  3331  5150 W System.err: 	at com.android.okhttp.internal.huc.HttpsURLConnectionImpl.connect(HttpsURLConnectionImpl.java:25)
10-26 20:12:33.677  3331  5150 W System.err: 	at com.baidu.location.g.f$3.run(Unknown Source)
10-26 20:12:33.677  3331  5150 W System.err: Caused by: java.security.cert.CertificateException: java.security.cert.CertPathValidatorException: Trust anchor for certification path not found.
10-26 20:12:33.678  3331  5150 W System.err: 	at com.android.org.conscrypt.TrustManagerImpl.checkTrusted(TrustManagerImpl.java:324)
10-26 20:12:33.678  3331  5150 W System.err: 	at com.android.org.conscrypt.TrustManagerImpl.checkServerTrusted(TrustManagerImpl.java:225)
10-26 20:12:33.678  3331  5150 W System.err: 	at com.android.org.conscrypt.Platform.checkServerTrusted(Platform.java:115)
10-26 20:12:33.678  3331  5150 W System.err: 	at com.android.org.conscrypt.OpenSSLSocketImpl.verifyCertificateChain(OpenSSLSocketImpl.java:556)
10-26 20:12:33.678  3331  5150 W System.err: 	at com.android.org.conscrypt.NativeCrypto.SSL_do_handshake(Native Method)
10-26 20:12:33.678  3331  5150 W System.err: 	at com.android.org.conscrypt.OpenSSLSocketImpl.startHandshake(OpenSSLSocketImpl.java:324)
10-26 20:12:33.678  3331  5150 W System.err: 	... 12 more
10-26 20:12:33.678  3331  5150 W System.err: Caused by: java.security.cert.CertPathValidatorException: Trust anchor for certification path not found.
10-26 20:12:33.678  3331  5150 W System.err: 	... 18 more
10-26 20:12:33.678  3331  5150 I baidu_location_service: https NetworkCommunicationException!
10-26 20:12:33.728  3331  3331 V SharedPreferences: (null:-1) Config Helper: default_sharePreference
10-26 20:12:33.947  3642  3888 I QiyiKeyManager: (null:-1) KeyUpdateTimer~~ alive
10-26 20:12:34.680  4847  4847 I chatty  : uid=10125(com.youku.phone) AsyncTask #3 expire 20 lines
10-26 20:12:37.680  4826  4826 I chatty  : uid=10125(com.youku.phone) AsyncTask #1 expire 20 lines
10-26 20:12:38.110  3331  3525 D JOBS    : pool-2-thread-1: load factor check. false = (4 < 4)|| (4 * 3 < 0 + 0). consumer thread: false
10-26 20:12:38.110  3331 29158 D JOBS    : running job 
10-26 20:12:38.111  3331 29158 V MessageDelivery: (null:-1) monitor status: PingbackTracker{mAccum=159, mAdded=159, mHandled=0, mSended=0, mScheduled=159, mPrepaired=0, mSaves=0, mSaveReal=0, runnable=org.qiyi.android.corejar.pingback.PingbackManager$PingbackTracker$1@3ec969b}
10-26 20:12:38.112  3331 29158 D JOBS    : added job id: -2147478078 class:  priority: 1 delay: 8000 group : GROUPID_PINGBACK_MANGER persistent: false 
10-26 20:12:38.113  3331 29158 D JOBS    : Thread-452: load factor check. false = (4 < 4)|| (4 * 3 < 0 + 1). consumer thread: false
10-26 20:12:38.114  3331 29158 D JOBS    : finished job 
10-26 20:12:38.631  3331  3331 D JOBS    : added job id: -2147478077 class:  priority: 1000 delay: 0 group : ConfigurationHelper persistent: false 
10-26 20:12:38.633  3331  3331 D JOBS    : main: load factor check. false = (4 < 4)|| (4 * 3 < 0 + 1). consumer thread: false
10-26 20:12:38.633  3331 29158 D JOBS    : running job 
10-26 20:12:38.638  3331 29158 D JOBS    : finished job 
10-26 20:12:38.946  3642  3888 I QiyiKeyManager: (null:-1) KeyUpdateTimer~~ alive
10-26 20:12:40.670  4840  4840 I chatty  : uid=10125(com.youku.phone) AsyncTask #2 expire 20 lines
10-26 20:12:43.690  4868  4868 I chatty  : uid=10125(com.youku.phone) AsyncTask #5 expire 20 lines
10-26 20:12:43.947  3642  3888 I QiyiKeyManager: (null:-1) KeyUpdateTimer~~ alive
10-26 20:12:44.325  4339  4389 I chatty  : uid=10125(com.youku.phone) spdy-0 expire 5 lines
10-26 20:12:46.113  3331  3525 D JOBS    : pool-2-thread-1: load factor check. false = (4 < 4)|| (4 * 3 < 0 + 0). consumer thread: false
10-26 20:12:46.114  3331  3532 D JOBS    : running job 
10-26 20:12:46.114  3331  3525 D JOBS    : pool-2-thread-1: load factor check. false = (4 < 4)|| (4 * 3 < 0 + 1). consumer thread: false
10-26 20:12:46.115  3331  3532 V MessageDelivery: (null:-1) monitor status: PingbackTracker{mAccum=159, mAdded=159, mHandled=0, mSended=0, mScheduled=159, mPrepaired=0, mSaves=0, mSaveReal=0, runnable=org.qiyi.android.corejar.pingback.PingbackManager$PingbackTracker$1@3ec969b}
10-26 20:12:46.116  3331  3532 D JOBS    : added job id: -2147478076 class:  priority: 1 delay: 8000 group : GROUPID_PINGBACK_MANGER persistent: false 
10-26 20:12:46.119  3331  3532 D JOBS    : Thread-90: load factor check. false = (4 < 4)|| (4 * 3 < 0 + 1). consumer thread: false
10-26 20:12:46.120  3331  3532 D JOBS    : finished job 
10-26 20:12:46.670  4865  4865 I chatty  : uid=10125(com.youku.phone) AsyncTask #4 expire 20 lines
10-26 20:12:48.947  3642  3888 I QiyiKeyManager: (null:-1) KeyUpdateTimer~~ alive
10-26 20:12:49.680  4847  4847 I chatty  : uid=10125(com.youku.phone) AsyncTask #3 expire 20 lines
10-26 20:12:51.944  3331  3709 E storage_operate: HCDN_LOG: Fatal [2017/10/26 20:12:51:944][tid:3709]:[func:UpdateWriteBlockCount],[line:898],[oper:update write count],[new write:0]
10-26 20:12:52.670  4826  4826 I chatty  : uid=10125(com.youku.phone) AsyncTask #1 expire 20 lines
10-26 20:12:53.948  3642  3888 I QiyiKeyManager: (null:-1) KeyUpdateTimer~~ alive
10-26 20:12:54.117  3331  3525 D JOBS    : pool-2-thread-1: load factor check. false = (4 < 4)|| (4 * 3 < 1 + 0). consumer thread: false
10-26 20:12:54.118  3331 29155 D JOBS    : running job 
10-26 20:12:54.119  3331 29155 V MessageDelivery: (null:-1) monitor status: PingbackTracker{mAccum=159, mAdded=159, mHandled=0, mSended=0, mScheduled=159, mPrepaired=0, mSaves=0, mSaveReal=0, runnable=org.qiyi.android.corejar.pingback.PingbackManager$PingbackTracker$1@3ec969b}
10-26 20:12:54.121  3331 29155 D JOBS    : added job id: -2147478075 class:  priority: 1 delay: 8000 group : GROUPID_PINGBACK_MANGER persistent: false 
10-26 20:12:54.122  3331 29155 D JOBS    : Thread-449: load factor check. false = (4 < 4)|| (4 * 3 < 0 + 1). consumer thread: false
10-26 20:12:54.123  3331 29155 D JOBS    : finished job 
10-26 20:12:54.640  3642  3956 E storage_operate: HCDN_LOG: Fatal [2017/10/26 20:12:54:640][tid:3956]:[func:UpdateWriteBlockCount],[line:898],[oper:update write count],[new write:0]
10-26 20:12:55.690  4840  4840 I chatty  : uid=10125(com.youku.phone) AsyncTask #2 expire 20 lines
10-26 20:12:58.690  4868  4868 I chatty  : uid=10125(com.youku.phone) AsyncTask #5 expire 20 lines
10-26 20:12:58.946  3642  3888 I QiyiKeyManager: (null:-1) KeyUpdateTimer~~ alive
10-26 20:12:59.908 21545 21545 D CrashReport_DropboxScan: add job dropboxuploading
10-26 20:13:01.690  4865  4865 I chatty  : uid=10125(com.youku.phone) AsyncTask #4 expire 20 lines
10-26 20:13:02.122  3331  3525 D JOBS    : pool-2-thread-1: load factor check. false = (4 < 4)|| (4 * 3 < 0 + 0). consumer thread: false
10-26 20:13:02.123  3331 29155 D JOBS    : running job 
10-26 20:13:02.124  3331 29155 V MessageDelivery: (null:-1) monitor status: PingbackTracker{mAccum=159, mAdded=159, mHandled=0, mSended=0, mScheduled=159, mPrepaired=0, mSaves=0, mSaveReal=0, runnable=org.qiyi.android.corejar.pingback.PingbackManager$PingbackTracker$1@3ec969b}
10-26 20:13:02.125  3331 29155 D JOBS    : added job id: -2147478074 class:  priority: 1 delay: 8000 group : GROUPID_PINGBACK_MANGER persistent: false 
10-26 20:13:02.127  3331 29155 D JOBS    : Thread-449: load factor check. false = (4 < 4)|| (4 * 3 < 0 + 1). consumer thread: false
10-26 20:13:02.128  3331 29155 D JOBS    : finished job 
10-26 20:13:03.946  3642  3888 I QiyiKeyManager: (null:-1) KeyUpdateTimer~~ alive
10-26 20:13:04.690  4847  4847 I chatty  : uid=10125(com.youku.phone) AsyncTask #3 expire 20 lines
10-26 20:13:07.690  4826  4826 I chatty  : uid=10125(com.youku.phone) AsyncTask #1 expire 20 lines
10-26 20:13:08.946  3642  3888 I QiyiKeyManager: (null:-1) KeyUpdateTimer~~ alive
10-26 20:13:10.126  3331  3525 D JOBS    : pool-2-thread-1: load factor check. false = (4 < 4)|| (4 * 3 < 1 + 0). consumer thread: false
10-26 20:13:10.128  3331 29156 D JOBS    : running job 
10-26 20:13:10.129  3331 29156 V MessageDelivery: (null:-1) monitor status: PingbackTracker{mAccum=159, mAdded=159, mHandled=0, mSended=0, mScheduled=159, mPrepaired=0, mSaves=0, mSaveReal=0, runnable=org.qiyi.android.corejar.pingback.PingbackManager$PingbackTracker$1@3ec969b}
10-26 20:13:10.130  3331 29156 D JOBS    : added job id: -2147478073 class:  priority: 1 delay: 8000 group : GROUPID_PINGBACK_MANGER persistent: false 
10-26 20:13:10.133  3331 29156 D JOBS    : Thread-450: load factor check. false = (4 < 4)|| (4 * 3 < 0 + 1). consumer thread: false
10-26 20:13:10.133  3331 29156 D JOBS    : finished job 
10-26 20:13:10.690  4840  4840 I chatty  : uid=10125(com.youku.phone) AsyncTask #2 expire 20 lines
10-26 20:13:13.690  4868  4868 I chatty  : uid=10125(com.youku.phone) AsyncTask #5 expire 20 lines
10-26 20:13:13.947  3642  3888 I QiyiKeyManager: (null:-1) KeyUpdateTimer~~ alive
10-26 20:13:16.690  4865  4865 I chatty  : uid=10125(com.youku.phone) AsyncTask #4 expire 20 lines
10-26 20:13:17.713  3642  3865 D JOBS    : Thread-90: load factor check. true = (3 < 4)|| (3 * 3 < 0 + 0). consumer thread: true
10-26 20:13:17.713  3642  3865 D JOBS    : didn't allow me to die, re-running Thread-90
10-26 20:13:17.713  3642  3865 D JOBS    : re-running consumer Thread-90
10-26 20:13:18.132  3331  3525 D JOBS    : pool-2-thread-1: load factor check. false = (4 < 4)|| (4 * 3 < 0 + 0). consumer thread: false
10-26 20:13:18.132  3331  3532 D JOBS    : running job 
10-26 20:13:18.133  3331  3532 V MessageDelivery: (null:-1) monitor status: PingbackTracker{mAccum=159, mAdded=159, mHandled=0, mSended=0, mScheduled=159, mPrepaired=0, mSaves=0, mSaveReal=0, runnable=org.qiyi.android.corejar.pingback.PingbackManager$PingbackTracker$1@3ec969b}
10-26 20:13:18.134  3331  3532 D JOBS    : added job id: -2147478072 class:  priority: 1 delay: 8000 group : GROUPID_PINGBACK_MANGER persistent: false 
10-26 20:13:18.135  3331  3532 D JOBS    : Thread-90: load factor check. false = (4 < 4)|| (4 * 3 < 0 + 1). consumer thread: false
10-26 20:13:18.135  3331  3532 D JOBS    : finished job 
10-26 20:13:18.947  3642  3888 I QiyiKeyManager: (null:-1) KeyUpdateTimer~~ alive
10-26 20:13:19.190 31975 31975 I chatty  : uid=10125(com.youku.phone) CollectAppRunIn expire 20 lines
10-26 20:13:22.690  4826  4826 I chatty  : uid=10125(com.youku.phone) AsyncTask #1 expire 20 lines
10-26 20:13:23.947  3642  3888 I QiyiKeyManager: (null:-1) KeyUpdateTimer~~ alive
10-26 20:13:25.690  4840  4840 I chatty  : uid=10125(com.youku.phone) AsyncTask #2 expire 20 lines
10-26 20:13:26.138  3331  3525 D JOBS    : pool-2-thread-1: load factor check. false = (4 < 4)|| (4 * 3 < 0 + 1). consumer thread: false
10-26 20:13:26.139  3331 29158 D JOBS    : running job 
10-26 20:13:26.140  3331 29158 V MessageDelivery: (null:-1) monitor status: PingbackTracker{mAccum=159, mAdded=159, mHandled=0, mSended=0, mScheduled=159, mPrepaired=0, mSaves=0, mSaveReal=0, runnable=org.qiyi.android.corejar.pingback.PingbackManager$PingbackTracker$1@3ec969b}
10-26 20:13:26.141  3331 29158 D JOBS    : added job id: -2147478071 class:  priority: 1 delay: 8000 group : GROUPID_PINGBACK_MANGER persistent: false 
10-26 20:13:26.144  3331 29158 D JOBS    : Thread-452: load factor check. false = (4 < 4)|| (4 * 3 < 0 + 1). consumer thread: false
10-26 20:13:26.148  3331 29158 D JOBS    : finished job 
10-26 20:13:28.690  4868  4868 I chatty  : uid=10125(com.youku.phone) AsyncTask #5 expire 20 lines
10-26 20:13:28.874  3642  3943 D JOBS    : Thread-101: load factor check. true = (3 < 4)|| (3 * 3 < 0 + 0). consumer thread: true
10-26 20:13:28.874  3642  3943 D JOBS    : didn't allow me to die, re-running Thread-101
10-26 20:13:28.874  3642  3943 D JOBS    : re-running consumer Thread-101
10-26 20:13:28.946  3642  3888 I QiyiKeyManager: (null:-1) KeyUpdateTimer~~ alive
10-26 20:13:31.690  4865  4865 I chatty  : uid=10125(com.youku.phone) AsyncTask #4 expire 20 lines
10-26 20:13:33.946  3642  3888 I QiyiKeyManager: (null:-1) KeyUpdateTimer~~ alive
10-26 20:13:34.142  3331  3525 D JOBS    : pool-2-thread-1: load factor check. false = (4 < 4)|| (4 * 3 < 0 + 0). consumer thread: false
10-26 20:13:34.143  3331 29156 D JOBS    : running job 
10-26 20:13:34.144  3331 29156 V MessageDelivery: (null:-1) monitor status: PingbackTracker{mAccum=159, mAdded=159, mHandled=0, mSended=0, mScheduled=159, mPrepaired=0, mSaves=0, mSaveReal=0, runnable=org.qiyi.android.corejar.pingback.PingbackManager$PingbackTracker$1@3ec969b}
10-26 20:13:34.148  3331 29156 D JOBS    : added job id: -2147478070 class:  priority: 1 delay: 8000 group : GROUPID_PINGBACK_MANGER persistent: false 
10-26 20:13:34.151  3331 29156 D JOBS    : Thread-450: load factor check. false = (4 < 4)|| (4 * 3 < 0 + 1). consumer thread: false
10-26 20:13:34.152  3331 29156 D JOBS    : finished job 
10-26 20:13:34.690  4847  4847 I chatty  : uid=10125(com.youku.phone) AsyncTask #3 expire 8 lines
10-26 20:13:34.690  4847  4847 W com.youku.phone:phone_monitor: type=1400 audit(0.0:2597747): avc: denied { getattr } for comm=4173796E635461736B202333 path="/proc/12" dev="proc" ino=19777 scontext=u:r:untrusted_app:s0:c512,c768 tcontext=u:r:kernel:s0 tclass=dir permissive=0
