10-26 19:56:39.724  1379  1442 I art     : Explicit concurrent mark sweep GC freed 138817(8MB) AllocSpace objects, 58(1424KB) LOS objects, 21% free, 58MB/74MB, paused 1.843ms total 110.201ms
10-26 19:56:39.736  1379  1442 W PackageManager: Couldn't remove dex file for package:  at location /data/app/com.eclipsesource.callv8-2/base.apk, retcode=-1
10-26 19:56:39.736  1379  1442 I ActivityManager: Force stopping com.eclipsesource.callv8 appid=10141 user=0: pkg removed
10-26 19:56:39.737  4708  4708 I art     : System.exit called, status: 0
10-26 19:56:39.756  1379  1379 D JobSchedulerService: Receieved: android.intent.action.PACKAGE_REMOVED
10-26 19:56:39.762 28721 28721 I chatty  : uid=10186 com.qiyi.video:plugin1 expire 17 lines
10-26 19:56:39.762  1379  1604 I InputReader: Reconfiguring input devices.  changes=0x00000010
10-26 19:56:39.777  1379  1604 I InputReader: Reconfiguring input devices.  changes=0x00000010
10-26 19:56:39.778  1379  1604 I InputReader: Reconfiguring input devices.  changes=0x00000010
10-26 19:56:39.782  2575  2575 D CarrierServiceBindHelper: Receive action: android.intent.action.PACKAGE_REMOVED
10-26 19:56:39.803  2575  2575 D CarrierServiceBindHelper: Receive action: android.intent.action.PACKAGE_ADDED
10-26 19:56:39.803  2575  2575 D CarrierServiceBindHelper: Receive action: android.intent.action.PACKAGE_REPLACED
10-26 19:56:39.804  2575  2575 D CarrierServiceBindHelper: mHandler: 3
10-26 19:56:39.804  2575  2575 D CarrierServiceBindHelper: mHandler: 3
10-26 19:56:39.804  2575  2575 D CarrierServiceBindHelper: mHandler: 3
10-26 19:56:39.804  2575  2575 D CarrierConfigLoader: mHandler: 9 phoneId: 0
10-26 19:56:39.807  1379  1772 I ActivityManager: Config changes=2000000 {1.0 460mcc3mnc zh_CN ldltr sw411dp w411dp h705dp 560dpi nrml long port finger -keyb/v/h -nav/h s.17 themeResource=com.smartisanos.theme.default(SmartisanOSDefault)}
10-26 19:56:39.828  1379  1430 W AccessibilityManagerService: Skipping accessibilty service com.cootek.smartinputv5.smartisan/com.cootek.smartinput5.TouchPalAccessibilityService: it does not require the permission android.permission.BIND_ACCESSIBILITY_SERVICE
10-26 19:56:39.909  2490  2490 D RegisteredServicesCache: Intent action: android.intent.action.PACKAGE_REMOVED
10-26 19:56:39.909  2490  2490 D RegisteredServicesCache: Ignoring package intent due to package being replaced.
10-26 19:56:39.957  2490  2490 D RegisteredServicesCache: Intent action: android.intent.action.PACKAGE_ADDED
10-26 19:56:39.957  2490  2490 D RegisteredServicesCache: Ignoring package intent due to package being replaced.
10-26 19:56:39.957  2490  2490 D RegisteredServicesCache: Intent action: android.intent.action.PACKAGE_REPLACED
10-26 19:56:39.957  1379  1430 D ActivityThread: new loadedapk for com.android.calendar packageInfo is none
10-26 19:56:39.958  2490  2490 D CardEmulationManager: Current default: null
10-26 19:56:39.958  2490  2490 D CardEmulationManager: No default set, last payment service removed.
10-26 19:56:39.958  2490  2490 D RegisteredAidCache: onServicesUpdated
10-26 19:56:39.958  2490  2490 D RegisteredAidCache: Not updating routing table because NFC is off.
10-26 19:56:39.958  2490  2490 D RegisteredNfcid2Cache: onServicesUpdated
10-26 19:56:39.958  2490  2490 D RegisteredNfcid2Cache: generateAidCacheLocked: mNfcid2Cache size 0
10-26 19:56:39.958  2490  2490 D RegisteredNfcid2Cache: Not updating routing table because NFC is off.
10-26 19:56:39.962  1379  1430 D ActivityThread: new loadedapk for com.android.contacts packageInfo is none
10-26 19:56:39.967  1379  1430 D ActivityThread: new loadedapk for com.smartisanos.quicksearch packageInfo is none
10-26 19:56:39.972  1379  1430 D ActivityThread: new loadedapk for com.android.settings packageInfo is none
10-26 19:56:39.975  1379  1430 D ActivityThread: new loadedapk for com.smartisanos.appstore packageInfo is none
10-26 19:56:39.976  1379  1430 D ActivityThread: new loadedapk for com.android.email packageInfo is none
10-26 19:56:39.978  1379  1430 D ActivityThread: new loadedapk for com.smartisanos.music packageInfo is none
10-26 19:56:39.979  1379  1430 D ActivityThread: new loadedapk for com.smartisanos.notes packageInfo is none
10-26 19:56:39.981  1379  1430 D ActivityThread: new loadedapk for com.youku.phone packageInfo is none
10-26 19:56:39.982  1379  1430 D ActivityThread: new loadedapk for com.android.browser packageInfo is none
10-26 19:56:39.982  1379  1430 W Searchables: No web search activity found
10-26 19:56:39.983  1965  1965 E PackageActionReceiver: ACTION_PACKAGE_REMOVED
10-26 19:56:39.987  1379  1430 W Searchables: No web search activity found
10-26 19:56:39.988  3331  3331 I chatty  : uid=10186(com.qiyi.video) expire 22 lines
10-26 19:56:39.993  5536  5536 E PackageActionReceiver: ACTION_PACKAGE_REMOVED
10-26 19:56:40.025  3642  3642 I chatty  : uid=10186 com.qiyi.video:downloader expire 1 line
10-26 19:56:40.029 32126 32126 W ContextImpl: Calling a method in the system process without a qualified user: android.app.ContextImpl.startService:1236 android.content.ContextWrapper.startService:583 android.content.ContextWrapper.startService:583 com.android.keychain.KeyChainBroadcastReceiver.onReceive:12 android.app.ActivityThread.handleReceiver:2824 
10-26 19:56:40.041  2824  2824 W System.err: java.lang.NullPointerException: Attempt to invoke virtual method 'android.content.Context android.content.Context.getApplicationContext()' on a null object reference
10-26 19:56:40.041  2824  2824 W System.err: 	at tmsdk.common.TMSDKContext.getApplicaionContext(Unknown Source)
10-26 19:56:40.041  2824  2824 W System.err: 	at tmsdk.fg.creator.ManagerCreatorF.hk(Unknown Source)
10-26 19:56:40.041  2824  2824 W System.err: 	at tmsdk.fg.creator.ManagerCreatorF.getManager(Unknown Source)
10-26 19:56:40.041  2824  2824 W System.err: 	at com.smartisanos.datausage.BootCompletedReceiver.a(BootCompletedReceiver.java:54)
10-26 19:56:40.041  2824  2824 W System.err: 	at com.smartisanos.datausage.BootCompletedReceiver.doOnRecv(BootCompletedReceiver.java:27)
10-26 19:56:40.041  2824  2824 W System.err: 	at tmsdkobf.fi.onReceive(Unknown Source)
10-26 19:56:40.041  2824  2824 W System.err: 	at android.app.ActivityThread.handleReceiver(ActivityThread.java:2824)
10-26 19:56:40.041  2824  2824 W System.err: 	at android.app.ActivityThread.access$1800(ActivityThread.java:160)
10-26 19:56:40.041  2824  2824 W System.err: 	at android.app.ActivityThread$H.handleMessage(ActivityThread.java:1492)
10-26 19:56:40.041  2824  2824 W System.err: 	at android.os.Handler.dispatchMessage(Handler.java:102)
10-26 19:56:40.041  2824  2824 W System.err: 	at android.os.Looper.loop(Looper.java:148)
10-26 19:56:40.041  2824  2824 W System.err: 	at android.app.ActivityThread.main(ActivityThread.java:5547)
10-26 19:56:40.041  2824  2824 W System.err: 	at java.lang.reflect.Method.invoke(Native Method)
10-26 19:56:40.041  2824  2824 W System.err: 	at com.android.internal.os.ZygoteInit$MethodAndArgsCaller.run(ZygoteInit.java:935)
10-26 19:56:40.041  2824  2824 W System.err: 	at com.android.internal.os.ZygoteInit.main(ZygoteInit.java:726)
10-26 19:56:40.087  2519  5606 W System.err: org.json.JSONException: Value [] at body of type org.json.JSONArray cannot be converted to JSONObject
10-26 19:56:40.088  2519  5606 W System.err: 	at org.json.JSON.typeMismatch(JSON.java:100)
10-26 19:56:40.088  2519  5606 W System.err: 	at org.json.JSONObject.getJSONObject(JSONObject.java:613)
10-26 19:56:40.088  2519  5606 W System.err: 	at com.smartisanos.expandservice.launcher.service.LauncherService.syncCategoryFromServer(LauncherService.java:312)
10-26 19:56:40.088  2519  5606 W System.err: 	at com.smartisanos.expandservice.launcher.service.LauncherService.handle_SYNC_APP_CATEGORY_BY_PACKAGE(LauncherService.java:336)
10-26 19:56:40.088  2519  5606 W System.err: 	at com.smartisanos.expandservice.launcher.service.LauncherService.handleAction(LauncherService.java:167)
10-26 19:56:40.088  2519  5606 W System.err: 	at com.smartisanos.expandservice.launcher.service.LauncherService.access$000(LauncherService.java:39)
10-26 19:56:40.088  2519  5606 W System.err: 	at com.smartisanos.expandservice.launcher.service.LauncherService$1.handleMessage(LauncherService.java:137)
10-26 19:56:40.088  2519  5606 W System.err: 	at android.os.Handler.dispatchMessage(Handler.java:102)
10-26 19:56:40.088  2519  5606 W System.err: 	at android.os.Looper.loop(Looper.java:148)
10-26 19:56:40.088  2519  5606 W System.err: 	at android.os.HandlerThread.run(HandlerThread.java:61)
10-26 19:56:40.155  4739  4739 E cutils-trace: Error opening trace file: No such file or directory (2)
10-26 19:56:40.168  4739  4739 I art     : map image_filename=/data/dalvik-cache/arm64/system@framework@boot.art (0x6ff8f000,14368768) success
10-26 19:56:40.168  4739  4739 I art     : image_map image_filename=/data/dalvik-cache/arm64/system@framework@boot.art (0x6ff8f000,14368768) success
10-26 19:56:40.169  4739  4739 E art     : Failed to dlopen: Failed to find oatdata symbol at expected address: oatdata=0x7faba09000 != expected=0x70d44000, /data/dalvik-cache/arm64/system@framework@boot.oat. See process maps in the log.
10-26 19:56:40.188  4739  4739 D ICU     : No timezone override file found: /data/misc/zoneinfo/current/icu/icu_tzdata.dat
10-26 19:56:40.193  4739  4739 E art     : Failed to dlopen: Failed to find absolute path for '/data/dalvik-cache/arm64/system@framework@am.jar@classes.dex'
10-26 19:56:40.197  4739  4739 V AndroidRuntime: --- registering native functions ---
10-26 19:56:40.207  4739  4739 I Radio-JNI: register_android_hardware_Radio DONE
10-26 19:56:40.227  1379  2573 I ActivityManager: START u0 {act=android.intent.action.MAIN cat=[android.intent.category.LAUNCHER] flg=0x10000000 cmp=com.eclipsesource.callv8/.MainActivity} from uid 2000 on display 0
10-26 19:56:40.228  1379  2573 D ActivityThread: new loadedapk for com.eclipsesource.callv8 packageInfo is none
10-26 19:56:40.229  3182  3189 E ANDR-PERF-OPTSHANDLER: freq is change to 2342400
10-26 19:56:40.230  1379  2573 I ANDR-IOP: IOP pkg_name = com.eclipsesource.callv8 PID = -1
10-26 19:56:40.230  1379  2573 I ANDR-IOP: IOP CMD_ENCODE send -4 1
10-26 19:56:40.230  3158  3164 E ANDR-IOP_CAP:  stop_capture ENTER 
10-26 19:56:40.231  3158  3164 E ANDR-IOP_CAP:  stop_capture EXIT 
10-26 19:56:40.231  3158  3164 I ANDR-IOP_PB: Stop Playback 
10-26 19:56:40.231  3158  3164 E ANDR-IOP_PB:  start_playback-1 
10-26 19:56:40.231  3158  3164 I ANDR-IOP_PB:   0
10-26 19:56:40.231  3158  3164 I ANDR-IOP_PB: Exit start_capture
10-26 19:56:40.231  3158  4757 I ANDR-IOP_PB: pkg_name = com.eclipsesource.callv8
10-26 19:56:40.231  3158  4757 I ANDR-IOP_DB: 
10-26 19:56:40.231  3158  4757 I ANDR-IOP_DB:  query = SELECT * FROM io_pkg_file_tbl   WHERE pkg_name = 'com.eclipsesource.callv8'   ORDER BY file_time_stamp ASC
10-26 19:56:40.231  3158  4757 I ANDR-IOP_DB: get_file_list_cb filename = /system/framework/framework-res.apk 
10-26 19:56:40.231  3158  4757 I ANDR-IOP_DB: file_info->file_list[file_info->counter].file_name filename = /system/framework/framework-res.apk 
10-26 19:56:40.231  3158  4757 I ANDR-IOP_DB: get_file_list_cb filename = /system/framework/framework-smartisanos-res/framework-smartisanos-res.apk 
10-26 19:56:40.231  3158  4757 I ANDR-IOP_DB: file_info->file_list[file_info->counter].file_name filename = /system/framework/framework-smartisanos-res/framework-smartisanos-res.apk 
10-26 19:56:40.231  3158  4757 I ANDR-IOP_DB: get_file_list_cb filename = /system/app/SmartisanOSThemeDefault/SmartisanOSThemeDefault.apk 
10-26 19:56:40.231  3158  4757 I ANDR-IOP_DB: file_info->file_list[file_info->counter].file_name filename = /system/app/SmartisanOSThemeDefault/SmartisanOSThemeDefault.apk 
10-26 19:56:40.231  3158  4757 I ANDR-IOP_DB: get_file_list_cb filename = /system/app/SmartisanOSThemeThirdApp/SmartisanOSThemeThirdApp.apk 
10-26 19:56:40.231  3158  4757 I ANDR-IOP_DB: file_info->file_list[file_info->counter].file_name filename = /system/app/SmartisanOSThemeThirdApp/SmartisanOSThemeThirdApp.apk 
10-26 19:56:40.231  3158  4757 I ANDR-IOP_DB: get_file_list_cb filename = /data/app/com.eclipsesource.callv8-2/base.apk 
10-26 19:56:40.231  3158  4757 I ANDR-IOP_DB: file_info->file_list[file_info->counter].file_name filename = /data/app/com.eclipsesource.callv8-2/base.apk 
10-26 19:56:40.231  3158  4757 I ANDR-IOP_DB: get_file_list_cb filename = /data/app/com.eclipsesource.callv8-2/lib/arm/libj2v8.so 
10-26 19:56:40.231  3158  4757 I ANDR-IOP_DB: file_info->file_list[file_info->counter].file_name filename = /data/app/com.eclipsesource.callv8-2/lib/arm/libj2v8.so 
10-26 19:56:40.231  3158  4757 I ANDR-IOP_PB: num_of_files = 6
10-26 19:56:40.231  3158  4757 I ANDR-IOP_PB: 0. mapping file /system/framework/framework-res.apk pages = 4194 size = 17178140 
10-26 19:56:40.237  3158  4757 I ANDR-IOP_PB: 1. mapping file /system/framework/framework-smartisanos-res/framework-smartisanos-res.apk pages = 1473 size = 6030046 
10-26 19:56:40.240  3158  4757 I ANDR-IOP_PB: 2. mapping file /system/app/SmartisanOSThemeDefault/SmartisanOSThemeDefault.apk pages = 2 size = 5646 
10-26 19:56:40.240  3158  4757 I ANDR-IOP_PB: 3. mapping file /system/app/SmartisanOSThemeThirdApp/SmartisanOSThemeThirdApp.apk pages = 18 size = 70146 
10-26 19:56:40.240  3158  4757 I ANDR-IOP_DB: 
10-26 19:56:40.240  3158  4757 I ANDR-IOP_DB:  Query = UPDATE io_pkg_file_tbl   SET mark_for_delete = 1  WHERE pkg_name = 'com.eclipsesource.callv8'  AND (file_name = '/data/app/com.eclipsesource.callv8-2/base.apk')
10-26 19:56:40.250  1379  1436 I IgnoreTouchEvent: ignoreTouchEvent onWindowAttached
10-26 19:56:40.253  1379  1926 I ANDR-IOP: IOP pkg_name = com.eclipsesource.callv8 PID = 4758
10-26 19:56:40.253  1379  1926 I ANDR-IOP: IOP CMD_ENCODE send -4 1
10-26 19:56:40.254  1379  1926 I ActivityManager: Start proc 4758:com.eclipsesource.callv8/u0a141 for activity com.eclipsesource.callv8/.MainActivity
10-26 19:56:40.254  4758  4758 I art     : Late-enabling -Xcheck:jni
10-26 19:56:40.254  4758  4758 I art     : setting RLIM to infinity for process 4758
10-26 19:56:40.254  3158  3164 E ANDR-IOP_CAP:  stop_capture ENTER 
10-26 19:56:40.254  3158  3164 E ANDR-IOP_CAP:  stop_capture EXIT 
10-26 19:56:40.254  3158  3164 E ANDR-IOP_CAP:  start_capture ENTER 
10-26 19:56:40.254  3158  3164 I ANDR-IOP_CAP: 4758 com.eclipsesource.callv8 24
10-26 19:56:40.254  3158  3164 I ANDR-IOP_CAP: 4758 com.eclipsesource.callv8 24
10-26 19:56:40.254  3158  3164 I ANDR-IOP_CAP: property = 50
10-26 19:56:40.254  3158  3164 I ANDR-IOP_CAP: start_capture EXIT
10-26 19:56:40.254  3158  4763 I ANDR-IOP_CAP: pkg_name  = com.eclipsesource.callv8
10-26 19:56:40.254  3158  4763 I ANDR-IOP_CAP: Getting snapshot 4758
10-26 19:56:40.254  3158  4763 I ANDR-IOP_CAP: Dirname = /proc/4758/fd MAX_PATH = 4096
10-26 19:56:40.254  3158  4763 I ANDR-IOP_CAP: get_snapshot Enter dp = 0x7f8a8ae000
10-26 19:56:40.254  3158  4763 I ANDR-IOP_CAP: dp = -1970610176
10-26 19:56:40.254  3158  4763 I ANDR-IOP_CAP: file is in filter list /dev/null
10-26 19:56:40.254  3158  4763 I ANDR-IOP_CAP: file is in filter list /dev/null
10-26 19:56:40.255  3158  4763 I ANDR-IOP_CAP: file is in filter list /dev/null
10-26 19:56:40.255  3158  4763 I ANDR-IOP_CAP: file is in filter list /system/framework/core-libart.jar
10-26 19:56:40.255  3158  4763 I ANDR-IOP_CAP: file is in filter list /dev/urandom
10-26 19:56:40.255  3158  4763 I ANDR-IOP_CAP: file is in filter list /dev/__properties__
10-26 19:56:40.255  3158  4763 I ANDR-IOP_CAP: file is in filter list /dev/null
10-26 19:56:40.255  3158  4763 I ANDR-IOP_CAP: file is in filter list /dev/null
10-26 19:56:40.255  3158  4763 I ANDR-IOP_CAP: file is in filter list /dev/cpuctl/tasks
10-26 19:56:40.255  3158  4763 I ANDR-IOP_CAP: file is in filter list /dev/cpuctl/bg_non_interactive/tasks
10-26 19:56:40.255  3158  4763 I ANDR-IOP_CAP: file is in filter list /dev/cpuctl/bg_3rd_app/tasks
10-26 19:56:40.255  3158  4763 I ANDR-IOP_CAP: get_snapshot Exit dp = 0x7f8a8ae000
10-26 19:56:40.269  3158  4757 I ANDR-IOP_DB: 
10-26 19:56:40.269  3158  4757 I ANDR-IOP_DB:  Query = UPDATE io_pkg_file_tbl   SET mark_for_delete = 1  WHERE pkg_name = 'com.eclipsesource.callv8'  AND (file_name = '/data/app/com.eclipsesource.callv8-2/lib/arm/libj2v8.so')
10-26 19:56:40.277  4758  4766 I art     : Debugger is no longer active
10-26 19:56:40.282  4758  4758 D ActivityThread: new loadedapk for com.eclipsesource.callv8 packageInfo is none
10-26 19:56:40.283  3158  4757 I ANDR-IOP_PB:  Total Data = 23293952
10-26 19:56:40.288  1965  1965 E PackageActionReceiver: ACTION_PACKAGE_ADDED
10-26 19:56:40.292  5536  5536 E PackageActionReceiver: ACTION_PACKAGE_ADDED
10-26 19:56:40.300  4758  4758 E art     : Failed to dlopen: Failed to find absolute path for '/data/dalvik-cache/arm/data@app@com.eclipsesource.callv8-1@base.apk@classes.dex'
10-26 19:56:40.303  4758  4758 I System  : Daemon delayGCRequest, sDelayGCRequest=false, delay=true, sPendingGCRequest=false
10-26 19:56:40.305  3158  4763 I ANDR-IOP_CAP: Getting snapshot 4758
10-26 19:56:40.305  3158  4763 I ANDR-IOP_CAP: Dirname = /proc/4758/fd MAX_PATH = 4096
10-26 19:56:40.305  3158  4763 I ANDR-IOP_CAP: get_snapshot Enter dp = 0x7f8a8ae000
10-26 19:56:40.305  3158  4763 I ANDR-IOP_CAP: dp = -1970610176
10-26 19:56:40.305  3158  4763 I ANDR-IOP_CAP: file is in filter list /dev/null
10-26 19:56:40.305  3158  4763 I ANDR-IOP_CAP: file is in filter list /dev/null
10-26 19:56:40.305  3158  4763 I ANDR-IOP_CAP: file is in filter list /dev/null
10-26 19:56:40.305  3158  4763 I ANDR-IOP_CAP: file is in filter list /system/framework/core-libart.jar
10-26 19:56:40.305  3158  4763 I ANDR-IOP_CAP: file is in filter list /dev/urandom
10-26 19:56:40.306  3158  4763 I ANDR-IOP_CAP: file is in filter list /dev/__properties__
10-26 19:56:40.306  3158  4763 I ANDR-IOP_CAP: file is in filter list /dev/binder
10-26 19:56:40.306  3158  4763 I ANDR-IOP_CAP: file is in filter list /dev/cpuctl/tasks
10-26 19:56:40.306  3158  4763 I ANDR-IOP_CAP: file is in filter list /dev/cpuctl/bg_non_interactive/tasks
10-26 19:56:40.306  3158  4763 I ANDR-IOP_CAP: file is in filter list /dev/cpuctl/bg_3rd_app/tasks
10-26 19:56:40.306  3158  4763 I ANDR-IOP_CAP: get_snapshot Exit dp = 0x7f8a8ae000
10-26 19:56:40.320  4758  4758 W art     : Before Android 4.1, method android.graphics.PorterDuffColorFilter android.support.graphics.drawable.VectorDrawableCompat.updateTintFilter(android.graphics.PorterDuffColorFilter, android.content.res.ColorStateList, android.graphics.PorterDuff$Mode) would have incorrectly overridden the package-private method in android.graphics.drawable.Drawable
10-26 19:56:40.326  2824  2824 W System.err: java.lang.NullPointerException: Attempt to invoke virtual method 'android.content.Context android.content.Context.getApplicationContext()' on a null object reference
10-26 19:56:40.328  2824  2824 W System.err: 	at tmsdk.common.TMSDKContext.getApplicaionContext(Unknown Source)
10-26 19:56:40.328  2824  2824 W System.err: 	at tmsdk.fg.creator.ManagerCreatorF.hk(Unknown Source)
10-26 19:56:40.328  2824  2824 W System.err: 	at tmsdk.fg.creator.ManagerCreatorF.getManager(Unknown Source)
10-26 19:56:40.328  2824  2824 W System.err: 	at com.smartisanos.datausage.BootCompletedReceiver.a(BootCompletedReceiver.java:54)
10-26 19:56:40.328  2824  2824 W System.err: 	at com.smartisanos.datausage.BootCompletedReceiver.doOnRecv(BootCompletedReceiver.java:29)
10-26 19:56:40.328  2824  2824 W System.err: 	at tmsdkobf.fi.onReceive(Unknown Source)
10-26 19:56:40.328  2824  2824 W System.err: 	at android.app.ActivityThread.handleReceiver(ActivityThread.java:2824)
10-26 19:56:40.328  2824  2824 W System.err: 	at android.app.ActivityThread.access$1800(ActivityThread.java:160)
10-26 19:56:40.328  2824  2824 W System.err: 	at android.app.ActivityThread$H.handleMessage(ActivityThread.java:1492)
10-26 19:56:40.328  2824  2824 W System.err: 	at android.os.Handler.dispatchMessage(Handler.java:102)
10-26 19:56:40.328  2824  2824 W System.err: 	at android.os.Looper.loop(Looper.java:148)
10-26 19:56:40.328  2824  2824 W System.err: 	at android.app.ActivityThread.main(ActivityThread.java:5547)
10-26 19:56:40.328  2824  2824 W System.err: 	at java.lang.reflect.Method.invoke(Native Method)
10-26 19:56:40.328  2824  2824 W System.err: 	at com.android.internal.os.ZygoteInit$MethodAndArgsCaller.run(ZygoteInit.java:935)
10-26 19:56:40.328  2824  2824 W System.err: 	at com.android.internal.os.ZygoteInit.main(ZygoteInit.java:726)
10-26 19:56:40.349  4758  4758 E art     : Failed to dlopen: Failed to find absolute path for '/data/dalvik-cache/arm/system@framework@QPerformance.jar@classes.dex'
10-26 19:56:40.356  3158  4763 I ANDR-IOP_CAP: Getting snapshot 4758
10-26 19:56:40.356  3158  4763 I ANDR-IOP_CAP: Dirname = /proc/4758/fd MAX_PATH = 4096
10-26 19:56:40.356  3158  4763 I ANDR-IOP_CAP: get_snapshot Enter dp = 0x7f8a8ae000
10-26 19:56:40.356  3158  4763 I ANDR-IOP_CAP: dp = -1970610176
10-26 19:56:40.356  3158  4763 I ANDR-IOP_CAP: file is in filter list /dev/null
10-26 19:56:40.356  3158  4763 I ANDR-IOP_CAP: file is in filter list /dev/null
10-26 19:56:40.356  3158  4763 I ANDR-IOP_CAP: file is in filter list /dev/null
10-26 19:56:40.356  3158  4763 I ANDR-IOP_CAP: file is in filter list /system/framework/core-libart.jar
10-26 19:56:40.356  3158  4763 I ANDR-IOP_CAP: file is in filter list /dev/urandom
10-26 19:56:40.356  3158  4763 I ANDR-IOP_CAP: file is in filter list /dev/__properties__
10-26 19:56:40.356  3158  4763 I ANDR-IOP_CAP: file is in filter list /dev/binder
10-26 19:56:40.356  3158  4763 I ANDR-IOP_CAP: file is in filter list /dev/cpuctl/tasks
10-26 19:56:40.356  3158  4763 I ANDR-IOP_CAP: file is in filter list /dev/cpuctl/bg_non_interactive/tasks
10-26 19:56:40.356  3158  4763 I ANDR-IOP_CAP: file is in filter list /dev/cpuctl/bg_3rd_app/tasks
10-26 19:56:40.357  3158  4763 I ANDR-IOP_CAP: get_snapshot Exit dp = 0x7f8a8ae000
10-26 19:56:40.358  2519  5606 W System.err: org.json.JSONException: Value [] at body of type org.json.JSONArray cannot be converted to JSONObject
10-26 19:56:40.358  2519  5606 W System.err: 	at org.json.JSON.typeMismatch(JSON.java:100)
10-26 19:56:40.358  2519  5606 W System.err: 	at org.json.JSONObject.getJSONObject(JSONObject.java:613)
10-26 19:56:40.358  2519  5606 W System.err: 	at com.smartisanos.expandservice.launcher.service.LauncherService.syncCategoryFromServer(LauncherService.java:312)
10-26 19:56:40.358  2519  5606 W System.err: 	at com.smartisanos.expandservice.launcher.service.LauncherService.handle_SYNC_APP_CATEGORY_BY_PACKAGE(LauncherService.java:336)
10-26 19:56:40.358  2519  5606 W System.err: 	at com.smartisanos.expandservice.launcher.service.LauncherService.handleAction(LauncherService.java:167)
10-26 19:56:40.358  2519  5606 W System.err: 	at com.smartisanos.expandservice.launcher.service.LauncherService.access$000(LauncherService.java:39)
10-26 19:56:40.358  2519  5606 W System.err: 	at com.smartisanos.expandservice.launcher.service.LauncherService$1.handleMessage(LauncherService.java:137)
10-26 19:56:40.358  2519  5606 W System.err: 	at android.os.Handler.dispatchMessage(Handler.java:102)
10-26 19:56:40.358  2519  5606 W System.err: 	at android.os.Looper.loop(Looper.java:148)
10-26 19:56:40.358  2519  5606 W System.err: 	at android.os.HandlerThread.run(HandlerThread.java:61)
10-26 19:56:40.366  2694  2919 E SQLiteDatabase: Error inserting mani_md5=3e212e962679428a7a8f10ceea8804e4 sign_md5= pkg_name=com.eclipsesource.callv8 ver_code=1
10-26 19:56:40.366  2694  2919 E SQLiteDatabase: android.database.sqlite.SQLiteConstraintException: UNIQUE constraint failed: qqm_installed_apps.pkg_name (code 2067)
10-26 19:56:40.366  2694  2919 E SQLiteDatabase: 	at android.database.sqlite.SQLiteConnection.nativeExecuteForLastInsertedRowId(Native Method)
10-26 19:56:40.366  2694  2919 E SQLiteDatabase: 	at android.database.sqlite.SQLiteConnection.executeForLastInsertedRowId(SQLiteConnection.java:780)
10-26 19:56:40.366  2694  2919 E SQLiteDatabase: 	at android.database.sqlite.SQLiteSession.executeForLastInsertedRowId(SQLiteSession.java:788)
10-26 19:56:40.366  2694  2919 E SQLiteDatabase: 	at android.database.sqlite.SQLiteStatement.executeInsert(SQLiteStatement.java:86)
10-26 19:56:40.366  2694  2919 E SQLiteDatabase: 	at android.database.sqlite.SQLiteDatabase.insertWithOnConflict(SQLiteDatabase.java:1471)
10-26 19:56:40.366  2694  2919 E SQLiteDatabase: 	at android.database.sqlite.SQLiteDatabase.insert(SQLiteDatabase.java:1341)
10-26 19:56:40.366  2694  2919 E SQLiteDatabase: 	at com.tencent.mtt.external.market.d.e.a(Unknown Source)
10-26 19:56:40.366  2694  2919 E SQLiteDatabase: 	at com.tencent.mtt.external.market.s.a(Unknown Source)
10-26 19:56:40.366  2694  2919 E SQLiteDatabase: 	at com.tencent.mtt.external.market.s.a(Unknown Source)
10-26 19:56:40.366  2694  2919 E SQLiteDatabase: 	at com.tencent.mtt.external.market.m$c.handleMessage(Unknown Source)
10-26 19:56:40.366  2694  2919 E SQLiteDatabase: 	at android.os.Handler.dispatchMessage(Handler.java:102)
10-26 19:56:40.366  2694  2919 E SQLiteDatabase: 	at android.os.Looper.loop(Looper.java:148)
10-26 19:56:40.366  2694  2919 E SQLiteDatabase: 	at android.os.HandlerThread.run(HandlerThread.java:61)
10-26 19:56:40.376  4758  4758 E art     : No implementation found for void com.eclipsesource.v8.V8._setFlags(java.lang.String) (tried Java_com_eclipsesource_v8_V8__1setFlags and Java_com_eclipsesource_v8_V8__1setFlags__Ljava_lang_String_2)
10-26 19:56:40.376  4758  4758 E AndroidRuntime: FATAL EXCEPTION: main
10-26 19:56:40.376  4758  4758 E AndroidRuntime: Process: com.eclipsesource.callv8, PID: 4758
10-26 19:56:40.376  4758  4758 E AndroidRuntime: java.lang.UnsatisfiedLinkError: No implementation found for void com.eclipsesource.v8.V8._setFlags(java.lang.String) (tried Java_com_eclipsesource_v8_V8__1setFlags and Java_com_eclipsesource_v8_V8__1setFlags__Ljava_lang_String_2)
10-26 19:56:40.376  4758  4758 E AndroidRuntime: 	at com.eclipsesource.v8.V8._setFlags(Native Method)
10-26 19:56:40.376  4758  4758 E AndroidRuntime: 	at com.eclipsesource.v8.V8.createV8Runtime(V8.java:155)
10-26 19:56:40.376  4758  4758 E AndroidRuntime: 	at com.eclipsesource.v8.V8.createV8Runtime(V8.java:114)
10-26 19:56:40.376  4758  4758 E AndroidRuntime: 	at com.eclipsesource.callv8.MainActivity.onCreate(MainActivity.java:17)
10-26 19:56:40.376  4758  4758 E AndroidRuntime: 	at android.app.Activity.performCreate(Activity.java:6433)
10-26 19:56:40.376  4758  4758 E AndroidRuntime: 	at android.app.Instrumentation.callActivityOnCreate(Instrumentation.java:1108)
10-26 19:56:40.376  4758  4758 E AndroidRuntime: 	at android.app.ActivityThread.performLaunchActivity(ActivityThread.java:2457)
10-26 19:56:40.376  4758  4758 E AndroidRuntime: 	at android.app.ActivityThread.handleLaunchActivity(ActivityThread.java:2575)
10-26 19:56:40.376  4758  4758 E AndroidRuntime: 	at android.app.ActivityThread.access$900(ActivityThread.java:160)
10-26 19:56:40.376  4758  4758 E AndroidRuntime: 	at android.app.ActivityThread$H.handleMessage(ActivityThread.java:1415)
10-26 19:56:40.376  4758  4758 E AndroidRuntime: 	at android.os.Handler.dispatchMessage(Handler.java:102)
10-26 19:56:40.376  4758  4758 E AndroidRuntime: 	at android.os.Looper.loop(Looper.java:148)
10-26 19:56:40.376  4758  4758 E AndroidRuntime: 	at android.app.ActivityThread.main(ActivityThread.java:5547)
10-26 19:56:40.376  4758  4758 E AndroidRuntime: 	at java.lang.reflect.Method.invoke(Native Method)
10-26 19:56:40.376  4758  4758 E AndroidRuntime: 	at com.android.internal.os.ZygoteInit$MethodAndArgsCaller.run(ZygoteInit.java:935)
10-26 19:56:40.376  4758  4758 E AndroidRuntime: 	at com.android.internal.os.ZygoteInit.main(ZygoteInit.java:726)
10-26 19:56:40.377  1379  2499 W ActivityManager:   Force finishing activity com.eclipsesource.callv8/.MainActivity
10-26 19:56:40.398  1379  1432 W ActivityManager: Skipping crash dialog of ProcessRecord{4e95b43 4758:com.eclipsesource.callv8/u0a141}: background
10-26 19:56:40.399  4758  4758 I Process : killProcess pid=4758
10-26 19:56:40.399  4758  4758 I Process : java.lang.RuntimeException
10-26 19:56:40.399  4758  4758 I Process : 	at android.os.Process.killProcess(Process.java:1136)
10-26 19:56:40.399  4758  4758 I Process : 	at com.android.internal.os.RuntimeInit$UncaughtHandler.uncaughtException(RuntimeInit.java:100)
10-26 19:56:40.399  4758  4758 I Process : 	at java.lang.ThreadGroup.uncaughtException(ThreadGroup.java:693)
10-26 19:56:40.399  4758  4758 I Process : 	at java.lang.ThreadGroup.uncaughtException(ThreadGroup.java:690)
10-26 19:56:40.399  4758  4758 I Process : Sending signal. PID: 4758 SIG: 9
10-26 19:56:40.407  3158  4763 I ANDR-IOP_CAP: Getting snapshot 4758
10-26 19:56:40.407  3158  4763 I ANDR-IOP_CAP: Dirname = /proc/4758/fd MAX_PATH = 4096
10-26 19:56:40.407  3158  4763 I ANDR-IOP_CAP: get_snapshot Enter dp = 0x7f8a8ae000
10-26 19:56:40.407  3158  4763 I ANDR-IOP_CAP: dp = -1970610176
10-26 19:56:40.407  3158  4763 I ANDR-IOP_CAP: get_snapshot Exit dp = 0x7f8a8ae000
10-26 19:56:40.416  1379  1411 I ActivityManager: Process com.eclipsesource.callv8 (pid 4758) has died
10-26 19:56:40.416  1379  1411 D ActivityManager: cleanUpApplicationRecord -- 4758
10-26 19:56:40.416  1379  1436 I IgnoreTouchEvent: ignoreTouchEvent onWindowDetached
10-26 19:56:40.440  3182  3189 E ANDR-PERF-OPTSHANDLER: freq is change to 0
10-26 19:56:40.455  1379  2584 W InputMethodManagerService: Window already focused, ignoring focus gain of: com.android.internal.view.IInputMethodClient$Stub$Proxy@eded2f9 attribute=null, token = android.os.BinderProxy@748415b
10-26 19:56:40.457  3158  4763 I ANDR-IOP_CAP: Getting snapshot 4758
10-26 19:56:40.457  3158  4763 I ANDR-IOP_CAP: Dirname = /proc/4758/fd MAX_PATH = 4096
10-26 19:56:40.457  3158  4763 I ANDR-IOP_CAP: get_snapshot Enter dp = 0x0
10-26 19:56:40.457  3158  4763 I ANDR-IOP_CAP: dp = 0
10-26 19:56:40.507  3158  4763 I ANDR-IOP_CAP: Getting snapshot 4758
10-26 19:56:40.507  3158  4763 I ANDR-IOP_CAP: Dirname = /proc/4758/fd MAX_PATH = 4096
10-26 19:56:40.507  3158  4763 I ANDR-IOP_CAP: get_snapshot Enter dp = 0x0
10-26 19:56:40.507  3158  4763 I ANDR-IOP_CAP: dp = 0
10-26 19:56:40.524  4840  4840 I chatty  : uid=10125(com.youku.phone) AsyncTask #2 expire 20 lines
10-26 19:56:40.557  3158  4763 I ANDR-IOP_CAP: Getting snapshot 4758
10-26 19:56:40.558  3158  4763 I ANDR-IOP_CAP: Dirname = /proc/4758/fd MAX_PATH = 4096
10-26 19:56:40.558  3158  4763 I ANDR-IOP_CAP: get_snapshot Enter dp = 0x0
10-26 19:56:40.558  3158  4763 I ANDR-IOP_CAP: dp = 0
10-26 19:56:40.608  3158  4763 I ANDR-IOP_CAP: Getting snapshot 4758
10-26 19:56:40.608  3158  4763 I ANDR-IOP_CAP: Dirname = /proc/4758/fd MAX_PATH = 4096
10-26 19:56:40.608  3158  4763 I ANDR-IOP_CAP: get_snapshot Enter dp = 0x0
10-26 19:56:40.608  3158  4763 I ANDR-IOP_CAP: dp = 0
10-26 19:56:40.658  3158  4763 I ANDR-IOP_CAP: Getting snapshot 4758
10-26 19:56:40.658  3158  4763 I ANDR-IOP_CAP: Dirname = /proc/4758/fd MAX_PATH = 4096
10-26 19:56:40.658  3158  4763 I ANDR-IOP_CAP: get_snapshot Enter dp = 0x0
10-26 19:56:40.659  3158  4763 I ANDR-IOP_CAP: dp = 0
10-26 19:56:40.709  3158  4763 I ANDR-IOP_CAP: Getting snapshot 4758
10-26 19:56:40.709  3158  4763 I ANDR-IOP_CAP: Dirname = /proc/4758/fd MAX_PATH = 4096
10-26 19:56:40.709  3158  4763 I ANDR-IOP_CAP: get_snapshot Enter dp = 0x0
10-26 19:56:40.709  3158  4763 I ANDR-IOP_CAP: dp = 0
10-26 19:56:40.759  3158  4763 I ANDR-IOP_CAP: Getting snapshot 4758
10-26 19:56:40.759  3158  4763 I ANDR-IOP_CAP: Dirname = /proc/4758/fd MAX_PATH = 4096
10-26 19:56:40.759  3158  4763 I ANDR-IOP_CAP: get_snapshot Enter dp = 0x0
10-26 19:56:40.759  3158  4763 I ANDR-IOP_CAP: dp = 0
10-26 19:56:40.779  2587  2587 E PILLS   : ActivityResumedReceiver : Constants.WINDOW_READY false ! abandon action android.intent.action.ACTIVITY_RESUMED
10-26 19:56:40.788  2587  2587 E PILLS   : ActivityResumedReceiver : Constants.WINDOW_READY false ! abandon action android.intent.action.ACTIVITY_RESUMED
10-26 19:56:40.810  3158  4763 I ANDR-IOP_CAP: Getting snapshot 4758
10-26 19:56:40.810  3158  4763 I ANDR-IOP_CAP: Dirname = /proc/4758/fd MAX_PATH = 4096
10-26 19:56:40.810  3158  4763 I ANDR-IOP_CAP: get_snapshot Enter dp = 0x0
10-26 19:56:40.810  3158  4763 I ANDR-IOP_CAP: dp = 0
10-26 19:56:40.860  3158  4763 I ANDR-IOP_CAP: Getting snapshot 4758
10-26 19:56:40.860  3158  4763 I ANDR-IOP_CAP: Dirname = /proc/4758/fd MAX_PATH = 4096
10-26 19:56:40.860  3158  4763 I ANDR-IOP_CAP: get_snapshot Enter dp = 0x0
10-26 19:56:40.860  3158  4763 I ANDR-IOP_CAP: dp = 0
10-26 19:56:40.910  3158  4763 I ANDR-IOP_CAP: Getting snapshot 4758
10-26 19:56:40.910  3158  4763 I ANDR-IOP_CAP: Dirname = /proc/4758/fd MAX_PATH = 4096
10-26 19:56:40.910  3158  4763 I ANDR-IOP_CAP: get_snapshot Enter dp = 0x0
10-26 19:56:40.910  3158  4763 I ANDR-IOP_CAP: dp = 0
10-26 19:56:40.930  2601  2955 E NewLauncher: DatabaseHandler : DEBUG : handleEventUpdateIcon update icon for id [87]
10-26 19:56:40.930  2601  2955 E NewLauncher: DatabaseHandler : DEBUG : itmeInfoList size ==> 1
10-26 19:56:40.960  3158  4763 I ANDR-IOP_CAP: Getting snapshot 4758
10-26 19:56:40.960  3158  4763 I ANDR-IOP_CAP: Dirname = /proc/4758/fd MAX_PATH = 4096
10-26 19:56:40.960  3158  4763 I ANDR-IOP_CAP: get_snapshot Enter dp = 0x0
10-26 19:56:40.960  3158  4763 I ANDR-IOP_CAP: dp = 0
10-26 19:56:41.011  3158  4763 I ANDR-IOP_CAP: Getting snapshot 4758
10-26 19:56:41.011  3158  4763 I ANDR-IOP_CAP: Dirname = /proc/4758/fd MAX_PATH = 4096
10-26 19:56:41.011  3158  4763 I ANDR-IOP_CAP: get_snapshot Enter dp = 0x0
10-26 19:56:41.011  3158  4763 I ANDR-IOP_CAP: dp = 0
10-26 19:56:41.061  3158  4763 I ANDR-IOP_CAP: Getting snapshot 4758
10-26 19:56:41.062  3158  4763 I ANDR-IOP_CAP: Dirname = /proc/4758/fd MAX_PATH = 4096
10-26 19:56:41.062  3158  4763 I ANDR-IOP_CAP: get_snapshot Enter dp = 0x0
10-26 19:56:41.062  3158  4763 I ANDR-IOP_CAP: dp = 0
10-26 19:56:41.112  3158  4763 I ANDR-IOP_CAP: Getting snapshot 4758
10-26 19:56:41.112  3158  4763 I ANDR-IOP_CAP: Dirname = /proc/4758/fd MAX_PATH = 4096
10-26 19:56:41.113  3158  4763 I ANDR-IOP_CAP: get_snapshot Enter dp = 0x0
10-26 19:56:41.113  3158  4763 I ANDR-IOP_CAP: dp = 0
10-26 19:56:41.163  3158  4763 I ANDR-IOP_CAP: Getting snapshot 4758
10-26 19:56:41.163  3158  4763 I ANDR-IOP_CAP: Dirname = /proc/4758/fd MAX_PATH = 4096
10-26 19:56:41.163  3158  4763 I ANDR-IOP_CAP: get_snapshot Enter dp = 0x0
10-26 19:56:41.163  3158  4763 I ANDR-IOP_CAP: dp = 0
10-26 19:56:41.213  3158  4763 I ANDR-IOP_CAP: Getting snapshot 4758
10-26 19:56:41.214  3158  4763 I ANDR-IOP_CAP: Dirname = /proc/4758/fd MAX_PATH = 4096
10-26 19:56:41.214  3158  4763 I ANDR-IOP_CAP: get_snapshot Enter dp = 0x0
10-26 19:56:41.214  3158  4763 I ANDR-IOP_CAP: dp = 0
10-26 19:56:41.264  3158  4763 I ANDR-IOP_CAP: Getting snapshot 4758
10-26 19:56:41.264  3158  4763 I ANDR-IOP_CAP: Dirname = /proc/4758/fd MAX_PATH = 4096
10-26 19:56:41.264  3158  4763 I ANDR-IOP_CAP: get_snapshot Enter dp = 0x0
10-26 19:56:41.264  3158  4763 I ANDR-IOP_CAP: dp = 0
10-26 19:56:41.315  3158  4763 I ANDR-IOP_CAP: Getting snapshot 4758
10-26 19:56:41.315  3158  4763 I ANDR-IOP_CAP: Dirname = /proc/4758/fd MAX_PATH = 4096
10-26 19:56:41.315  3158  4763 I ANDR-IOP_CAP: get_snapshot Enter dp = 0x0
10-26 19:56:41.315  3158  4763 I ANDR-IOP_CAP: dp = 0
10-26 19:56:41.366  3158  4763 I ANDR-IOP_CAP: Getting snapshot 4758
10-26 19:56:41.366  3158  4763 I ANDR-IOP_CAP: Dirname = /proc/4758/fd MAX_PATH = 4096
10-26 19:56:41.366  3158  4763 I ANDR-IOP_CAP: get_snapshot Enter dp = 0x0
10-26 19:56:41.366  3158  4763 I ANDR-IOP_CAP: dp = 0
10-26 19:56:41.416  3158  4763 I ANDR-IOP_CAP: Getting snapshot 4758
10-26 19:56:41.416  3158  4763 I ANDR-IOP_CAP: Dirname = /proc/4758/fd MAX_PATH = 4096
10-26 19:56:41.416  3158  4763 I ANDR-IOP_CAP: get_snapshot Enter dp = 0x0
10-26 19:56:41.417  3158  4763 I ANDR-IOP_CAP: dp = 0
10-26 19:56:41.467  3158  4763 I ANDR-IOP_CAP: Getting snapshot 4758
10-26 19:56:41.467  3158  4763 I ANDR-IOP_CAP: Dirname = /proc/4758/fd MAX_PATH = 4096
10-26 19:56:41.467  3158  4763 I ANDR-IOP_CAP: get_snapshot Enter dp = 0x0
10-26 19:56:41.467  3158  4763 I ANDR-IOP_CAP: dp = 0
10-26 19:56:41.518  3158  4763 I ANDR-IOP_CAP: Getting snapshot 4758
10-26 19:56:41.518  3158  4763 I ANDR-IOP_CAP: Dirname = /proc/4758/fd MAX_PATH = 4096
10-26 19:56:41.518  3158  4763 I ANDR-IOP_CAP: get_snapshot Enter dp = 0x0
10-26 19:56:41.518  3158  4763 I ANDR-IOP_CAP: dp = 0
10-26 19:56:41.568  3158  4763 I ANDR-IOP_CAP: Getting snapshot 4758
10-26 19:56:41.568  3158  4763 I ANDR-IOP_CAP: Dirname = /proc/4758/fd MAX_PATH = 4096
10-26 19:56:41.569  3158  4763 I ANDR-IOP_CAP: get_snapshot Enter dp = 0x0
10-26 19:56:41.569  3158  4763 I ANDR-IOP_CAP: dp = 0
10-26 19:56:41.619  3158  4763 I ANDR-IOP_CAP: Getting snapshot 4758
10-26 19:56:41.619  3158  4763 I ANDR-IOP_CAP: Dirname = /proc/4758/fd MAX_PATH = 4096
10-26 19:56:41.619  3158  4763 I ANDR-IOP_CAP: get_snapshot Enter dp = 0x0
10-26 19:56:41.619  3158  4763 I ANDR-IOP_CAP: dp = 0
10-26 19:56:41.669  3158  4763 I ANDR-IOP_CAP: Getting snapshot 4758
10-26 19:56:41.669  3158  4763 I ANDR-IOP_CAP: Dirname = /proc/4758/fd MAX_PATH = 4096
10-26 19:56:41.669  3158  4763 I ANDR-IOP_CAP: get_snapshot Enter dp = 0x0
10-26 19:56:41.669  3158  4763 I ANDR-IOP_CAP: dp = 0
10-26 19:56:41.720  3158  4763 I ANDR-IOP_CAP: Getting snapshot 4758
10-26 19:56:41.720  3158  4763 I ANDR-IOP_CAP: Dirname = /proc/4758/fd MAX_PATH = 4096
10-26 19:56:41.720  3158  4763 I ANDR-IOP_CAP: get_snapshot Enter dp = 0x0
10-26 19:56:41.720  3158  4763 I ANDR-IOP_CAP: dp = 0
10-26 19:56:41.770  3158  4763 I ANDR-IOP_CAP: Getting snapshot 4758
10-26 19:56:41.770  3158  4763 I ANDR-IOP_CAP: Dirname = /proc/4758/fd MAX_PATH = 4096
10-26 19:56:41.771  3158  4763 I ANDR-IOP_CAP: get_snapshot Enter dp = 0x0
10-26 19:56:41.771  3158  4763 I ANDR-IOP_CAP: dp = 0
10-26 19:56:41.821  3158  4763 I ANDR-IOP_CAP: Getting snapshot 4758
10-26 19:56:41.821  3158  4763 I ANDR-IOP_CAP: Dirname = /proc/4758/fd MAX_PATH = 4096
10-26 19:56:41.821  3158  4763 I ANDR-IOP_CAP: get_snapshot Enter dp = 0x0
10-26 19:56:41.821  3158  4763 I ANDR-IOP_CAP: dp = 0
10-26 19:56:41.871  3158  4763 I ANDR-IOP_CAP: Getting snapshot 4758
10-26 19:56:41.871  3158  4763 I ANDR-IOP_CAP: Dirname = /proc/4758/fd MAX_PATH = 4096
10-26 19:56:41.871  3158  4763 I ANDR-IOP_CAP: get_snapshot Enter dp = 0x0
10-26 19:56:41.871  3158  4763 I ANDR-IOP_CAP: dp = 0
10-26 19:56:41.922  3158  4763 I ANDR-IOP_CAP: Getting snapshot 4758
10-26 19:56:41.923  3158  4763 I ANDR-IOP_CAP: Dirname = /proc/4758/fd MAX_PATH = 4096
10-26 19:56:41.923  3158  4763 I ANDR-IOP_CAP: get_snapshot Enter dp = 0x0
10-26 19:56:41.923  3158  4763 I ANDR-IOP_CAP: dp = 0
10-26 19:56:41.973  3158  4763 I ANDR-IOP_CAP: Getting snapshot 4758
10-26 19:56:41.973  3158  4763 I ANDR-IOP_CAP: Dirname = /proc/4758/fd MAX_PATH = 4096
10-26 19:56:41.973  3158  4763 I ANDR-IOP_CAP: get_snapshot Enter dp = 0x0
10-26 19:56:41.973  3158  4763 I ANDR-IOP_CAP: dp = 0
10-26 19:56:42.023  3158  4763 I ANDR-IOP_CAP: Getting snapshot 4758
10-26 19:56:42.023  3158  4763 I ANDR-IOP_CAP: Dirname = /proc/4758/fd MAX_PATH = 4096
10-26 19:56:42.023  3158  4763 I ANDR-IOP_CAP: get_snapshot Enter dp = 0x0
10-26 19:56:42.023  3158  4763 I ANDR-IOP_CAP: dp = 0
10-26 19:56:42.073  3158  4763 I ANDR-IOP_CAP: Getting snapshot 4758
10-26 19:56:42.073  3158  4763 I ANDR-IOP_CAP: Dirname = /proc/4758/fd MAX_PATH = 4096
10-26 19:56:42.073  3158  4763 I ANDR-IOP_CAP: get_snapshot Enter dp = 0x0
10-26 19:56:42.073  3158  4763 I ANDR-IOP_CAP: dp = 0
10-26 19:56:42.123  3158  4763 I ANDR-IOP_CAP: Getting snapshot 4758
10-26 19:56:42.123  3158  4763 I ANDR-IOP_CAP: Dirname = /proc/4758/fd MAX_PATH = 4096
10-26 19:56:42.124  3158  4763 I ANDR-IOP_CAP: get_snapshot Enter dp = 0x0
10-26 19:56:42.124  3158  4763 I ANDR-IOP_CAP: dp = 0
10-26 19:56:42.174  3158  4763 I ANDR-IOP_CAP: Getting snapshot 4758
10-26 19:56:42.174  3158  4763 I ANDR-IOP_CAP: Dirname = /proc/4758/fd MAX_PATH = 4096
10-26 19:56:42.174  3158  4763 I ANDR-IOP_CAP: get_snapshot Enter dp = 0x0
10-26 19:56:42.174  3158  4763 I ANDR-IOP_CAP: dp = 0
10-26 19:56:42.225  3158  4763 I ANDR-IOP_CAP: Getting snapshot 4758
10-26 19:56:42.225  3158  4763 I ANDR-IOP_CAP: Dirname = /proc/4758/fd MAX_PATH = 4096
10-26 19:56:42.225  3158  4763 I ANDR-IOP_CAP: get_snapshot Enter dp = 0x0
10-26 19:56:42.225  3158  4763 I ANDR-IOP_CAP: dp = 0
10-26 19:56:42.275  3158  4763 I ANDR-IOP_CAP: Getting snapshot 4758
10-26 19:56:42.275  3158  4763 I ANDR-IOP_CAP: Dirname = /proc/4758/fd MAX_PATH = 4096
10-26 19:56:42.276  3158  4763 I ANDR-IOP_CAP: get_snapshot Enter dp = 0x0
10-26 19:56:42.276  3158  4763 I ANDR-IOP_CAP: dp = 0
10-26 19:56:42.326  3158  4763 I ANDR-IOP_CAP: Getting snapshot 4758
10-26 19:56:42.326  3158  4763 I ANDR-IOP_CAP: Dirname = /proc/4758/fd MAX_PATH = 4096
10-26 19:56:42.327  3158  4763 I ANDR-IOP_CAP: get_snapshot Enter dp = 0x0
10-26 19:56:42.327  3158  4763 I ANDR-IOP_CAP: dp = 0
10-26 19:56:42.377  3158  4763 I ANDR-IOP_CAP: Getting snapshot 4758
10-26 19:56:42.377  3158  4763 I ANDR-IOP_CAP: Dirname = /proc/4758/fd MAX_PATH = 4096
10-26 19:56:42.378  3158  4763 I ANDR-IOP_CAP: get_snapshot Enter dp = 0x0
10-26 19:56:42.378  3158  4763 I ANDR-IOP_CAP: dp = 0
10-26 19:56:42.429  3158  4763 I ANDR-IOP_CAP: Getting snapshot 4758
10-26 19:56:42.429  3158  4763 I ANDR-IOP_CAP: Dirname = /proc/4758/fd MAX_PATH = 4096
10-26 19:56:42.429  3158  4763 I ANDR-IOP_CAP: get_snapshot Enter dp = 0x0
10-26 19:56:42.429  3158  4763 I ANDR-IOP_CAP: dp = 0
10-26 19:56:42.479  3158  4763 I ANDR-IOP_CAP: Getting snapshot 4758
10-26 19:56:42.479  3158  4763 I ANDR-IOP_CAP: Dirname = /proc/4758/fd MAX_PATH = 4096
10-26 19:56:42.479  3158  4763 I ANDR-IOP_CAP: get_snapshot Enter dp = 0x0
10-26 19:56:42.479  3158  4763 I ANDR-IOP_CAP: dp = 0
10-26 19:56:42.530  3158  4763 I ANDR-IOP_CAP: Getting snapshot 4758
10-26 19:56:42.530  3158  4763 I ANDR-IOP_CAP: Dirname = /proc/4758/fd MAX_PATH = 4096
10-26 19:56:42.530  3158  4763 I ANDR-IOP_CAP: get_snapshot Enter dp = 0x0
10-26 19:56:42.530  3158  4763 I ANDR-IOP_CAP: dp = 0
10-26 19:56:42.580  3158  4763 I ANDR-IOP_CAP: Getting snapshot 4758
10-26 19:56:42.581  3158  4763 I ANDR-IOP_CAP: Dirname = /proc/4758/fd MAX_PATH = 4096
10-26 19:56:42.581  3158  4763 I ANDR-IOP_CAP: get_snapshot Enter dp = 0x0
10-26 19:56:42.581  3158  4763 I ANDR-IOP_CAP: dp = 0
10-26 19:56:42.631  3158  4763 I ANDR-IOP_CAP: Getting snapshot 4758
10-26 19:56:42.631  3158  4763 I ANDR-IOP_CAP: Dirname = /proc/4758/fd MAX_PATH = 4096
10-26 19:56:42.631  3158  4763 I ANDR-IOP_CAP: get_snapshot Enter dp = 0x0
10-26 19:56:42.631  3158  4763 I ANDR-IOP_CAP: dp = 0
10-26 19:56:42.682  3158  4763 I ANDR-IOP_CAP: Getting snapshot 4758
10-26 19:56:42.682  3158  4763 I ANDR-IOP_CAP: Dirname = /proc/4758/fd MAX_PATH = 4096
10-26 19:56:42.682  3158  4763 I ANDR-IOP_CAP: get_snapshot Enter dp = 0x0
10-26 19:56:42.682  3158  4763 I ANDR-IOP_CAP: dp = 0
10-26 19:56:42.732  3158  4763 I ANDR-IOP_CAP: Getting snapshot 4758
10-26 19:56:42.732  3158  4763 I ANDR-IOP_CAP: Dirname = /proc/4758/fd MAX_PATH = 4096
10-26 19:56:42.732  3158  4763 I ANDR-IOP_CAP: get_snapshot Enter dp = 0x0
10-26 19:56:42.732  3158  4763 I ANDR-IOP_CAP: dp = 0
10-26 19:56:42.782  3158  4763 I ANDR-IOP_CAP: Getting snapshot 4758
10-26 19:56:42.782  3158  4763 I ANDR-IOP_CAP: Dirname = /proc/4758/fd MAX_PATH = 4096
10-26 19:56:42.782  3158  4763 I ANDR-IOP_CAP: get_snapshot Enter dp = 0x0
10-26 19:56:42.782  3158  4763 I ANDR-IOP_CAP: dp = 0
10-26 19:56:42.833  3158  4763 I ANDR-IOP_CAP: Getting snapshot 4758
10-26 19:56:42.833  3158  4763 I ANDR-IOP_CAP: Dirname = /proc/4758/fd MAX_PATH = 4096
10-26 19:56:42.833  3158  4763 I ANDR-IOP_CAP: get_snapshot Enter dp = 0x0
10-26 19:56:42.833  3158  4763 I ANDR-IOP_CAP: dp = 0
10-26 19:56:42.842  2460  4786 D SpeechServiceUtil: SpeechServiceUtil | updateLexicon Intent { (has extras) }---package = com.smartisanos.voice
10-26 19:56:42.845  2658  4788 D MSC_LOG : QMSPUploadData Begin
10-26 19:56:42.844  3349  3349 W BuildManager: type=1400 audit(0.0:2419009): avc: denied { ioctl } for path="socket:[1447208]" dev="sockfs" ino=1447208 ioctlcmd=8927 scontext=u:r:untrusted_app:s0:c512,c768 tcontext=u:r:untrusted_app:s0:c512,c768 tclass=tcp_socket permissive=0
10-26 19:56:42.844  3349  3349 W BuildManager: type=1400 audit(0.0:2419010): avc: denied { ioctl } for path="socket:[1447208]" dev="sockfs" ino=1447208 ioctlcmd=8927 scontext=u:r:untrusted_app:s0:c512,c768 tcontext=u:r:untrusted_app:s0:c512,c768 tclass=tcp_socket permissive=0
10-26 19:56:42.844  3349  3349 W BuildManager: type=1400 audit(0.0:2419011): avc: denied { ioctl } for path="socket:[1447208]" dev="sockfs" ino=1447208 ioctlcmd=8927 scontext=u:r:untrusted_app:s0:c512,c768 tcontext=u:r:untrusted_app:s0:c512,c768 tclass=tcp_socket permissive=0
10-26 19:56:42.883  3158  4763 I ANDR-IOP_CAP: Getting snapshot 4758
10-26 19:56:42.883  3158  4763 I ANDR-IOP_CAP: Dirname = /proc/4758/fd MAX_PATH = 4096
10-26 19:56:42.883  3158  4763 I ANDR-IOP_CAP: get_snapshot Enter dp = 0x0
10-26 19:56:42.883  3158  4763 I ANDR-IOP_CAP: dp = 0
10-26 19:56:42.909  2658  4788 D MSC_LOG : QMSPUploadData End
10-26 19:56:42.911  2460  4787 D SpeechServiceUtil: SpeechServiceUtil | updateLexicon Intent { (has extras) }---package = com.smartisanos.voice
10-26 19:56:42.920  2658  2787 D SPEECH_AITALK_JNI: JniSetGrmGrammarPath | path: /data/user/0/com.iflytek.speechsuite/com.smartisanos.voice/
10-26 19:56:42.920  2658  2787 D SPEECH_AITALK_JNI: JniBeginLexicon | begin
10-26 19:56:42.920  2658  2787 D SPEECH_AITALK_JNI: GrmDictBegin < ret=0
10-26 19:56:42.933  3158  4763 I ANDR-IOP_CAP: Getting snapshot 4758
10-26 19:56:42.933  3158  4763 I ANDR-IOP_CAP: Dirname = /proc/4758/fd MAX_PATH = 4096
10-26 19:56:42.933  3158  4763 I ANDR-IOP_CAP: get_snapshot Enter dp = 0x0
10-26 19:56:42.933  3158  4763 I ANDR-IOP_CAP: dp = 0
10-26 19:56:42.975  2658  2787 E SPEECH_AITALK_JNI: JniAddLexiconItem | nStatus = 100004, pWord = NSYLO(uaS-N_5[[7bgRp~, id = 1178
10-26 19:56:42.983  3158  4763 I ANDR-IOP_CAP: Getting snapshot 4758
10-26 19:56:42.983  3158  4763 I ANDR-IOP_CAP: Dirname = /proc/4758/fd MAX_PATH = 4096
10-26 19:56:42.983  3158  4763 I ANDR-IOP_CAP: get_snapshot Enter dp = 0x0
10-26 19:56:42.983  3158  4763 I ANDR-IOP_CAP: dp = 0
10-26 19:56:42.995  2658  2787 E SPEECH_AITALK_JNI: JniAddLexiconItem | nStatus = 100004, pWord = ^Lw}vO(uaS5[gRp~, id = 1564
10-26 19:56:43.033  2658  2787 E SPEECH_AITALK_JNI: JniAddLexiconItem | nStatus = 100004, pWord = ^QQgFUNLO(uaS[7bgR-N_, id = 2317
10-26 19:56:43.033  3158  4763 I ANDR-IOP_CAP: Getting snapshot 4758
10-26 19:56:43.034  3158  4763 I ANDR-IOP_CAP: Dirname = /proc/4758/fd MAX_PATH = 4096
10-26 19:56:43.034  3158  4763 I ANDR-IOP_CAP: get_snapshot Enter dp = 0x0
10-26 19:56:43.034  3158  4763 I ANDR-IOP_CAP: dp = 0
10-26 19:56:43.041  2658  2787 E SPEECH_AITALK_JNI: JniAddLexiconItem | nStatus = 100004, pWord = _lQQgO(u>yTT>y_lwQbSb, id = 2473
10-26 19:56:43.041  2658  2787 D SPEECH_AITALK_JNI: JniEndLexicon | begin
10-26 19:56:43.042  2658  2787 D SPEECH_AITALK_JNI: CBOpenFile | pUser = 0x1, lpFileName = /dqpdlgga.d, enMod = 2, enType = 3
10-26 19:56:43.042  2658  2787 D SPEECH_AITALK_JNI: CBOpenFile file:/data/user/0/com.iflytek.speechsuite/com.smartisanos.voice/temp//dqpdlgga.d  OK
10-26 19:56:43.044  2658  2787 D SPEECH_AITALK_JNI: JniUpdateGrammar | begin
10-26 19:56:43.044  2658  2787 D SPEECH_AITALK_JNI: UpdateGrammar  h
10-26 19:56:43.044  2658  2787 D SPEECH_AITALK_JNI: CBOpenFile | pUser = 0x1, lpFileName = /headset.g, enMod = 1, enType = 3
10-26 19:56:43.044  2658  2787 D SPEECH_AITALK_JNI: CBOpenFile file:/data/user/0/com.iflytek.speechsuite/com.smartisanos.voice/temp//headset.g  OK
10-26 19:56:43.044  2658  2787 D SPEECH_AITALK_JNI: CBOpenFile | pUser = 0x1, lpFileName = /headset.g, enMod = 2, enType = 3
10-26 19:56:43.044  2658  2787 D SPEECH_AITALK_JNI: CBOpenFile file:/data/user/0/com.iflytek.speechsuite/com.smartisanos.voice/temp//headset.g  OK
10-26 19:56:43.044  2658  2787 D SPEECH_AITALK_JNI: CBOpenFile | pUser = 0x1, lpFileName = /storage/emulated/0/speechsuite/data/asr/ivHmmRes_16K.irf, enMod = 1, enType = 1
10-26 19:56:43.045  2658  2787 D SPEECH_AITALK_JNI: CBOpenFile file:/storage/emulated/0/speechsuite/data/asr/ivHmmRes_16K.irf  OK
10-26 19:56:43.084  3158  4763 I ANDR-IOP_CAP: Getting snapshot 4758
10-26 19:56:43.084  3158  4763 I ANDR-IOP_CAP: Dirname = /proc/4758/fd MAX_PATH = 4096
10-26 19:56:43.084  3158  4763 I ANDR-IOP_CAP: get_snapshot Enter dp = 0x0
10-26 19:56:43.084  3158  4763 I ANDR-IOP_CAP: dp = 0
10-26 19:56:43.134  3158  4763 I ANDR-IOP_CAP: Getting snapshot 4758
10-26 19:56:43.134  3158  4763 I ANDR-IOP_CAP: Dirname = /proc/4758/fd MAX_PATH = 4096
10-26 19:56:43.134  3158  4763 I ANDR-IOP_CAP: get_snapshot Enter dp = 0x0
10-26 19:56:43.134  3158  4763 I ANDR-IOP_CAP: dp = 0
10-26 19:56:43.163  2658  2787 D SPEECH_AITALK_JNI: CBOpenFile | pUser = 0x1, lpFileName = /headset_16K.wfst, enMod = 2, enType = 3
10-26 19:56:43.164  2658  2787 D SPEECH_AITALK_JNI: CBOpenFile file:/data/user/0/com.iflytek.speechsuite/com.smartisanos.voice/temp//headset_16K.wfst  OK
10-26 19:56:43.168  2658  2787 D SPEECH_AITALK_JNI: UpdateGrammar GrmBuildNetWork  ret=0
10-26 19:56:43.168  2658  2787 D SPEECH_AITALK_JNI: JniSetRecogGrammarPath | path: /data/user/0/com.iflytek.speechsuite/com.smartisanos.voice/
10-26 19:56:43.168  2658  2787 D SPEECH_AITALK_JNI: CBCopyFile /data/user/0/com.iflytek.speechsuite/com.smartisanos.voice/temp/headset_16K.wfst => /data/user/0/com.iflytek.speechsuite/com.smartisanos.voice/headset_16K.wfst
