10-26 20:08:31.654  4865  4865 W com.youku.phone:phone_monitor: type=1400 audit(0.0:2544389): avc: denied { getattr } for comm=4173796E635461736B202334 path="/proc/7" dev="proc" ino=19772 scontext=u:r:untrusted_app:s0:c512,c768 tcontext=u:r:kernel:s0 tclass=dir permissive=0
10-26 20:08:31.654  4865  4865 W com.youku.phone:phone_monitor: type=1400 audit(0.0:2544390): avc: denied { getattr } for comm=4173796E635461736B202334 path="/proc/8" dev="proc" ino=19773 scontext=u:r:untrusted_app:s0:c512,c768 tcontext=u:r:kernel:s0 tclass=dir permissive=0
10-26 20:08:31.654  4865  4865 W com.youku.phone:phone_monitor: type=1400 audit(0.0:2544391): avc: denied { getattr } for comm=4173796E635461736B202334 path="/proc/9" dev="proc" ino=19774 scontext=u:r:untrusted_app:s0:c512,c768 tcontext=u:r:kernel:s0 tclass=dir permissive=0
10-26 20:08:31.654  4865  4865 W com.youku.phone:phone_monitor: type=1400 audit(0.0:2544392): avc: denied { getattr } for comm=4173796E635461736B202334 path="/proc/10" dev="proc" ino=19775 scontext=u:r:untrusted_app:s0:c512,c768 tcontext=u:r:kernel:s0 tclass=dir permissive=0
10-26 20:08:31.654  4865  4865 W com.youku.phone:phone_monitor: type=1400 audit(0.0:2544393): avc: denied { getattr } for comm=4173796E635461736B202334 path="/proc/11" dev="proc" ino=19776 scontext=u:r:untrusted_app:s0:c512,c768 tcontext=u:r:kernel:s0 tclass=dir permissive=0
10-26 20:08:31.654  4865  4865 W com.youku.phone:phone_monitor: type=1400 audit(0.0:2544394): avc: denied { getattr } for comm=4173796E635461736B202334 path="/proc/12" dev="proc" ino=19777 scontext=u:r:untrusted_app:s0:c512,c768 tcontext=u:r:kernel:s0 tclass=dir permissive=0
10-26 20:08:31.654  4865  4865 W com.youku.phone:phone_monitor: type=1400 audit(0.0:2544395): avc: denied { getattr } for comm=4173796E635461736B202334 path="/proc/14" dev="proc" ino=19779 scontext=u:r:untrusted_app:s0:c512,c768 tcontext=u:r:kernel:s0 tclass=dir permissive=0
10-26 20:08:31.654  4865  4865 W com.youku.phone:phone_monitor: type=1400 audit(0.0:2544396): avc: denied { getattr } for comm=4173796E635461736B202334 path="/proc/15" dev="proc" ino=19780 scontext=u:r:untrusted_app:s0:c512,c768 tcontext=u:r:kernel:s0 tclass=dir permissive=0
10-26 20:08:31.654  4865  4865 W com.youku.phone:phone_monitor: type=1400 audit(0.0:2544397): avc: denied { getattr } for comm=4173796E635461736B202334 path="/proc/16" dev="proc" ino=19781 scontext=u:r:untrusted_app:s0:c512,c768 tcontext=u:r:kernel:s0 tclass=dir permissive=0
10-26 20:08:31.654  4865  4865 W com.youku.phone:phone_monitor: type=1400 audit(0.0:2544398): avc: denied { getattr } for comm=4173796E635461736B202334 path="/proc/19" dev="proc" ino=19784 scontext=u:r:untrusted_app:s0:c512,c768 tcontext=u:r:kernel:s0 tclass=dir permissive=0
10-26 20:08:31.654  4865  4865 W com.youku.phone:phone_monitor: type=1400 audit(0.0:2544399): avc: denied { getattr } for comm=4173796E635461736B202334 path="/proc/20" dev="proc" ino=19785 scontext=u:r:untrusted_app:s0:c512,c768 tcontext=u:r:kernel:s0 tclass=dir permissive=0
10-26 20:08:31.654  4865  4865 W com.youku.phone:phone_monitor: type=1400 audit(0.0:2544400): avc: denied { getattr } for comm=4173796E635461736B202334 path="/proc/23" dev="proc" ino=19788 scontext=u:r:untrusted_app:s0:c512,c768 tcontext=u:r:kernel:s0 tclass=dir permissive=0
10-26 20:08:31.654  4865  4865 W com.youku.phone:phone_monitor: type=1400 audit(0.0:2544401): avc: denied { getattr } for comm=4173796E635461736B202334 path="/proc/24" dev="proc" ino=19789 scontext=u:r:untrusted_app:s0:c512,c768 tcontext=u:r:kernel:s0 tclass=dir permissive=0
10-26 20:08:31.654  4865  4865 W com.youku.phone:phone_monitor: type=1400 audit(0.0:2544402): avc: denied { getattr } for comm=4173796E635461736B202334 path="/proc/25" dev="proc" ino=19790 scontext=u:r:untrusted_app:s0:c512,c768 tcontext=u:r:kernel:s0 tclass=dir permissive=0
10-26 20:08:31.654  4865  4865 W com.youku.phone:phone_monitor: type=1400 audit(0.0:2544403): avc: denied { getattr } for comm=4173796E635461736B202334 path="/proc/26" dev="proc" ino=19791 scontext=u:r:untrusted_app:s0:c512,c768 tcontext=u:r:kernel:s0 tclass=dir permissive=0
10-26 20:08:31.664  4865  4865 W com.youku.phone:phone_monitor: type=1400 audit(0.0:2544404): avc: denied { getattr } for comm=4173796E635461736B202334 path="/proc/27" dev="proc" ino=19792 scontext=u:r:untrusted_app:s0:c512,c768 tcontext=u:r:kernel:s0 tclass=dir permissive=0
10-26 20:08:31.664  4865  4865 W com.youku.phone:phone_monitor: type=1400 audit(0.0:2544405): avc: denied { getattr } for comm=4173796E635461736B202334 path="/proc/28" dev="proc" ino=19793 scontext=u:r:untrusted_app:s0:c512,c768 tcontext=u:r:kernel:s0 tclass=dir permissive=0
10-26 20:08:33.947  3642  3888 I QiyiKeyManager: (null:-1) KeyUpdateTimer~~ alive
10-26 20:08:34.654  4847  4847 W com.youku.phone:phone_monitor: type=1400 audit(0.0:2544880): avc: denied { getattr } for comm=4173796E635461736B202333 path="/proc/1" dev="proc" ino=6796 scontext=u:r:untrusted_app:s0:c512,c768 tcontext=u:r:init:s0 tclass=dir permissive=0
10-26 20:08:34.654  4847  4847 W com.youku.phone:phone_monitor: type=1400 audit(0.0:2544881): avc: denied { getattr } for comm=4173796E635461736B202333 path="/proc/2" dev="proc" ino=19767 scontext=u:r:untrusted_app:s0:c512,c768 tcontext=u:r:kernel:s0 tclass=dir permissive=0
10-26 20:08:34.654  4847  4847 W com.youku.phone:phone_monitor: type=1400 audit(0.0:2544882): avc: denied { getattr } for comm=4173796E635461736B202333 path="/proc/3" dev="proc" ino=19768 scontext=u:r:untrusted_app:s0:c512,c768 tcontext=u:r:kernel:s0 tclass=dir permissive=0
10-26 20:08:34.654  4847  4847 W com.youku.phone:phone_monitor: type=1400 audit(0.0:2544883): avc: denied { getattr } for comm=4173796E635461736B202333 path="/proc/7" dev="proc" ino=19772 scontext=u:r:untrusted_app:s0:c512,c768 tcontext=u:r:kernel:s0 tclass=dir permissive=0
10-26 20:08:34.654  4847  4847 W com.youku.phone:phone_monitor: type=1400 audit(0.0:2544884): avc: denied { getattr } for comm=4173796E635461736B202333 path="/proc/8" dev="proc" ino=19773 scontext=u:r:untrusted_app:s0:c512,c768 tcontext=u:r:kernel:s0 tclass=dir permissive=0
10-26 20:08:34.654  4847  4847 W com.youku.phone:phone_monitor: type=1400 audit(0.0:2544885): avc: denied { getattr } for comm=4173796E635461736B202333 path="/proc/9" dev="proc" ino=19774 scontext=u:r:untrusted_app:s0:c512,c768 tcontext=u:r:kernel:s0 tclass=dir permissive=0
10-26 20:08:34.654  4847  4847 W com.youku.phone:phone_monitor: type=1400 audit(0.0:2544886): avc: denied { getattr } for comm=4173796E635461736B202333 path="/proc/10" dev="proc" ino=19775 scontext=u:r:untrusted_app:s0:c512,c768 tcontext=u:r:kernel:s0 tclass=dir permissive=0
10-26 20:08:34.654  4847  4847 W com.youku.phone:phone_monitor: type=1400 audit(0.0:2544887): avc: denied { getattr } for comm=4173796E635461736B202333 path="/proc/11" dev="proc" ino=19776 scontext=u:r:untrusted_app:s0:c512,c768 tcontext=u:r:kernel:s0 tclass=dir permissive=0
10-26 20:08:34.654  4847  4847 W com.youku.phone:phone_monitor: type=1400 audit(0.0:2544888): avc: denied { getattr } for comm=4173796E635461736B202333 path="/proc/12" dev="proc" ino=19777 scontext=u:r:untrusted_app:s0:c512,c768 tcontext=u:r:kernel:s0 tclass=dir permissive=0
10-26 20:08:34.654  4847  4847 W com.youku.phone:phone_monitor: type=1400 audit(0.0:2544889): avc: denied { getattr } for comm=4173796E635461736B202333 path="/proc/14" dev="proc" ino=19779 scontext=u:r:untrusted_app:s0:c512,c768 tcontext=u:r:kernel:s0 tclass=dir permissive=0
10-26 20:08:34.654  4847  4847 W com.youku.phone:phone_monitor: type=1400 audit(0.0:2544890): avc: denied { getattr } for comm=4173796E635461736B202333 path="/proc/15" dev="proc" ino=19780 scontext=u:r:untrusted_app:s0:c512,c768 tcontext=u:r:kernel:s0 tclass=dir permissive=0
10-26 20:08:34.654  4847  4847 W com.youku.phone:phone_monitor: type=1400 audit(0.0:2544891): avc: denied { getattr } for comm=4173796E635461736B202333 path="/proc/16" dev="proc" ino=19781 scontext=u:r:untrusted_app:s0:c512,c768 tcontext=u:r:kernel:s0 tclass=dir permissive=0
10-26 20:08:34.654  4847  4847 W com.youku.phone:phone_monitor: type=1400 audit(0.0:2544892): avc: denied { getattr } for comm=4173796E635461736B202333 path="/proc/19" dev="proc" ino=19784 scontext=u:r:untrusted_app:s0:c512,c768 tcontext=u:r:kernel:s0 tclass=dir permissive=0
10-26 20:08:34.654  4847  4847 W com.youku.phone:phone_monitor: type=1400 audit(0.0:2544893): avc: denied { getattr } for comm=4173796E635461736B202333 path="/proc/20" dev="proc" ino=19785 scontext=u:r:untrusted_app:s0:c512,c768 tcontext=u:r:kernel:s0 tclass=dir permissive=0
10-26 20:08:34.654  4847  4847 W com.youku.phone:phone_monitor: type=1400 audit(0.0:2544894): avc: denied { getattr } for comm=4173796E635461736B202333 path="/proc/23" dev="proc" ino=19788 scontext=u:r:untrusted_app:s0:c512,c768 tcontext=u:r:kernel:s0 tclass=dir permissive=0
10-26 20:08:34.654  4847  4847 W com.youku.phone:phone_monitor: type=1400 audit(0.0:2544895): avc: denied { getattr } for comm=4173796E635461736B202333 path="/proc/24" dev="proc" ino=19789 scontext=u:r:untrusted_app:s0:c512,c768 tcontext=u:r:kernel:s0 tclass=dir permissive=0
10-26 20:08:34.654  4847  4847 W com.youku.phone:phone_monitor: type=1400 audit(0.0:2544896): avc: denied { getattr } for comm=4173796E635461736B202333 path="/proc/25" dev="proc" ino=19790 scontext=u:r:untrusted_app:s0:c512,c768 tcontext=u:r:kernel:s0 tclass=dir permissive=0
10-26 20:08:34.654  4847  4847 W com.youku.phone:phone_monitor: type=1400 audit(0.0:2544897): avc: denied { getattr } for comm=4173796E635461736B202333 path="/proc/26" dev="proc" ino=19791 scontext=u:r:untrusted_app:s0:c512,c768 tcontext=u:r:kernel:s0 tclass=dir permissive=0
10-26 20:08:34.654  4847  4847 W com.youku.phone:phone_monitor: type=1400 audit(0.0:2544898): avc: denied { getattr } for comm=4173796E635461736B202333 path="/proc/27" dev="proc" ino=19792 scontext=u:r:untrusted_app:s0:c512,c768 tcontext=u:r:kernel:s0 tclass=dir permissive=0
10-26 20:08:34.654  4847  4847 W com.youku.phone:phone_monitor: type=1400 audit(0.0:2544899): avc: denied { getattr } for comm=4173796E635461736B202333 path="/proc/28" dev="proc" ino=19793 scontext=u:r:untrusted_app:s0:c512,c768 tcontext=u:r:kernel:s0 tclass=dir permissive=0
10-26 20:08:37.644  4826  4826 W com.youku.phone:phone_monitor: type=1400 audit(0.0:2545374): avc: denied { getattr } for comm=4173796E635461736B202331 path="/proc/1" dev="proc" ino=6796 scontext=u:r:untrusted_app:s0:c512,c768 tcontext=u:r:init:s0 tclass=dir permissive=0
10-26 20:08:37.644  4826  4826 W com.youku.phone:phone_monitor: type=1400 audit(0.0:2545375): avc: denied { getattr } for comm=4173796E635461736B202331 path="/proc/2" dev="proc" ino=19767 scontext=u:r:untrusted_app:s0:c512,c768 tcontext=u:r:kernel:s0 tclass=dir permissive=0
10-26 20:08:37.644  4826  4826 W com.youku.phone:phone_monitor: type=1400 audit(0.0:2545376): avc: denied { getattr } for comm=4173796E635461736B202331 path="/proc/3" dev="proc" ino=19768 scontext=u:r:untrusted_app:s0:c512,c768 tcontext=u:r:kernel:s0 tclass=dir permissive=0
10-26 20:08:37.644  4826  4826 W com.youku.phone:phone_monitor: type=1400 audit(0.0:2545377): avc: denied { getattr } for comm=4173796E635461736B202331 path="/proc/7" dev="proc" ino=19772 scontext=u:r:untrusted_app:s0:c512,c768 tcontext=u:r:kernel:s0 tclass=dir permissive=0
10-26 20:08:37.644  4826  4826 W com.youku.phone:phone_monitor: type=1400 audit(0.0:2545378): avc: denied { getattr } for comm=4173796E635461736B202331 path="/proc/8" dev="proc" ino=19773 scontext=u:r:untrusted_app:s0:c512,c768 tcontext=u:r:kernel:s0 tclass=dir permissive=0
10-26 20:08:37.644  4826  4826 W com.youku.phone:phone_monitor: type=1400 audit(0.0:2545379): avc: denied { getattr } for comm=4173796E635461736B202331 path="/proc/9" dev="proc" ino=19774 scontext=u:r:untrusted_app:s0:c512,c768 tcontext=u:r:kernel:s0 tclass=dir permissive=0
10-26 20:08:37.644  4826  4826 W com.youku.phone:phone_monitor: type=1400 audit(0.0:2545380): avc: denied { getattr } for comm=4173796E635461736B202331 path="/proc/10" dev="proc" ino=19775 scontext=u:r:untrusted_app:s0:c512,c768 tcontext=u:r:kernel:s0 tclass=dir permissive=0
10-26 20:08:37.644  4826  4826 W com.youku.phone:phone_monitor: type=1400 audit(0.0:2545381): avc: denied { getattr } for comm=4173796E635461736B202331 path="/proc/11" dev="proc" ino=19776 scontext=u:r:untrusted_app:s0:c512,c768 tcontext=u:r:kernel:s0 tclass=dir permissive=0
10-26 20:08:37.644  4826  4826 W com.youku.phone:phone_monitor: type=1400 audit(0.0:2545382): avc: denied { getattr } for comm=4173796E635461736B202331 path="/proc/12" dev="proc" ino=19777 scontext=u:r:untrusted_app:s0:c512,c768 tcontext=u:r:kernel:s0 tclass=dir permissive=0
10-26 20:08:37.644  4826  4826 W com.youku.phone:phone_monitor: type=1400 audit(0.0:2545383): avc: denied { getattr } for comm=4173796E635461736B202331 path="/proc/14" dev="proc" ino=19779 scontext=u:r:untrusted_app:s0:c512,c768 tcontext=u:r:kernel:s0 tclass=dir permissive=0
10-26 20:08:37.644  4826  4826 W com.youku.phone:phone_monitor: type=1400 audit(0.0:2545384): avc: denied { getattr } for comm=4173796E635461736B202331 path="/proc/15" dev="proc" ino=19780 scontext=u:r:untrusted_app:s0:c512,c768 tcontext=u:r:kernel:s0 tclass=dir permissive=0
10-26 20:08:37.644  4826  4826 W com.youku.phone:phone_monitor: type=1400 audit(0.0:2545385): avc: denied { getattr } for comm=4173796E635461736B202331 path="/proc/16" dev="proc" ino=19781 scontext=u:r:untrusted_app:s0:c512,c768 tcontext=u:r:kernel:s0 tclass=dir permissive=0
10-26 20:08:37.644  4826  4826 W com.youku.phone:phone_monitor: type=1400 audit(0.0:2545386): avc: denied { getattr } for comm=4173796E635461736B202331 path="/proc/19" dev="proc" ino=19784 scontext=u:r:untrusted_app:s0:c512,c768 tcontext=u:r:kernel:s0 tclass=dir permissive=0
10-26 20:08:37.644  4826  4826 W com.youku.phone:phone_monitor: type=1400 audit(0.0:2545387): avc: denied { getattr } for comm=4173796E635461736B202331 path="/proc/20" dev="proc" ino=19785 scontext=u:r:untrusted_app:s0:c512,c768 tcontext=u:r:kernel:s0 tclass=dir permissive=0
10-26 20:08:37.644  4826  4826 W com.youku.phone:phone_monitor: type=1400 audit(0.0:2545388): avc: denied { getattr } for comm=4173796E635461736B202331 path="/proc/23" dev="proc" ino=19788 scontext=u:r:untrusted_app:s0:c512,c768 tcontext=u:r:kernel:s0 tclass=dir permissive=0
10-26 20:08:37.644  4826  4826 W com.youku.phone:phone_monitor: type=1400 audit(0.0:2545389): avc: denied { getattr } for comm=4173796E635461736B202331 path="/proc/24" dev="proc" ino=19789 scontext=u:r:untrusted_app:s0:c512,c768 tcontext=u:r:kernel:s0 tclass=dir permissive=0
10-26 20:08:37.644  4826  4826 W com.youku.phone:phone_monitor: type=1400 audit(0.0:2545390): avc: denied { getattr } for comm=4173796E635461736B202331 path="/proc/25" dev="proc" ino=19790 scontext=u:r:untrusted_app:s0:c512,c768 tcontext=u:r:kernel:s0 tclass=dir permissive=0
10-26 20:08:37.644  4826  4826 W com.youku.phone:phone_monitor: type=1400 audit(0.0:2545391): avc: denied { getattr } for comm=4173796E635461736B202331 path="/proc/26" dev="proc" ino=19791 scontext=u:r:untrusted_app:s0:c512,c768 tcontext=u:r:kernel:s0 tclass=dir permissive=0
10-26 20:08:37.644  4826  4826 W com.youku.phone:phone_monitor: type=1400 audit(0.0:2545392): avc: denied { getattr } for comm=4173796E635461736B202331 path="/proc/27" dev="proc" ino=19792 scontext=u:r:untrusted_app:s0:c512,c768 tcontext=u:r:kernel:s0 tclass=dir permissive=0
10-26 20:08:37.644  4826  4826 W com.youku.phone:phone_monitor: type=1400 audit(0.0:2545393): avc: denied { getattr } for comm=4173796E635461736B202331 path="/proc/28" dev="proc" ino=19793 scontext=u:r:untrusted_app:s0:c512,c768 tcontext=u:r:kernel:s0 tclass=dir permissive=0
10-26 20:08:38.152  3331  3525 D JOBS    : pool-2-thread-1: load factor check. false = (4 < 4)|| (4 * 3 < 0 + 0). consumer thread: false
10-26 20:08:38.152  3331 29156 D JOBS    : running job 
10-26 20:08:38.153  3331 29156 V MessageDelivery: (null:-1) monitor status: PingbackTracker{mAccum=159, mAdded=159, mHandled=0, mSended=0, mScheduled=159, mPrepaired=0, mSaves=0, mSaveReal=0, runnable=org.qiyi.android.corejar.pingback.PingbackManager$PingbackTracker$1@3ec969b}
10-26 20:08:38.154  3331 29156 D JOBS    : added job id: -2147478108 class:  priority: 1 delay: 8000 group : GROUPID_PINGBACK_MANGER persistent: false 
10-26 20:08:38.158  3331 29156 D JOBS    : Thread-450: load factor check. false = (4 < 4)|| (4 * 3 < 0 + 1). consumer thread: false
10-26 20:08:38.159  3331 29156 D JOBS    : finished job 
10-26 20:08:38.946  3642  3888 I QiyiKeyManager: (null:-1) KeyUpdateTimer~~ alive
10-26 20:08:40.644  4840  4840 W com.youku.phone:phone_monitor: type=1400 audit(0.0:2545868): avc: denied { getattr } for comm=4173796E635461736B202332 path="/proc/1" dev="proc" ino=6796 scontext=u:r:untrusted_app:s0:c512,c768 tcontext=u:r:init:s0 tclass=dir permissive=0
10-26 20:08:40.644  4840  4840 W com.youku.phone:phone_monitor: type=1400 audit(0.0:2545869): avc: denied { getattr } for comm=4173796E635461736B202332 path="/proc/2" dev="proc" ino=19767 scontext=u:r:untrusted_app:s0:c512,c768 tcontext=u:r:kernel:s0 tclass=dir permissive=0
10-26 20:08:40.644  4840  4840 W com.youku.phone:phone_monitor: type=1400 audit(0.0:2545870): avc: denied { getattr } for comm=4173796E635461736B202332 path="/proc/3" dev="proc" ino=19768 scontext=u:r:untrusted_app:s0:c512,c768 tcontext=u:r:kernel:s0 tclass=dir permissive=0
10-26 20:08:40.644  4840  4840 W com.youku.phone:phone_monitor: type=1400 audit(0.0:2545871): avc: denied { getattr } for comm=4173796E635461736B202332 path="/proc/7" dev="proc" ino=19772 scontext=u:r:untrusted_app:s0:c512,c768 tcontext=u:r:kernel:s0 tclass=dir permissive=0
10-26 20:08:40.644  4840  4840 W com.youku.phone:phone_monitor: type=1400 audit(0.0:2545872): avc: denied { getattr } for comm=4173796E635461736B202332 path="/proc/8" dev="proc" ino=19773 scontext=u:r:untrusted_app:s0:c512,c768 tcontext=u:r:kernel:s0 tclass=dir permissive=0
10-26 20:08:40.644  4840  4840 W com.youku.phone:phone_monitor: type=1400 audit(0.0:2545873): avc: denied { getattr } for comm=4173796E635461736B202332 path="/proc/9" dev="proc" ino=19774 scontext=u:r:untrusted_app:s0:c512,c768 tcontext=u:r:kernel:s0 tclass=dir permissive=0
10-26 20:08:40.644  4840  4840 W com.youku.phone:phone_monitor: type=1400 audit(0.0:2545874): avc: denied { getattr } for comm=4173796E635461736B202332 path="/proc/10" dev="proc" ino=19775 scontext=u:r:untrusted_app:s0:c512,c768 tcontext=u:r:kernel:s0 tclass=dir permissive=0
10-26 20:08:40.644  4840  4840 W com.youku.phone:phone_monitor: type=1400 audit(0.0:2545875): avc: denied { getattr } for comm=4173796E635461736B202332 path="/proc/11" dev="proc" ino=19776 scontext=u:r:untrusted_app:s0:c512,c768 tcontext=u:r:kernel:s0 tclass=dir permissive=0
10-26 20:08:40.644  4840  4840 W com.youku.phone:phone_monitor: type=1400 audit(0.0:2545876): avc: denied { getattr } for comm=4173796E635461736B202332 path="/proc/12" dev="proc" ino=19777 scontext=u:r:untrusted_app:s0:c512,c768 tcontext=u:r:kernel:s0 tclass=dir permissive=0
10-26 20:08:40.644  4840  4840 W com.youku.phone:phone_monitor: type=1400 audit(0.0:2545877): avc: denied { getattr } for comm=4173796E635461736B202332 path="/proc/14" dev="proc" ino=19779 scontext=u:r:untrusted_app:s0:c512,c768 tcontext=u:r:kernel:s0 tclass=dir permissive=0
10-26 20:08:40.644  4840  4840 W com.youku.phone:phone_monitor: type=1400 audit(0.0:2545878): avc: denied { getattr } for comm=4173796E635461736B202332 path="/proc/15" dev="proc" ino=19780 scontext=u:r:untrusted_app:s0:c512,c768 tcontext=u:r:kernel:s0 tclass=dir permissive=0
10-26 20:08:40.644  4840  4840 W com.youku.phone:phone_monitor: type=1400 audit(0.0:2545879): avc: denied { getattr } for comm=4173796E635461736B202332 path="/proc/16" dev="proc" ino=19781 scontext=u:r:untrusted_app:s0:c512,c768 tcontext=u:r:kernel:s0 tclass=dir permissive=0
10-26 20:08:40.644  4840  4840 W com.youku.phone:phone_monitor: type=1400 audit(0.0:2545880): avc: denied { getattr } for comm=4173796E635461736B202332 path="/proc/19" dev="proc" ino=19784 scontext=u:r:untrusted_app:s0:c512,c768 tcontext=u:r:kernel:s0 tclass=dir permissive=0
10-26 20:08:40.644  4840  4840 W com.youku.phone:phone_monitor: type=1400 audit(0.0:2545881): avc: denied { getattr } for comm=4173796E635461736B202332 path="/proc/20" dev="proc" ino=19785 scontext=u:r:untrusted_app:s0:c512,c768 tcontext=u:r:kernel:s0 tclass=dir permissive=0
10-26 20:08:40.644  4840  4840 W com.youku.phone:phone_monitor: type=1400 audit(0.0:2545882): avc: denied { getattr } for comm=4173796E635461736B202332 path="/proc/23" dev="proc" ino=19788 scontext=u:r:untrusted_app:s0:c512,c768 tcontext=u:r:kernel:s0 tclass=dir permissive=0
10-26 20:08:40.644  4840  4840 W com.youku.phone:phone_monitor: type=1400 audit(0.0:2545883): avc: denied { getattr } for comm=4173796E635461736B202332 path="/proc/24" dev="proc" ino=19789 scontext=u:r:untrusted_app:s0:c512,c768 tcontext=u:r:kernel:s0 tclass=dir permissive=0
10-26 20:08:40.644  4840  4840 W com.youku.phone:phone_monitor: type=1400 audit(0.0:2545884): avc: denied { getattr } for comm=4173796E635461736B202332 path="/proc/25" dev="proc" ino=19790 scontext=u:r:untrusted_app:s0:c512,c768 tcontext=u:r:kernel:s0 tclass=dir permissive=0
10-26 20:08:40.644  4840  4840 W com.youku.phone:phone_monitor: type=1400 audit(0.0:2545885): avc: denied { getattr } for comm=4173796E635461736B202332 path="/proc/26" dev="proc" ino=19791 scontext=u:r:untrusted_app:s0:c512,c768 tcontext=u:r:kernel:s0 tclass=dir permissive=0
10-26 20:08:40.644  4840  4840 W com.youku.phone:phone_monitor: type=1400 audit(0.0:2545886): avc: denied { getattr } for comm=4173796E635461736B202332 path="/proc/27" dev="proc" ino=19792 scontext=u:r:untrusted_app:s0:c512,c768 tcontext=u:r:kernel:s0 tclass=dir permissive=0
10-26 20:08:40.654  4840  4840 W com.youku.phone:phone_monitor: type=1400 audit(0.0:2545887): avc: denied { getattr } for comm=4173796E635461736B202332 path="/proc/28" dev="proc" ino=19793 scontext=u:r:untrusted_app:s0:c512,c768 tcontext=u:r:kernel:s0 tclass=dir permissive=0
10-26 20:08:41.810  1379  3269 D DhcpClient: Received packet: 68:3e:34:28:90:97 NAK, reason (none)
10-26 20:08:43.654  4868  4868 W com.youku.phone:phone_monitor: type=1400 audit(0.0:2546362): avc: denied { getattr } for comm=4173796E635461736B202335 path="/proc/1" dev="proc" ino=6796 scontext=u:r:untrusted_app:s0:c512,c768 tcontext=u:r:init:s0 tclass=dir permissive=0
10-26 20:08:43.654  4868  4868 W com.youku.phone:phone_monitor: type=1400 audit(0.0:2546363): avc: denied { getattr } for comm=4173796E635461736B202335 path="/proc/2" dev="proc" ino=19767 scontext=u:r:untrusted_app:s0:c512,c768 tcontext=u:r:kernel:s0 tclass=dir permissive=0
10-26 20:08:43.654  4868  4868 W com.youku.phone:phone_monitor: type=1400 audit(0.0:2546364): avc: denied { getattr } for comm=4173796E635461736B202335 path="/proc/3" dev="proc" ino=19768 scontext=u:r:untrusted_app:s0:c512,c768 tcontext=u:r:kernel:s0 tclass=dir permissive=0
10-26 20:08:43.654  4868  4868 W com.youku.phone:phone_monitor: type=1400 audit(0.0:2546365): avc: denied { getattr } for comm=4173796E635461736B202335 path="/proc/7" dev="proc" ino=19772 scontext=u:r:untrusted_app:s0:c512,c768 tcontext=u:r:kernel:s0 tclass=dir permissive=0
10-26 20:08:43.654  4868  4868 W com.youku.phone:phone_monitor: type=1400 audit(0.0:2546366): avc: denied { getattr } for comm=4173796E635461736B202335 path="/proc/8" dev="proc" ino=19773 scontext=u:r:untrusted_app:s0:c512,c768 tcontext=u:r:kernel:s0 tclass=dir permissive=0
10-26 20:08:43.654  4868  4868 W com.youku.phone:phone_monitor: type=1400 audit(0.0:2546367): avc: denied { getattr } for comm=4173796E635461736B202335 path="/proc/9" dev="proc" ino=19774 scontext=u:r:untrusted_app:s0:c512,c768 tcontext=u:r:kernel:s0 tclass=dir permissive=0
10-26 20:08:43.654  4868  4868 W com.youku.phone:phone_monitor: type=1400 audit(0.0:2546368): avc: denied { getattr } for comm=4173796E635461736B202335 path="/proc/10" dev="proc" ino=19775 scontext=u:r:untrusted_app:s0:c512,c768 tcontext=u:r:kernel:s0 tclass=dir permissive=0
10-26 20:08:43.654  4868  4868 W com.youku.phone:phone_monitor: type=1400 audit(0.0:2546369): avc: denied { getattr } for comm=4173796E635461736B202335 path="/proc/11" dev="proc" ino=19776 scontext=u:r:untrusted_app:s0:c512,c768 tcontext=u:r:kernel:s0 tclass=dir permissive=0
10-26 20:08:43.654  4868  4868 W com.youku.phone:phone_monitor: type=1400 audit(0.0:2546370): avc: denied { getattr } for comm=4173796E635461736B202335 path="/proc/12" dev="proc" ino=19777 scontext=u:r:untrusted_app:s0:c512,c768 tcontext=u:r:kernel:s0 tclass=dir permissive=0
10-26 20:08:43.654  4868  4868 W com.youku.phone:phone_monitor: type=1400 audit(0.0:2546371): avc: denied { getattr } for comm=4173796E635461736B202335 path="/proc/14" dev="proc" ino=19779 scontext=u:r:untrusted_app:s0:c512,c768 tcontext=u:r:kernel:s0 tclass=dir permissive=0
10-26 20:08:43.654  4868  4868 W com.youku.phone:phone_monitor: type=1400 audit(0.0:2546372): avc: denied { getattr } for comm=4173796E635461736B202335 path="/proc/15" dev="proc" ino=19780 scontext=u:r:untrusted_app:s0:c512,c768 tcontext=u:r:kernel:s0 tclass=dir permissive=0
10-26 20:08:43.654  4868  4868 W com.youku.phone:phone_monitor: type=1400 audit(0.0:2546373): avc: denied { getattr } for comm=4173796E635461736B202335 path="/proc/16" dev="proc" ino=19781 scontext=u:r:untrusted_app:s0:c512,c768 tcontext=u:r:kernel:s0 tclass=dir permissive=0
10-26 20:08:43.654  4868  4868 W com.youku.phone:phone_monitor: type=1400 audit(0.0:2546374): avc: denied { getattr } for comm=4173796E635461736B202335 path="/proc/19" dev="proc" ino=19784 scontext=u:r:untrusted_app:s0:c512,c768 tcontext=u:r:kernel:s0 tclass=dir permissive=0
10-26 20:08:43.654  4868  4868 W com.youku.phone:phone_monitor: type=1400 audit(0.0:2546375): avc: denied { getattr } for comm=4173796E635461736B202335 path="/proc/20" dev="proc" ino=19785 scontext=u:r:untrusted_app:s0:c512,c768 tcontext=u:r:kernel:s0 tclass=dir permissive=0
10-26 20:08:43.654  4868  4868 W com.youku.phone:phone_monitor: type=1400 audit(0.0:2546376): avc: denied { getattr } for comm=4173796E635461736B202335 path="/proc/23" dev="proc" ino=19788 scontext=u:r:untrusted_app:s0:c512,c768 tcontext=u:r:kernel:s0 tclass=dir permissive=0
10-26 20:08:43.654  4868  4868 W com.youku.phone:phone_monitor: type=1400 audit(0.0:2546377): avc: denied { getattr } for comm=4173796E635461736B202335 path="/proc/24" dev="proc" ino=19789 scontext=u:r:untrusted_app:s0:c512,c768 tcontext=u:r:kernel:s0 tclass=dir permissive=0
10-26 20:08:43.654  4868  4868 W com.youku.phone:phone_monitor: type=1400 audit(0.0:2546378): avc: denied { getattr } for comm=4173796E635461736B202335 path="/proc/25" dev="proc" ino=19790 scontext=u:r:untrusted_app:s0:c512,c768 tcontext=u:r:kernel:s0 tclass=dir permissive=0
10-26 20:08:43.654  4868  4868 W com.youku.phone:phone_monitor: type=1400 audit(0.0:2546379): avc: denied { getattr } for comm=4173796E635461736B202335 path="/proc/26" dev="proc" ino=19791 scontext=u:r:untrusted_app:s0:c512,c768 tcontext=u:r:kernel:s0 tclass=dir permissive=0
10-26 20:08:43.654  4868  4868 W com.youku.phone:phone_monitor: type=1400 audit(0.0:2546380): avc: denied { getattr } for comm=4173796E635461736B202335 path="/proc/27" dev="proc" ino=19792 scontext=u:r:untrusted_app:s0:c512,c768 tcontext=u:r:kernel:s0 tclass=dir permissive=0
10-26 20:08:43.654  4868  4868 W com.youku.phone:phone_monitor: type=1400 audit(0.0:2546381): avc: denied { getattr } for comm=4173796E635461736B202335 path="/proc/28" dev="proc" ino=19793 scontext=u:r:untrusted_app:s0:c512,c768 tcontext=u:r:kernel:s0 tclass=dir permissive=0
10-26 20:08:43.947  3642  3888 I QiyiKeyManager: (null:-1) KeyUpdateTimer~~ alive
10-26 20:08:46.156  3331  3525 D JOBS    : pool-2-thread-1: load factor check. false = (4 < 4)|| (4 * 3 < 1 + 0). consumer thread: false
10-26 20:08:46.156  3331 29155 D JOBS    : running job 
10-26 20:08:46.157  3331 29155 V MessageDelivery: (null:-1) monitor status: PingbackTracker{mAccum=159, mAdded=159, mHandled=0, mSended=0, mScheduled=159, mPrepaired=0, mSaves=0, mSaveReal=0, runnable=org.qiyi.android.corejar.pingback.PingbackManager$PingbackTracker$1@3ec969b}
10-26 20:08:46.158  3331 29155 D JOBS    : added job id: -2147478107 class:  priority: 1 delay: 8000 group : GROUPID_PINGBACK_MANGER persistent: false 
10-26 20:08:46.159  3331 29155 D JOBS    : Thread-449: load factor check. false = (4 < 4)|| (4 * 3 < 0 + 1). consumer thread: false
10-26 20:08:46.161  3331 29155 D JOBS    : finished job 
10-26 20:08:46.654  4865  4865 W com.youku.phone:phone_monitor: type=1400 audit(0.0:2546856): avc: denied { getattr } for comm=4173796E635461736B202334 path="/proc/1" dev="proc" ino=6796 scontext=u:r:untrusted_app:s0:c512,c768 tcontext=u:r:init:s0 tclass=dir permissive=0
10-26 20:08:46.654  4865  4865 W com.youku.phone:phone_monitor: type=1400 audit(0.0:2546857): avc: denied { getattr } for comm=4173796E635461736B202334 path="/proc/2" dev="proc" ino=19767 scontext=u:r:untrusted_app:s0:c512,c768 tcontext=u:r:kernel:s0 tclass=dir permissive=0
10-26 20:08:46.654  4865  4865 W com.youku.phone:phone_monitor: type=1400 audit(0.0:2546858): avc: denied { getattr } for comm=4173796E635461736B202334 path="/proc/3" dev="proc" ino=19768 scontext=u:r:untrusted_app:s0:c512,c768 tcontext=u:r:kernel:s0 tclass=dir permissive=0
10-26 20:08:46.654  4865  4865 W com.youku.phone:phone_monitor: type=1400 audit(0.0:2546859): avc: denied { getattr } for comm=4173796E635461736B202334 path="/proc/7" dev="proc" ino=19772 scontext=u:r:untrusted_app:s0:c512,c768 tcontext=u:r:kernel:s0 tclass=dir permissive=0
10-26 20:08:46.654  4865  4865 W com.youku.phone:phone_monitor: type=1400 audit(0.0:2546860): avc: denied { getattr } for comm=4173796E635461736B202334 path="/proc/8" dev="proc" ino=19773 scontext=u:r:untrusted_app:s0:c512,c768 tcontext=u:r:kernel:s0 tclass=dir permissive=0
10-26 20:08:46.654  4865  4865 W com.youku.phone:phone_monitor: type=1400 audit(0.0:2546861): avc: denied { getattr } for comm=4173796E635461736B202334 path="/proc/9" dev="proc" ino=19774 scontext=u:r:untrusted_app:s0:c512,c768 tcontext=u:r:kernel:s0 tclass=dir permissive=0
10-26 20:08:46.654  4865  4865 W com.youku.phone:phone_monitor: type=1400 audit(0.0:2546862): avc: denied { getattr } for comm=4173796E635461736B202334 path="/proc/10" dev="proc" ino=19775 scontext=u:r:untrusted_app:s0:c512,c768 tcontext=u:r:kernel:s0 tclass=dir permissive=0
10-26 20:08:46.654  4865  4865 W com.youku.phone:phone_monitor: type=1400 audit(0.0:2546863): avc: denied { getattr } for comm=4173796E635461736B202334 path="/proc/11" dev="proc" ino=19776 scontext=u:r:untrusted_app:s0:c512,c768 tcontext=u:r:kernel:s0 tclass=dir permissive=0
10-26 20:08:46.654  4865  4865 W com.youku.phone:phone_monitor: type=1400 audit(0.0:2546864): avc: denied { getattr } for comm=4173796E635461736B202334 path="/proc/12" dev="proc" ino=19777 scontext=u:r:untrusted_app:s0:c512,c768 tcontext=u:r:kernel:s0 tclass=dir permissive=0
10-26 20:08:46.654  4865  4865 W com.youku.phone:phone_monitor: type=1400 audit(0.0:2546865): avc: denied { getattr } for comm=4173796E635461736B202334 path="/proc/14" dev="proc" ino=19779 scontext=u:r:untrusted_app:s0:c512,c768 tcontext=u:r:kernel:s0 tclass=dir permissive=0
10-26 20:08:46.664  4865  4865 W com.youku.phone:phone_monitor: type=1400 audit(0.0:2546866): avc: denied { getattr } for comm=4173796E635461736B202334 path="/proc/15" dev="proc" ino=19780 scontext=u:r:untrusted_app:s0:c512,c768 tcontext=u:r:kernel:s0 tclass=dir permissive=0
10-26 20:08:46.664  4865  4865 W com.youku.phone:phone_monitor: type=1400 audit(0.0:2546867): avc: denied { getattr } for comm=4173796E635461736B202334 path="/proc/16" dev="proc" ino=19781 scontext=u:r:untrusted_app:s0:c512,c768 tcontext=u:r:kernel:s0 tclass=dir permissive=0
10-26 20:08:46.664  4865  4865 W com.youku.phone:phone_monitor: type=1400 audit(0.0:2546868): avc: denied { getattr } for comm=4173796E635461736B202334 path="/proc/19" dev="proc" ino=19784 scontext=u:r:untrusted_app:s0:c512,c768 tcontext=u:r:kernel:s0 tclass=dir permissive=0
10-26 20:08:46.664  4865  4865 W com.youku.phone:phone_monitor: type=1400 audit(0.0:2546869): avc: denied { getattr } for comm=4173796E635461736B202334 path="/proc/20" dev="proc" ino=19785 scontext=u:r:untrusted_app:s0:c512,c768 tcontext=u:r:kernel:s0 tclass=dir permissive=0
10-26 20:08:46.664  4865  4865 W com.youku.phone:phone_monitor: type=1400 audit(0.0:2546870): avc: denied { getattr } for comm=4173796E635461736B202334 path="/proc/23" dev="proc" ino=19788 scontext=u:r:untrusted_app:s0:c512,c768 tcontext=u:r:kernel:s0 tclass=dir permissive=0
10-26 20:08:46.664  4865  4865 W com.youku.phone:phone_monitor: type=1400 audit(0.0:2546871): avc: denied { getattr } for comm=4173796E635461736B202334 path="/proc/24" dev="proc" ino=19789 scontext=u:r:untrusted_app:s0:c512,c768 tcontext=u:r:kernel:s0 tclass=dir permissive=0
10-26 20:08:46.664  4865  4865 W com.youku.phone:phone_monitor: type=1400 audit(0.0:2546872): avc: denied { getattr } for comm=4173796E635461736B202334 path="/proc/25" dev="proc" ino=19790 scontext=u:r:untrusted_app:s0:c512,c768 tcontext=u:r:kernel:s0 tclass=dir permissive=0
10-26 20:08:46.664  4865  4865 W com.youku.phone:phone_monitor: type=1400 audit(0.0:2546873): avc: denied { getattr } for comm=4173796E635461736B202334 path="/proc/26" dev="proc" ino=19791 scontext=u:r:untrusted_app:s0:c512,c768 tcontext=u:r:kernel:s0 tclass=dir permissive=0
10-26 20:08:46.664  4865  4865 W com.youku.phone:phone_monitor: type=1400 audit(0.0:2546874): avc: denied { getattr } for comm=4173796E635461736B202334 path="/proc/27" dev="proc" ino=19792 scontext=u:r:untrusted_app:s0:c512,c768 tcontext=u:r:kernel:s0 tclass=dir permissive=0
10-26 20:08:46.664  4865  4865 W com.youku.phone:phone_monitor: type=1400 audit(0.0:2546875): avc: denied { getattr } for comm=4173796E635461736B202334 path="/proc/28" dev="proc" ino=19793 scontext=u:r:untrusted_app:s0:c512,c768 tcontext=u:r:kernel:s0 tclass=dir permissive=0
10-26 20:08:48.946  3642  3888 I QiyiKeyManager: (null:-1) KeyUpdateTimer~~ alive
10-26 20:08:49.654  4847  4847 W com.youku.phone:phone_monitor: type=1400 audit(0.0:2547350): avc: denied { getattr } for comm=4173796E635461736B202333 path="/proc/1" dev="proc" ino=6796 scontext=u:r:untrusted_app:s0:c512,c768 tcontext=u:r:init:s0 tclass=dir permissive=0
10-26 20:08:49.654  4847  4847 W com.youku.phone:phone_monitor: type=1400 audit(0.0:2547351): avc: denied { getattr } for comm=4173796E635461736B202333 path="/proc/2" dev="proc" ino=19767 scontext=u:r:untrusted_app:s0:c512,c768 tcontext=u:r:kernel:s0 tclass=dir permissive=0
10-26 20:08:49.654  4847  4847 W com.youku.phone:phone_monitor: type=1400 audit(0.0:2547352): avc: denied { getattr } for comm=4173796E635461736B202333 path="/proc/3" dev="proc" ino=19768 scontext=u:r:untrusted_app:s0:c512,c768 tcontext=u:r:kernel:s0 tclass=dir permissive=0
10-26 20:08:49.654  4847  4847 W com.youku.phone:phone_monitor: type=1400 audit(0.0:2547353): avc: denied { getattr } for comm=4173796E635461736B202333 path="/proc/7" dev="proc" ino=19772 scontext=u:r:untrusted_app:s0:c512,c768 tcontext=u:r:kernel:s0 tclass=dir permissive=0
10-26 20:08:49.654  4847  4847 W com.youku.phone:phone_monitor: type=1400 audit(0.0:2547354): avc: denied { getattr } for comm=4173796E635461736B202333 path="/proc/8" dev="proc" ino=19773 scontext=u:r:untrusted_app:s0:c512,c768 tcontext=u:r:kernel:s0 tclass=dir permissive=0
10-26 20:08:49.654  4847  4847 W com.youku.phone:phone_monitor: type=1400 audit(0.0:2547355): avc: denied { getattr } for comm=4173796E635461736B202333 path="/proc/9" dev="proc" ino=19774 scontext=u:r:untrusted_app:s0:c512,c768 tcontext=u:r:kernel:s0 tclass=dir permissive=0
10-26 20:08:49.654  4847  4847 W com.youku.phone:phone_monitor: type=1400 audit(0.0:2547356): avc: denied { getattr } for comm=4173796E635461736B202333 path="/proc/10" dev="proc" ino=19775 scontext=u:r:untrusted_app:s0:c512,c768 tcontext=u:r:kernel:s0 tclass=dir permissive=0
10-26 20:08:49.654  4847  4847 W com.youku.phone:phone_monitor: type=1400 audit(0.0:2547357): avc: denied { getattr } for comm=4173796E635461736B202333 path="/proc/11" dev="proc" ino=19776 scontext=u:r:untrusted_app:s0:c512,c768 tcontext=u:r:kernel:s0 tclass=dir permissive=0
10-26 20:08:49.654  4847  4847 W com.youku.phone:phone_monitor: type=1400 audit(0.0:2547358): avc: denied { getattr } for comm=4173796E635461736B202333 path="/proc/12" dev="proc" ino=19777 scontext=u:r:untrusted_app:s0:c512,c768 tcontext=u:r:kernel:s0 tclass=dir permissive=0
10-26 20:08:49.654  4847  4847 W com.youku.phone:phone_monitor: type=1400 audit(0.0:2547359): avc: denied { getattr } for comm=4173796E635461736B202333 path="/proc/14" dev="proc" ino=19779 scontext=u:r:untrusted_app:s0:c512,c768 tcontext=u:r:kernel:s0 tclass=dir permissive=0
10-26 20:08:49.654  4847  4847 W com.youku.phone:phone_monitor: type=1400 audit(0.0:2547360): avc: denied { getattr } for comm=4173796E635461736B202333 path="/proc/15" dev="proc" ino=19780 scontext=u:r:untrusted_app:s0:c512,c768 tcontext=u:r:kernel:s0 tclass=dir permissive=0
10-26 20:08:49.654  4847  4847 W com.youku.phone:phone_monitor: type=1400 audit(0.0:2547361): avc: denied { getattr } for comm=4173796E635461736B202333 path="/proc/16" dev="proc" ino=19781 scontext=u:r:untrusted_app:s0:c512,c768 tcontext=u:r:kernel:s0 tclass=dir permissive=0
10-26 20:08:49.654  4847  4847 W com.youku.phone:phone_monitor: type=1400 audit(0.0:2547362): avc: denied { getattr } for comm=4173796E635461736B202333 path="/proc/19" dev="proc" ino=19784 scontext=u:r:untrusted_app:s0:c512,c768 tcontext=u:r:kernel:s0 tclass=dir permissive=0
10-26 20:08:49.654  4847  4847 W com.youku.phone:phone_monitor: type=1400 audit(0.0:2547363): avc: denied { getattr } for comm=4173796E635461736B202333 path="/proc/20" dev="proc" ino=19785 scontext=u:r:untrusted_app:s0:c512,c768 tcontext=u:r:kernel:s0 tclass=dir permissive=0
10-26 20:08:49.664  4847  4847 W com.youku.phone:phone_monitor: type=1400 audit(0.0:2547364): avc: denied { getattr } for comm=4173796E635461736B202333 path="/proc/23" dev="proc" ino=19788 scontext=u:r:untrusted_app:s0:c512,c768 tcontext=u:r:kernel:s0 tclass=dir permissive=0
10-26 20:08:49.664  4847  4847 W com.youku.phone:phone_monitor: type=1400 audit(0.0:2547365): avc: denied { getattr } for comm=4173796E635461736B202333 path="/proc/24" dev="proc" ino=19789 scontext=u:r:untrusted_app:s0:c512,c768 tcontext=u:r:kernel:s0 tclass=dir permissive=0
10-26 20:08:49.664  4847  4847 W com.youku.phone:phone_monitor: type=1400 audit(0.0:2547366): avc: denied { getattr } for comm=4173796E635461736B202333 path="/proc/25" dev="proc" ino=19790 scontext=u:r:untrusted_app:s0:c512,c768 tcontext=u:r:kernel:s0 tclass=dir permissive=0
10-26 20:08:49.664  4847  4847 W com.youku.phone:phone_monitor: type=1400 audit(0.0:2547367): avc: denied { getattr } for comm=4173796E635461736B202333 path="/proc/26" dev="proc" ino=19791 scontext=u:r:untrusted_app:s0:c512,c768 tcontext=u:r:kernel:s0 tclass=dir permissive=0
10-26 20:08:49.664  4847  4847 W com.youku.phone:phone_monitor: type=1400 audit(0.0:2547368): avc: denied { getattr } for comm=4173796E635461736B202333 path="/proc/27" dev="proc" ino=19792 scontext=u:r:untrusted_app:s0:c512,c768 tcontext=u:r:kernel:s0 tclass=dir permissive=0
10-26 20:08:49.664  4847  4847 W com.youku.phone:phone_monitor: type=1400 audit(0.0:2547369): avc: denied { getattr } for comm=4173796E635461736B202333 path="/proc/28" dev="proc" ino=19793 scontext=u:r:untrusted_app:s0:c512,c768 tcontext=u:r:kernel:s0 tclass=dir permissive=0
10-26 20:08:49.683  1379  2584 I ActivityManager: START u0 {act=android.intent.action.MAIN cat=[android.intent.category.LAUNCHER] flg=0x10200000 cmp=com.eclipsesource.callv8/.MainActivity (has extras)} from uid 10027 on display 0
10-26 20:08:49.683  3182  3189 E ANDR-PERF-OPTSHANDLER: freq is change to 2342400
10-26 20:08:49.684  1379  2584 I ANDR-IOP: IOP pkg_name = com.eclipsesource.callv8 PID = -1
10-26 20:08:49.684  1379  2584 I ANDR-IOP: IOP CMD_ENCODE send -4 1
10-26 20:08:49.684  3158  3164 E ANDR-IOP_CAP:  stop_capture ENTER 
10-26 20:08:49.685  3158  3164 E ANDR-IOP_CAP:  stop_capture EXIT 
10-26 20:08:49.685  3158  3164 I ANDR-IOP_PB: Stop Playback 
10-26 20:08:49.685  3158  3164 E ANDR-IOP_PB:  start_playback-1 
10-26 20:08:49.685  3158  3164 I ANDR-IOP_PB:   0
10-26 20:08:49.685  3158  3164 I ANDR-IOP_PB: Exit start_capture
10-26 20:08:49.685  3158  5071 I ANDR-IOP_PB: pkg_name = com.eclipsesource.callv8
10-26 20:08:49.685  3158  5071 I ANDR-IOP_DB: 
10-26 20:08:49.685  3158  5071 I ANDR-IOP_DB:  query = SELECT * FROM io_pkg_file_tbl   WHERE pkg_name = 'com.eclipsesource.callv8'   ORDER BY file_time_stamp ASC
10-26 20:08:49.686  3158  5071 I ANDR-IOP_DB: get_file_list_cb filename = /system/app/SmartisanOSThemeDefault/SmartisanOSThemeDefault.apk 
10-26 20:08:49.686  3158  5071 I ANDR-IOP_DB: file_info->file_list[file_info->counter].file_name filename = /system/app/SmartisanOSThemeDefault/SmartisanOSThemeDefault.apk 
10-26 20:08:49.686  3158  5071 I ANDR-IOP_DB: get_file_list_cb filename = /system/app/SmartisanOSThemeThirdApp/SmartisanOSThemeThirdApp.apk 
10-26 20:08:49.686  3158  5071 I ANDR-IOP_DB: file_info->file_list[file_info->counter].file_name filename = /system/app/SmartisanOSThemeThirdApp/SmartisanOSThemeThirdApp.apk 
10-26 20:08:49.686  3158  5071 I ANDR-IOP_DB: get_file_list_cb filename = /system/framework/framework-res.apk 
10-26 20:08:49.686  3158  5071 I ANDR-IOP_DB: file_info->file_list[file_info->counter].file_name filename = /system/framework/framework-res.apk 
10-26 20:08:49.686  3158  5071 I ANDR-IOP_DB: get_file_list_cb filename = /system/framework/framework-smartisanos-res/framework-smartisanos-res.apk 
10-26 20:08:49.686  3158  5071 I ANDR-IOP_DB: file_info->file_list[file_info->counter].file_name filename = /system/framework/framework-smartisanos-res/framework-smartisanos-res.apk 
10-26 20:08:49.686  3158  5071 I ANDR-IOP_DB: get_file_list_cb filename = /data/app/com.eclipsesource.callv8-1/base.apk 
10-26 20:08:49.686  3158  5071 I ANDR-IOP_DB: file_info->file_list[file_info->counter].file_name filename = /data/app/com.eclipsesource.callv8-1/base.apk 
10-26 20:08:49.686  3158  5071 I ANDR-IOP_DB: get_file_list_cb filename = /data/app/com.eclipsesource.callv8-1/lib/arm/libj2v8.so 
10-26 20:08:49.686  3158  5071 I ANDR-IOP_DB: file_info->file_list[file_info->counter].file_name filename = /data/app/com.eclipsesource.callv8-1/lib/arm/libj2v8.so 
10-26 20:08:49.686  3158  5071 I ANDR-IOP_PB: num_of_files = 6
10-26 20:08:49.686  3158  5071 I ANDR-IOP_PB: 0. mapping file /system/app/SmartisanOSThemeDefault/SmartisanOSThemeDefault.apk pages = 2 size = 5646 
10-26 20:08:49.686  3158  5071 I ANDR-IOP_PB: 1. mapping file /system/app/SmartisanOSThemeThirdApp/SmartisanOSThemeThirdApp.apk pages = 18 size = 70146 
10-26 20:08:49.686  3158  5071 I ANDR-IOP_PB: 2. mapping file /system/framework/framework-res.apk pages = 4194 size = 17178140 
10-26 20:08:49.693  3158  5071 I ANDR-IOP_PB: 3. mapping file /system/framework/framework-smartisanos-res/framework-smartisanos-res.apk pages = 1473 size = 6030046 
10-26 20:08:49.695  3158  5071 I ANDR-IOP_PB: 4. mapping file /data/app/com.eclipsesource.callv8-1/base.apk pages = 884 size = 3620700 
10-26 20:08:49.697  3158  5071 I ANDR-IOP_PB: 5. mapping file /data/app/com.eclipsesource.callv8-1/lib/arm/libj2v8.so pages = 1376 size = 5632068 
10-26 20:08:49.699  3158  5071 I ANDR-IOP_PB:  Total Data = 32550912
10-26 20:08:49.710  5072  5072 I art     : Late-enabling -Xcheck:jni
10-26 20:08:49.710  5072  5072 I art     : setting RLIM to infinity for process 5072
10-26 20:08:49.710  1379  2597 I ANDR-IOP: IOP pkg_name = com.eclipsesource.callv8 PID = 5072
10-26 20:08:49.710  1379  2597 I ANDR-IOP: IOP CMD_ENCODE send -4 1
10-26 20:08:49.710  3158  3164 E ANDR-IOP_CAP:  stop_capture ENTER 
10-26 20:08:49.710  3158  3164 E ANDR-IOP_CAP:  stop_capture EXIT 
10-26 20:08:49.710  3158  3164 E ANDR-IOP_CAP:  start_capture ENTER 
10-26 20:08:49.710  1379  2597 I ActivityManager: Start proc 5072:com.eclipsesource.callv8/u0a141 for activity com.eclipsesource.callv8/.MainActivity
10-26 20:08:49.710  3158  3164 I ANDR-IOP_CAP: 5072 com.eclipsesource.callv8 24
10-26 20:08:49.710  3158  3164 I ANDR-IOP_CAP: 5072 com.eclipsesource.callv8 24
10-26 20:08:49.710  3158  3164 I ANDR-IOP_CAP: property = 50
10-26 20:08:49.710  3158  3164 I ANDR-IOP_CAP: start_capture EXIT
10-26 20:08:49.710  3158  5078 I ANDR-IOP_CAP: pkg_name  = com.eclipsesource.callv8
10-26 20:08:49.711  3158  5078 I ANDR-IOP_CAP: Getting snapshot 5072
10-26 20:08:49.711  3158  5078 I ANDR-IOP_CAP: Dirname = /proc/5072/fd MAX_PATH = 4096
10-26 20:08:49.711  3158  5078 I ANDR-IOP_CAP: get_snapshot Enter dp = 0x7f8a9ea000
10-26 20:08:49.711  3158  5078 I ANDR-IOP_CAP: dp = -1969315840
10-26 20:08:49.711  3158  5078 I ANDR-IOP_CAP: file is in filter list /dev/null
10-26 20:08:49.711  3158  5078 I ANDR-IOP_CAP: file is in filter list /dev/null
10-26 20:08:49.711  3158  5078 I ANDR-IOP_CAP: file is in filter list /dev/null
10-26 20:08:49.711  3158  5078 I ANDR-IOP_CAP: file is in filter list /system/framework/core-libart.jar
10-26 20:08:49.711  3158  5078 I ANDR-IOP_CAP: file is in filter list /dev/urandom
10-26 20:08:49.711  3158  5078 I ANDR-IOP_CAP: file is in filter list /dev/__properties__
10-26 20:08:49.711  3158  5078 I ANDR-IOP_CAP: file is in filter list /dev/null
10-26 20:08:49.711  3158  5078 I ANDR-IOP_CAP: file is in filter list /dev/null
10-26 20:08:49.711  3158  5078 I ANDR-IOP_CAP: file is in filter list /dev/cpuctl/tasks
10-26 20:08:49.711  3158  5078 I ANDR-IOP_CAP: file is in filter list /dev/cpuctl/bg_non_interactive/tasks
10-26 20:08:49.711  3158  5078 I ANDR-IOP_CAP: file is in filter list /dev/cpuctl/bg_3rd_app/tasks
10-26 20:08:49.711  3158  5078 I ANDR-IOP_CAP: get_snapshot Exit dp = 0x7f8a9ea000
10-26 20:08:49.716  1379  1436 I IgnoreTouchEvent: ignoreTouchEvent onWindowAttached
10-26 20:08:49.733  5072  5079 I art     : Debugger is no longer active
10-26 20:08:49.738  2587  2587 E PILLS   : ActivityResumedReceiver : Constants.WINDOW_READY false ! abandon action android.intent.action.ACTIVITY_RESUMED
10-26 20:08:49.742  5072  5072 D ActivityThread: new loadedapk for com.eclipsesource.callv8 packageInfo is none
10-26 20:08:49.750  5072  5072 E art     : Failed to dlopen: Failed to find absolute path for '/data/dalvik-cache/arm/data@app@com.eclipsesource.callv8-1@base.apk@classes.dex'
10-26 20:08:49.754  5072  5072 I System  : Daemon delayGCRequest, sDelayGCRequest=false, delay=true, sPendingGCRequest=false
10-26 20:08:49.761  3158  5078 I ANDR-IOP_CAP: Getting snapshot 5072
10-26 20:08:49.761  3158  5078 I ANDR-IOP_CAP: Dirname = /proc/5072/fd MAX_PATH = 4096
10-26 20:08:49.761  3158  5078 I ANDR-IOP_CAP: get_snapshot Enter dp = 0x7f8a9ea000
10-26 20:08:49.761  3158  5078 I ANDR-IOP_CAP: dp = -1969315840
10-26 20:08:49.762  3158  5078 I ANDR-IOP_CAP: file is in filter list /dev/null
10-26 20:08:49.762  3158  5078 I ANDR-IOP_CAP: file is in filter list /dev/null
10-26 20:08:49.762  3158  5078 I ANDR-IOP_CAP: file is in filter list /dev/null
10-26 20:08:49.762  3158  5078 I ANDR-IOP_CAP: file is in filter list /system/framework/core-libart.jar
10-26 20:08:49.762  3158  5078 I ANDR-IOP_CAP: file is in filter list /dev/urandom
10-26 20:08:49.762  3158  5078 I ANDR-IOP_CAP: file is in filter list /dev/__properties__
10-26 20:08:49.762  3158  5078 I ANDR-IOP_CAP: file is in filter list /dev/binder
10-26 20:08:49.762  3158  5078 I ANDR-IOP_CAP: file is in filter list /dev/cpuctl/tasks
10-26 20:08:49.762  3158  5078 I ANDR-IOP_CAP: file is in filter list /dev/cpuctl/bg_non_interactive/tasks
10-26 20:08:49.762  3158  5078 I ANDR-IOP_CAP: file is in filter list /dev/cpuctl/bg_3rd_app/tasks
10-26 20:08:49.762  3158  5078 I ANDR-IOP_CAP: get_snapshot Exit dp = 0x7f8a9ea000
10-26 20:08:49.767  5072  5072 W art     : Before Android 4.1, method android.graphics.PorterDuffColorFilter android.support.graphics.drawable.VectorDrawableCompat.updateTintFilter(android.graphics.PorterDuffColorFilter, android.content.res.ColorStateList, android.graphics.PorterDuff$Mode) would have incorrectly overridden the package-private method in android.graphics.drawable.Drawable
10-26 20:08:49.784  5072  5072 E art     : Failed to dlopen: Failed to find absolute path for '/data/dalvik-cache/arm/system@framework@QPerformance.jar@classes.dex'
10-26 20:08:49.808  5072  5072 E art     : No implementation found for void com.eclipsesource.v8.V8._setFlags(java.lang.String) (tried Java_com_eclipsesource_v8_V8__1setFlags and Java_com_eclipsesource_v8_V8__1setFlags__Ljava_lang_String_2)
10-26 20:08:49.808  5072  5072 E AndroidRuntime: FATAL EXCEPTION: main
10-26 20:08:49.808  5072  5072 E AndroidRuntime: Process: com.eclipsesource.callv8, PID: 5072
10-26 20:08:49.808  5072  5072 E AndroidRuntime: java.lang.UnsatisfiedLinkError: No implementation found for void com.eclipsesource.v8.V8._setFlags(java.lang.String) (tried Java_com_eclipsesource_v8_V8__1setFlags and Java_com_eclipsesource_v8_V8__1setFlags__Ljava_lang_String_2)
10-26 20:08:49.808  5072  5072 E AndroidRuntime: 	at com.eclipsesource.v8.V8._setFlags(Native Method)
10-26 20:08:49.808  5072  5072 E AndroidRuntime: 	at com.eclipsesource.v8.V8.createV8Runtime(V8.java:155)
10-26 20:08:49.808  5072  5072 E AndroidRuntime: 	at com.eclipsesource.v8.V8.createV8Runtime(V8.java:114)
10-26 20:08:49.808  5072  5072 E AndroidRuntime: 	at com.eclipsesource.callv8.MainActivity.onCreate(MainActivity.java:17)
10-26 20:08:49.808  5072  5072 E AndroidRuntime: 	at android.app.Activity.performCreate(Activity.java:6433)
