10-26 20:18:38.500  3158  5321 I ANDR-IOP_DB: 
10-26 20:18:38.500  3158  5321 I ANDR-IOP_DB:  query = SELECT * FROM io_pkg_file_tbl   WHERE pkg_name = 'com.eclipsesource.callv8'   ORDER BY file_time_stamp ASC
10-26 20:18:38.501  3158  5321 I ANDR-IOP_DB: get_file_list_cb filename = /system/app/SmartisanOSThemeDefault/SmartisanOSThemeDefault.apk 
10-26 20:18:38.501  3158  5321 I ANDR-IOP_DB: file_info->file_list[file_info->counter].file_name filename = /system/app/SmartisanOSThemeDefault/SmartisanOSThemeDefault.apk 
10-26 20:18:38.501  3158  5321 I ANDR-IOP_DB: get_file_list_cb filename = /system/app/SmartisanOSThemeThirdApp/SmartisanOSThemeThirdApp.apk 
10-26 20:18:38.501  3158  5321 I ANDR-IOP_DB: file_info->file_list[file_info->counter].file_name filename = /system/app/SmartisanOSThemeThirdApp/SmartisanOSThemeThirdApp.apk 
10-26 20:18:38.501  3158  5321 I ANDR-IOP_DB: get_file_list_cb filename = /system/framework/framework-res.apk 
10-26 20:18:38.501  3158  5321 I ANDR-IOP_DB: file_info->file_list[file_info->counter].file_name filename = /system/framework/framework-res.apk 
10-26 20:18:38.501  3158  5321 I ANDR-IOP_DB: get_file_list_cb filename = /system/framework/framework-smartisanos-res/framework-smartisanos-res.apk 
10-26 20:18:38.501  3158  5321 I ANDR-IOP_DB: file_info->file_list[file_info->counter].file_name filename = /system/framework/framework-smartisanos-res/framework-smartisanos-res.apk 
10-26 20:18:38.501  3158  5321 I ANDR-IOP_DB: get_file_list_cb filename = /data/app/com.eclipsesource.callv8-1/base.apk 
10-26 20:18:38.501  3158  5321 I ANDR-IOP_DB: file_info->file_list[file_info->counter].file_name filename = /data/app/com.eclipsesource.callv8-1/base.apk 
10-26 20:18:38.501  3158  5321 I ANDR-IOP_DB: get_file_list_cb filename = /data/app/com.eclipsesource.callv8-1/lib/arm/libj2v8.so 
10-26 20:18:38.501  3158  5321 I ANDR-IOP_DB: file_info->file_list[file_info->counter].file_name filename = /data/app/com.eclipsesource.callv8-1/lib/arm/libj2v8.so 
10-26 20:18:38.501  3158  5321 I ANDR-IOP_PB: num_of_files = 6
10-26 20:18:38.501  3158  5321 I ANDR-IOP_PB: 0. mapping file /system/app/SmartisanOSThemeDefault/SmartisanOSThemeDefault.apk pages = 2 size = 5646 
10-26 20:18:38.501  3158  5321 I ANDR-IOP_PB: 1. mapping file /system/app/SmartisanOSThemeThirdApp/SmartisanOSThemeThirdApp.apk pages = 18 size = 70146 
10-26 20:18:38.502  3158  5321 I ANDR-IOP_PB: 2. mapping file /system/framework/framework-res.apk pages = 4194 size = 17178140 
10-26 20:18:38.509  3158  5321 I ANDR-IOP_PB: 3. mapping file /system/framework/framework-smartisanos-res/framework-smartisanos-res.apk pages = 1473 size = 6030046 
10-26 20:18:38.511  3158  5321 I ANDR-IOP_DB: 
10-26 20:18:38.511  3158  5321 I ANDR-IOP_DB:  Query = UPDATE io_pkg_file_tbl   SET mark_for_delete = 1  WHERE pkg_name = 'com.eclipsesource.callv8'  AND (file_name = '/data/app/com.eclipsesource.callv8-1/base.apk')
10-26 20:18:38.513  1379  1436 I IgnoreTouchEvent: ignoreTouchEvent onWindowAttached
10-26 20:18:38.522  5322  5322 I art     : Late-enabling -Xcheck:jni
10-26 20:18:38.523  1379  2499 I ANDR-IOP: IOP pkg_name = com.eclipsesource.callv8 PID = 5322
10-26 20:18:38.523  1379  2499 I ANDR-IOP: IOP CMD_ENCODE send -4 1
10-26 20:18:38.523  5322  5322 I art     : setting RLIM to infinity for process 5322
10-26 20:18:38.523  1379  2499 I ActivityManager: Start proc 5322:com.eclipsesource.callv8/u0a141 for activity com.eclipsesource.callv8/.MainActivity
10-26 20:18:38.523  3158  3164 E ANDR-IOP_CAP:  stop_capture ENTER 
10-26 20:18:38.523  3158  3164 E ANDR-IOP_CAP:  stop_capture EXIT 
10-26 20:18:38.523  3158  3164 E ANDR-IOP_CAP:  start_capture ENTER 
10-26 20:18:38.523  3158  3164 I ANDR-IOP_CAP: 5322 com.eclipsesource.callv8 24
10-26 20:18:38.523  3158  3164 I ANDR-IOP_CAP: 5322 com.eclipsesource.callv8 24
10-26 20:18:38.523  3158  3164 I ANDR-IOP_CAP: property = 50
10-26 20:18:38.523  3158  3164 I ANDR-IOP_CAP: start_capture EXIT
10-26 20:18:38.523  3158  5327 I ANDR-IOP_CAP: pkg_name  = com.eclipsesource.callv8
10-26 20:18:38.523  3158  5327 I ANDR-IOP_CAP: Getting snapshot 5322
10-26 20:18:38.523  3158  5327 I ANDR-IOP_CAP: Dirname = /proc/5322/fd MAX_PATH = 4096
10-26 20:18:38.523  3158  5327 I ANDR-IOP_CAP: get_snapshot Enter dp = 0x7f8a8ae000
10-26 20:18:38.523  3158  5327 I ANDR-IOP_CAP: dp = -1970610176
10-26 20:18:38.523  3158  5327 I ANDR-IOP_CAP: file is in filter list /dev/null
10-26 20:18:38.523  3158  5327 I ANDR-IOP_CAP: file is in filter list /dev/null
10-26 20:18:38.523  3158  5327 I ANDR-IOP_CAP: file is in filter list /dev/null
10-26 20:18:38.523  3158  5327 I ANDR-IOP_CAP: file is in filter list /system/framework/core-libart.jar
10-26 20:18:38.523  3158  5327 I ANDR-IOP_CAP: file is in filter list /dev/urandom
10-26 20:18:38.523  3158  5327 I ANDR-IOP_CAP: file is in filter list /dev/__properties__
10-26 20:18:38.523  3158  5327 I ANDR-IOP_CAP: file is in filter list /dev/null
10-26 20:18:38.523  3158  5327 I ANDR-IOP_CAP: file is in filter list /dev/null
10-26 20:18:38.523  3158  5327 I ANDR-IOP_CAP: file is in filter list /dev/cpuctl/tasks
10-26 20:18:38.523  3158  5327 I ANDR-IOP_CAP: file is in filter list /dev/cpuctl/bg_non_interactive/tasks
10-26 20:18:38.523  3158  5327 I ANDR-IOP_CAP: file is in filter list /dev/cpuctl/bg_3rd_app/tasks
10-26 20:18:38.523  3158  5327 I ANDR-IOP_CAP: get_snapshot Exit dp = 0x7f8a8ae000
10-26 20:18:38.539  3158  5321 I ANDR-IOP_DB: 
10-26 20:18:38.539  3158  5321 I ANDR-IOP_DB:  Query = UPDATE io_pkg_file_tbl   SET mark_for_delete = 1  WHERE pkg_name = 'com.eclipsesource.callv8'  AND (file_name = '/data/app/com.eclipsesource.callv8-1/lib/arm/libj2v8.so')
10-26 20:18:38.546  5322  5329 I art     : Debugger is no longer active
10-26 20:18:38.550  3158  5321 I ANDR-IOP_PB:  Total Data = 23293952
10-26 20:18:38.562  5322  5322 D ActivityThread: new loadedapk for com.eclipsesource.callv8 packageInfo is none
10-26 20:18:38.569  5322  5322 E art     : Failed to dlopen: Failed to find absolute path for '/data/dalvik-cache/arm64/data@app@com.eclipsesource.callv8-2@base.apk@classes.dex'
10-26 20:18:38.571  5322  5322 W System  : ClassLoader referenced unknown path: /data/app/com.eclipsesource.callv8-2/lib/arm64
10-26 20:18:38.571  5322  5322 I System  : Daemon delayGCRequest, sDelayGCRequest=false, delay=true, sPendingGCRequest=false
10-26 20:18:38.574  3158  5327 I ANDR-IOP_CAP: Getting snapshot 5322
10-26 20:18:38.574  3158  5327 I ANDR-IOP_CAP: Dirname = /proc/5322/fd MAX_PATH = 4096
10-26 20:18:38.574  3158  5327 I ANDR-IOP_CAP: get_snapshot Enter dp = 0x7f8a8ae000
10-26 20:18:38.574  3158  5327 I ANDR-IOP_CAP: dp = -1970610176
10-26 20:18:38.574  3158  5327 I ANDR-IOP_CAP: file is in filter list /dev/null
10-26 20:18:38.574  3158  5327 I ANDR-IOP_CAP: file is in filter list /dev/null
10-26 20:18:38.574  3158  5327 I ANDR-IOP_CAP: file is in filter list /dev/null
10-26 20:18:38.574  3158  5327 I ANDR-IOP_CAP: file is in filter list /system/framework/core-libart.jar
10-26 20:18:38.574  3158  5327 I ANDR-IOP_CAP: file is in filter list /dev/urandom
10-26 20:18:38.574  3158  5327 I ANDR-IOP_CAP: file is in filter list /dev/__properties__
10-26 20:18:38.574  3158  5327 I ANDR-IOP_CAP: file is in filter list /dev/binder
10-26 20:18:38.575  3158  5327 I ANDR-IOP_CAP: file is in filter list /dev/cpuctl/tasks
10-26 20:18:38.575  3158  5327 I ANDR-IOP_CAP: file is in filter list /dev/cpuctl/bg_non_interactive/tasks
10-26 20:18:38.575  3158  5327 I ANDR-IOP_CAP: file is in filter list /dev/cpuctl/bg_3rd_app/tasks
10-26 20:18:38.575  3158  5327 I ANDR-IOP_CAP: get_snapshot Exit dp = 0x7f8a8ae000
10-26 20:18:38.583  5322  5322 W art     : Before Android 4.1, method android.graphics.PorterDuffColorFilter android.support.graphics.drawable.VectorDrawableCompat.updateTintFilter(android.graphics.PorterDuffColorFilter, android.content.res.ColorStateList, android.graphics.PorterDuff$Mode) would have incorrectly overridden the package-private method in android.graphics.drawable.Drawable
10-26 20:18:38.601  5322  5322 E art     : Failed to dlopen: Failed to find absolute path for '/data/dalvik-cache/arm64/system@framework@QPerformance.jar@classes.dex'
10-26 20:18:38.625  3158  5327 I ANDR-IOP_CAP: Getting snapshot 5322
10-26 20:18:38.625  3158  5327 I ANDR-IOP_CAP: Dirname = /proc/5322/fd MAX_PATH = 4096
10-26 20:18:38.625  3158  5327 I ANDR-IOP_CAP: get_snapshot Enter dp = 0x7f8a8ae000
10-26 20:18:38.625  3158  5327 I ANDR-IOP_CAP: dp = -1970610176
10-26 20:18:38.625  3158  5327 I ANDR-IOP_CAP: file is in filter list /dev/null
10-26 20:18:38.625  3158  5327 I ANDR-IOP_CAP: file is in filter list /dev/null
10-26 20:18:38.625  3158  5327 I ANDR-IOP_CAP: file is in filter list /dev/null
10-26 20:18:38.625  3158  5327 I ANDR-IOP_CAP: file is in filter list /system/framework/core-libart.jar
10-26 20:18:38.625  3158  5327 I ANDR-IOP_CAP: file is in filter list /dev/urandom
10-26 20:18:38.625  3158  5327 I ANDR-IOP_CAP: file is in filter list /dev/__properties__
10-26 20:18:38.625  3158  5327 I ANDR-IOP_CAP: file is in filter list /dev/binder
10-26 20:18:38.625  3158  5327 I ANDR-IOP_CAP: file is in filter list /dev/cpuctl/tasks
10-26 20:18:38.625  3158  5327 I ANDR-IOP_CAP: file is in filter list /dev/cpuctl/bg_non_interactive/tasks
10-26 20:18:38.625  3158  5327 I ANDR-IOP_CAP: file is in filter list /dev/cpuctl/bg_3rd_app/tasks
10-26 20:18:38.626  3158  5327 I ANDR-IOP_CAP: get_snapshot Exit dp = 0x7f8a8ae000
10-26 20:18:38.629  5322  5322 E AndroidRuntime: FATAL EXCEPTION: main
10-26 20:18:38.629  5322  5322 E AndroidRuntime: Process: com.eclipsesource.callv8, PID: 5322
10-26 20:18:38.629  5322  5322 E AndroidRuntime: java.lang.RuntimeException: Unable to start activity ComponentInfo{com.eclipsesource.callv8/com.eclipsesource.callv8.MainActivity}: java.lang.IllegalStateException: J2V8 native library not loaded (j2v8-android-aarch_64/j2v8-android-aarch_64)
10-26 20:18:38.629  5322  5322 E AndroidRuntime: 	at android.app.ActivityThread.performLaunchActivity(ActivityThread.java:2514)
10-26 20:18:38.629  5322  5322 E AndroidRuntime: 	at android.app.ActivityThread.handleLaunchActivity(ActivityThread.java:2575)
10-26 20:18:38.629  5322  5322 E AndroidRuntime: 	at android.app.ActivityThread.access$900(ActivityThread.java:160)
10-26 20:18:38.629  5322  5322 E AndroidRuntime: 	at android.app.ActivityThread$H.handleMessage(ActivityThread.java:1415)
10-26 20:18:38.629  5322  5322 E AndroidRuntime: 	at android.os.Handler.dispatchMessage(Handler.java:102)
10-26 20:18:38.629  5322  5322 E AndroidRuntime: 	at android.os.Looper.loop(Looper.java:148)
10-26 20:18:38.629  5322  5322 E AndroidRuntime: 	at android.app.ActivityThread.main(ActivityThread.java:5547)
10-26 20:18:38.629  5322  5322 E AndroidRuntime: 	at java.lang.reflect.Method.invoke(Native Method)
10-26 20:18:38.629  5322  5322 E AndroidRuntime: 	at com.android.internal.os.ZygoteInit$MethodAndArgsCaller.run(ZygoteInit.java:935)
10-26 20:18:38.629  5322  5322 E AndroidRuntime: 	at com.android.internal.os.ZygoteInit.main(ZygoteInit.java:726)
10-26 20:18:38.629  5322  5322 E AndroidRuntime: Caused by: java.lang.IllegalStateException: J2V8 native library not loaded (j2v8-android-aarch_64/j2v8-android-aarch_64)
10-26 20:18:38.629  5322  5322 E AndroidRuntime: 	at com.eclipsesource.v8.V8.checkNativeLibraryLoaded(V8.java:257)
10-26 20:18:38.629  5322  5322 E AndroidRuntime: 	at com.eclipsesource.v8.V8.createV8Runtime(V8.java:153)
10-26 20:18:38.629  5322  5322 E AndroidRuntime: 	at com.eclipsesource.v8.V8.createV8Runtime(V8.java:114)
10-26 20:18:38.629  5322  5322 E AndroidRuntime: 	at com.eclipsesource.callv8.MainActivity.onCreate(MainActivity.java:17)
10-26 20:18:38.629  5322  5322 E AndroidRuntime: 	at android.app.Activity.performCreate(Activity.java:6433)
10-26 20:18:38.629  5322  5322 E AndroidRuntime: 	at android.app.Instrumentation.callActivityOnCreate(Instrumentation.java:1108)
10-26 20:18:38.629  5322  5322 E AndroidRuntime: 	at android.app.ActivityThread.performLaunchActivity(ActivityThread.java:2457)
10-26 20:18:38.629  5322  5322 E AndroidRuntime: 	... 9 more
10-26 20:18:38.629  5322  5322 E AndroidRuntime: Caused by: java.lang.UnsatisfiedLinkError: dalvik.system.PathClassLoader[DexPathList[[zip file "/data/app/com.eclipsesource.callv8-2/base.apk"],nativeLibraryDirectories=[/data/app/com.eclipsesource.callv8-2/lib/arm64, /vendor/lib64, /system/lib64]]] couldn't find "libj2v8.so"
10-26 20:18:38.629  5322  5322 E AndroidRuntime: 	at java.lang.Runtime.loadLibrary(Runtime.java:367)
10-26 20:18:38.629  5322  5322 E AndroidRuntime: 	at java.lang.System.loadLibrary(System.java:1076)
10-26 20:18:38.629  5322  5322 E AndroidRuntime: 	at com.eclipsesource.v8.LibraryLoader.loadLibrary(LibraryLoader.java:82)
10-26 20:18:38.629  5322  5322 E AndroidRuntime: 	at com.eclipsesource.v8.V8.load(V8.java:75)
10-26 20:18:38.629  5322  5322 E AndroidRuntime: 	at com.eclipsesource.v8.V8.createV8Runtime(V8.java:149)
10-26 20:18:38.629  5322  5322 E AndroidRuntime: 	... 14 more
10-26 20:18:38.630  1379  2584 W ActivityManager:   Force finishing activity com.eclipsesource.callv8/.MainActivity
10-26 20:18:38.653  1379  1432 W ActivityManager: Skipping crash dialog of ProcessRecord{3b422f4 5322:com.eclipsesource.callv8/u0a141}: background
10-26 20:18:38.654  5322  5322 I Process : killProcess pid=5322
10-26 20:18:38.654  5322  5322 I Process : java.lang.RuntimeException
10-26 20:18:38.654  5322  5322 I Process : 	at android.os.Process.killProcess(Process.java:1136)
10-26 20:18:38.654  5322  5322 I Process : 	at com.android.internal.os.RuntimeInit$UncaughtHandler.uncaughtException(RuntimeInit.java:100)
10-26 20:18:38.654  5322  5322 I Process : 	at java.lang.ThreadGroup.uncaughtException(ThreadGroup.java:693)
10-26 20:18:38.654  5322  5322 I Process : 	at java.lang.ThreadGroup.uncaughtException(ThreadGroup.java:690)
10-26 20:18:38.654  5322  5322 I Process : Sending signal. PID: 5322 SIG: 9
10-26 20:18:38.658  1965  1965 E PackageActionReceiver: ACTION_PACKAGE_ADDED
10-26 20:18:38.669  1379  1926 I ActivityManager: Process com.eclipsesource.callv8 (pid 5322) has died
10-26 20:18:38.669  1379  1926 D ActivityManager: cleanUpApplicationRecord -- 5322
10-26 20:18:38.669  1379  1436 I IgnoreTouchEvent: ignoreTouchEvent onWindowDetached
10-26 20:18:38.670  5536  5536 E PackageActionReceiver: ACTION_PACKAGE_ADDED
10-26 20:18:38.672  3331  3331 D Tinker.DefaultAppLike: onTrimMemory level:5
10-26 20:18:38.676  3158  5327 I ANDR-IOP_CAP: Getting snapshot 5322
10-26 20:18:38.676  3158  5327 I ANDR-IOP_CAP: Dirname = /proc/5322/fd MAX_PATH = 4096
10-26 20:18:38.676  3158  5327 I ANDR-IOP_CAP: get_snapshot Enter dp = 0x0
10-26 20:18:38.676  3158  5327 I ANDR-IOP_CAP: dp = 0
10-26 20:18:38.690  3642  3642 D Tinker.DefaultAppLike: onTrimMemory level:5
10-26 20:18:38.690 28721 28721 D Tinker.DefaultAppLike: onTrimMemory level:5
10-26 20:18:38.699  3182  3189 E ANDR-PERF-OPTSHANDLER: freq is change to 0
10-26 20:18:38.726  3158  5327 I ANDR-IOP_CAP: Getting snapshot 5322
10-26 20:18:38.726  3158  5327 I ANDR-IOP_CAP: Dirname = /proc/5322/fd MAX_PATH = 4096
10-26 20:18:38.726  3158  5327 I ANDR-IOP_CAP: get_snapshot Enter dp = 0x0
10-26 20:18:38.726  3158  5327 I ANDR-IOP_CAP: dp = 0
10-26 20:18:38.728  1379  2517 W InputMethodManagerService: Window already focused, ignoring focus gain of: com.android.internal.view.IInputMethodClient$Stub$Proxy@c6a7a60 attribute=null, token = android.os.BinderProxy@748415b
10-26 20:18:38.746  2824  2824 W System.err: java.lang.NullPointerException: Attempt to invoke virtual method 'android.content.Context android.content.Context.getApplicationContext()' on a null object reference
10-26 20:18:38.747  2824  2824 W System.err: 	at tmsdk.common.TMSDKContext.getApplicaionContext(Unknown Source)
10-26 20:18:38.747  2824  2824 W System.err: 	at tmsdk.fg.creator.ManagerCreatorF.hk(Unknown Source)
10-26 20:18:38.747  2824  2824 W System.err: 	at tmsdk.fg.creator.ManagerCreatorF.getManager(Unknown Source)
10-26 20:18:38.747  2824  2824 W System.err: 	at com.smartisanos.datausage.BootCompletedReceiver.a(BootCompletedReceiver.java:54)
10-26 20:18:38.747  2824  2824 W System.err: 	at com.smartisanos.datausage.BootCompletedReceiver.doOnRecv(BootCompletedReceiver.java:29)
10-26 20:18:38.747  2824  2824 W System.err: 	at tmsdkobf.fi.onReceive(Unknown Source)
10-26 20:18:38.747  2824  2824 W System.err: 	at android.app.ActivityThread.handleReceiver(ActivityThread.java:2824)
10-26 20:18:38.747  2824  2824 W System.err: 	at android.app.ActivityThread.access$1800(ActivityThread.java:160)
10-26 20:18:38.747  2824  2824 W System.err: 	at android.app.ActivityThread$H.handleMessage(ActivityThread.java:1492)
10-26 20:18:38.747  2824  2824 W System.err: 	at android.os.Handler.dispatchMessage(Handler.java:102)
10-26 20:18:38.747  2824  2824 W System.err: 	at android.os.Looper.loop(Looper.java:148)
10-26 20:18:38.747  2824  2824 W System.err: 	at android.app.ActivityThread.main(ActivityThread.java:5547)
10-26 20:18:38.747  2824  2824 W System.err: 	at java.lang.reflect.Method.invoke(Native Method)
10-26 20:18:38.747  2824  2824 W System.err: 	at com.android.internal.os.ZygoteInit$MethodAndArgsCaller.run(ZygoteInit.java:935)
10-26 20:18:38.747  2824  2824 W System.err: 	at com.android.internal.os.ZygoteInit.main(ZygoteInit.java:726)
10-26 20:18:38.753  2694  2919 E SQLiteDatabase: Error inserting mani_md5=afced0c39dac789de11af8c422c0a6a5 sign_md5= pkg_name=com.eclipsesource.callv8 ver_code=1
10-26 20:18:38.753  2694  2919 E SQLiteDatabase: android.database.sqlite.SQLiteConstraintException: UNIQUE constraint failed: qqm_installed_apps.pkg_name (code 2067)
10-26 20:18:38.753  2694  2919 E SQLiteDatabase: 	at android.database.sqlite.SQLiteConnection.nativeExecuteForLastInsertedRowId(Native Method)
10-26 20:18:38.753  2694  2919 E SQLiteDatabase: 	at android.database.sqlite.SQLiteConnection.executeForLastInsertedRowId(SQLiteConnection.java:780)
10-26 20:18:38.753  2694  2919 E SQLiteDatabase: 	at android.database.sqlite.SQLiteSession.executeForLastInsertedRowId(SQLiteSession.java:788)
10-26 20:18:38.753  2694  2919 E SQLiteDatabase: 	at android.database.sqlite.SQLiteStatement.executeInsert(SQLiteStatement.java:86)
10-26 20:18:38.753  2694  2919 E SQLiteDatabase: 	at android.database.sqlite.SQLiteDatabase.insertWithOnConflict(SQLiteDatabase.java:1471)
10-26 20:18:38.753  2694  2919 E SQLiteDatabase: 	at android.database.sqlite.SQLiteDatabase.insert(SQLiteDatabase.java:1341)
10-26 20:18:38.753  2694  2919 E SQLiteDatabase: 	at com.tencent.mtt.external.market.d.e.a(Unknown Source)
10-26 20:18:38.753  2694  2919 E SQLiteDatabase: 	at com.tencent.mtt.external.market.s.a(Unknown Source)
10-26 20:18:38.753  2694  2919 E SQLiteDatabase: 	at com.tencent.mtt.external.market.s.a(Unknown Source)
10-26 20:18:38.753  2694  2919 E SQLiteDatabase: 	at com.tencent.mtt.external.market.m$c.handleMessage(Unknown Source)
10-26 20:18:38.753  2694  2919 E SQLiteDatabase: 	at android.os.Handler.dispatchMessage(Handler.java:102)
10-26 20:18:38.753  2694  2919 E SQLiteDatabase: 	at android.os.Looper.loop(Looper.java:148)
10-26 20:18:38.753  2694  2919 E SQLiteDatabase: 	at android.os.HandlerThread.run(HandlerThread.java:61)
10-26 20:18:38.763  2519  5606 W System.err: org.json.JSONException: Value [] at body of type org.json.JSONArray cannot be converted to JSONObject
10-26 20:18:38.763  2519  5606 W System.err: 	at org.json.JSON.typeMismatch(JSON.java:100)
10-26 20:18:38.763  2519  5606 W System.err: 	at org.json.JSONObject.getJSONObject(JSONObject.java:613)
10-26 20:18:38.763  2519  5606 W System.err: 	at com.smartisanos.expandservice.launcher.service.LauncherService.syncCategoryFromServer(LauncherService.java:312)
10-26 20:18:38.763  2519  5606 W System.err: 	at com.smartisanos.expandservice.launcher.service.LauncherService.handle_SYNC_APP_CATEGORY_BY_PACKAGE(LauncherService.java:336)
10-26 20:18:38.763  2519  5606 W System.err: 	at com.smartisanos.expandservice.launcher.service.LauncherService.handleAction(LauncherService.java:167)
10-26 20:18:38.763  2519  5606 W System.err: 	at com.smartisanos.expandservice.launcher.service.LauncherService.access$000(LauncherService.java:39)
10-26 20:18:38.763  2519  5606 W System.err: 	at com.smartisanos.expandservice.launcher.service.LauncherService$1.handleMessage(LauncherService.java:137)
10-26 20:18:38.763  2519  5606 W System.err: 	at android.os.Handler.dispatchMessage(Handler.java:102)
10-26 20:18:38.763  2519  5606 W System.err: 	at android.os.Looper.loop(Looper.java:148)
10-26 20:18:38.763  2519  5606 W System.err: 	at android.os.HandlerThread.run(HandlerThread.java:61)
10-26 20:18:38.769  3331  3331 V SharedPreferences: (null:-1) Config Helper: default_sharePreference
10-26 20:18:38.769  3331  3331 V ConfigurationHelper: (null:-1) doMigrate for key: GUIDE_INSTALL_APP_NAME Orignal file not exist!
10-26 20:18:38.769  3331  3331 V ConfigurationHelper: (null:-1) Get key: GUIDE_INSTALL_APP_NAME from preferencr(maybe migrate) cost: 0
10-26 20:18:38.769  3331  3331 V SharedPreferences: (null:-1) Config Helper: default_sharePreference
10-26 20:18:38.770  3331  3331 V ConfigurationHelper: (null:-1) doMigrate for key: GUIDE_INSTALL_PACKAGE_NAME Orignal file not exist!
10-26 20:18:38.770  3331  3331 V ConfigurationHelper: (null:-1) Get key: GUIDE_INSTALL_PACKAGE_NAME from preferencr(maybe migrate) cost: 1
10-26 20:18:38.776  3158  5327 I ANDR-IOP_CAP: Getting snapshot 5322
10-26 20:18:38.776  3158  5327 I ANDR-IOP_CAP: Dirname = /proc/5322/fd MAX_PATH = 4096
10-26 20:18:38.776  3158  5327 I ANDR-IOP_CAP: get_snapshot Enter dp = 0x0
10-26 20:18:38.776  3158  5327 I ANDR-IOP_CAP: dp = 0
10-26 20:18:38.782  2601  2955 E NewLauncher: DatabaseHandler : DEBUG : handleEventUpdateIcon update icon for id [87]
10-26 20:18:38.785  2601  2955 E NewLauncher: DatabaseHandler : DEBUG : itmeInfoList size ==> 1
10-26 20:18:38.827  3158  5327 I ANDR-IOP_CAP: Getting snapshot 5322
10-26 20:18:38.827  3158  5327 I ANDR-IOP_CAP: Dirname = /proc/5322/fd MAX_PATH = 4096
10-26 20:18:38.827  3158  5327 I ANDR-IOP_CAP: get_snapshot Enter dp = 0x0
10-26 20:18:38.827  3158  5327 I ANDR-IOP_CAP: dp = 0
10-26 20:18:38.877  3158  5327 I ANDR-IOP_CAP: Getting snapshot 5322
10-26 20:18:38.877  3158  5327 I ANDR-IOP_CAP: Dirname = /proc/5322/fd MAX_PATH = 4096
10-26 20:18:38.877  3158  5327 I ANDR-IOP_CAP: get_snapshot Enter dp = 0x0
10-26 20:18:38.877  3158  5327 I ANDR-IOP_CAP: dp = 0
10-26 20:18:38.927  3158  5327 I ANDR-IOP_CAP: Getting snapshot 5322
10-26 20:18:38.927  3158  5327 I ANDR-IOP_CAP: Dirname = /proc/5322/fd MAX_PATH = 4096
10-26 20:18:38.927  3158  5327 I ANDR-IOP_CAP: get_snapshot Enter dp = 0x0
10-26 20:18:38.927  3158  5327 I ANDR-IOP_CAP: dp = 0
10-26 20:18:38.947  3642  3888 I QiyiKeyManager: (null:-1) KeyUpdateTimer~~ alive
10-26 20:18:38.977  3158  5327 I ANDR-IOP_CAP: Getting snapshot 5322
10-26 20:18:38.977  3158  5327 I ANDR-IOP_CAP: Dirname = /proc/5322/fd MAX_PATH = 4096
10-26 20:18:38.977  3158  5327 I ANDR-IOP_CAP: get_snapshot Enter dp = 0x0
10-26 20:18:38.977  3158  5327 I ANDR-IOP_CAP: dp = 0
10-26 20:18:39.027  3158  5327 I ANDR-IOP_CAP: Getting snapshot 5322
10-26 20:18:39.027  3158  5327 I ANDR-IOP_CAP: Dirname = /proc/5322/fd MAX_PATH = 4096
10-26 20:18:39.027  3158  5327 I ANDR-IOP_CAP: get_snapshot Enter dp = 0x0
10-26 20:18:39.027  3158  5327 I ANDR-IOP_CAP: dp = 0
10-26 20:18:39.078  3158  5327 I ANDR-IOP_CAP: Getting snapshot 5322
10-26 20:18:39.078  3158  5327 I ANDR-IOP_CAP: Dirname = /proc/5322/fd MAX_PATH = 4096
10-26 20:18:39.078  3158  5327 I ANDR-IOP_CAP: get_snapshot Enter dp = 0x0
10-26 20:18:39.078  3158  5327 I ANDR-IOP_CAP: dp = 0
10-26 20:18:39.103  2587  2587 E PILLS   : ActivityResumedReceiver : Constants.WINDOW_READY false ! abandon action android.intent.action.ACTIVITY_RESUMED
10-26 20:18:39.107  2587  2587 E PILLS   : ActivityResumedReceiver : Constants.WINDOW_READY false ! abandon action android.intent.action.ACTIVITY_RESUMED
10-26 20:18:39.128  3158  5327 I ANDR-IOP_CAP: Getting snapshot 5322
10-26 20:18:39.128  3158  5327 I ANDR-IOP_CAP: Dirname = /proc/5322/fd MAX_PATH = 4096
10-26 20:18:39.128  3158  5327 I ANDR-IOP_CAP: get_snapshot Enter dp = 0x0
10-26 20:18:39.128  3158  5327 I ANDR-IOP_CAP: dp = 0
10-26 20:18:39.178  3158  5327 I ANDR-IOP_CAP: Getting snapshot 5322
10-26 20:18:39.178  3158  5327 I ANDR-IOP_CAP: Dirname = /proc/5322/fd MAX_PATH = 4096
10-26 20:18:39.178  3158  5327 I ANDR-IOP_CAP: get_snapshot Enter dp = 0x0
10-26 20:18:39.178  3158  5327 I ANDR-IOP_CAP: dp = 0
10-26 20:18:39.228  3158  5327 I ANDR-IOP_CAP: Getting snapshot 5322
10-26 20:18:39.228  3158  5327 I ANDR-IOP_CAP: Dirname = /proc/5322/fd MAX_PATH = 4096
10-26 20:18:39.228  3158  5327 I ANDR-IOP_CAP: get_snapshot Enter dp = 0x0
10-26 20:18:39.228  3158  5327 I ANDR-IOP_CAP: dp = 0
10-26 20:18:39.278  3158  5327 I ANDR-IOP_CAP: Getting snapshot 5322
10-26 20:18:39.279  3158  5327 I ANDR-IOP_CAP: Dirname = /proc/5322/fd MAX_PATH = 4096
10-26 20:18:39.279  3158  5327 I ANDR-IOP_CAP: get_snapshot Enter dp = 0x0
10-26 20:18:39.279  3158  5327 I ANDR-IOP_CAP: dp = 0
10-26 20:18:39.329  3158  5327 I ANDR-IOP_CAP: Getting snapshot 5322
10-26 20:18:39.329  3158  5327 I ANDR-IOP_CAP: Dirname = /proc/5322/fd MAX_PATH = 4096
10-26 20:18:39.329  3158  5327 I ANDR-IOP_CAP: get_snapshot Enter dp = 0x0
10-26 20:18:39.329  3158  5327 I ANDR-IOP_CAP: dp = 0
10-26 20:18:39.379  3158  5327 I ANDR-IOP_CAP: Getting snapshot 5322
10-26 20:18:39.379  3158  5327 I ANDR-IOP_CAP: Dirname = /proc/5322/fd MAX_PATH = 4096
10-26 20:18:39.379  3158  5327 I ANDR-IOP_CAP: get_snapshot Enter dp = 0x0
10-26 20:18:39.379  3158  5327 I ANDR-IOP_CAP: dp = 0
10-26 20:18:39.429  3158  5327 I ANDR-IOP_CAP: Getting snapshot 5322
10-26 20:18:39.429  3158  5327 I ANDR-IOP_CAP: Dirname = /proc/5322/fd MAX_PATH = 4096
10-26 20:18:39.429  3158  5327 I ANDR-IOP_CAP: get_snapshot Enter dp = 0x0
10-26 20:18:39.429  3158  5327 I ANDR-IOP_CAP: dp = 0
10-26 20:18:39.466  3331  3707 E p2p_limit: HCDN_LOG: Error [2017/10/26 20:18:39:466][tid:3707]:UploadLimitByCPU,p2p download limit speed 1200 kb 
10-26 20:18:39.479  3158  5327 I ANDR-IOP_CAP: Getting snapshot 5322
10-26 20:18:39.480  3158  5327 I ANDR-IOP_CAP: Dirname = /proc/5322/fd MAX_PATH = 4096
10-26 20:18:39.480  3158  5327 I ANDR-IOP_CAP: get_snapshot Enter dp = 0x0
10-26 20:18:39.480  3158  5327 I ANDR-IOP_CAP: dp = 0
10-26 20:18:39.530  3158  5327 I ANDR-IOP_CAP: Getting snapshot 5322
10-26 20:18:39.530  3158  5327 I ANDR-IOP_CAP: Dirname = /proc/5322/fd MAX_PATH = 4096
10-26 20:18:39.530  3158  5327 I ANDR-IOP_CAP: get_snapshot Enter dp = 0x0
10-26 20:18:39.530  3158  5327 I ANDR-IOP_CAP: dp = 0
10-26 20:18:39.580  3158  5327 I ANDR-IOP_CAP: Getting snapshot 5322
10-26 20:18:39.580  3158  5327 I ANDR-IOP_CAP: Dirname = /proc/5322/fd MAX_PATH = 4096
10-26 20:18:39.580  3158  5327 I ANDR-IOP_CAP: get_snapshot Enter dp = 0x0
10-26 20:18:39.580  3158  5327 I ANDR-IOP_CAP: dp = 0
10-26 20:18:39.630  3158  5327 I ANDR-IOP_CAP: Getting snapshot 5322
10-26 20:18:39.630  3158  5327 I ANDR-IOP_CAP: Dirname = /proc/5322/fd MAX_PATH = 4096
10-26 20:18:39.630  3158  5327 I ANDR-IOP_CAP: get_snapshot Enter dp = 0x0
10-26 20:18:39.630  3158  5327 I ANDR-IOP_CAP: dp = 0
10-26 20:18:39.681  3158  5327 I ANDR-IOP_CAP: Getting snapshot 5322
10-26 20:18:39.681  3158  5327 I ANDR-IOP_CAP: Dirname = /proc/5322/fd MAX_PATH = 4096
10-26 20:18:39.681  3158  5327 I ANDR-IOP_CAP: get_snapshot Enter dp = 0x0
10-26 20:18:39.681  3158  5327 I ANDR-IOP_CAP: dp = 0
10-26 20:18:39.718 28721 28808 E p2p_limit: HCDN_LOG: Error [2017/10/26 20:18:39:718][tid:28808]:UploadLimitByCPU,p2p download limit speed 1200 kb 
10-26 20:18:39.731  3158  5327 I ANDR-IOP_CAP: Getting snapshot 5322
10-26 20:18:39.731  3158  5327 I ANDR-IOP_CAP: Dirname = /proc/5322/fd MAX_PATH = 4096
10-26 20:18:39.731  3158  5327 I ANDR-IOP_CAP: get_snapshot Enter dp = 0x0
10-26 20:18:39.731  3158  5327 I ANDR-IOP_CAP: dp = 0
10-26 20:18:39.781  3158  5327 I ANDR-IOP_CAP: Getting snapshot 5322
10-26 20:18:39.781  3158  5327 I ANDR-IOP_CAP: Dirname = /proc/5322/fd MAX_PATH = 4096
10-26 20:18:39.781  3158  5327 I ANDR-IOP_CAP: get_snapshot Enter dp = 0x0
10-26 20:18:39.781  3158  5327 I ANDR-IOP_CAP: dp = 0
10-26 20:18:39.783  3642  3954 E p2p_limit: HCDN_LOG: Error [2017/10/26 20:18:39:783][tid:3954]:UploadLimitByCPU,p2p download limit speed 1200 kb 
10-26 20:18:39.832  3158  5327 I ANDR-IOP_CAP: Getting snapshot 5322
10-26 20:18:39.832  3158  5327 I ANDR-IOP_CAP: Dirname = /proc/5322/fd MAX_PATH = 4096
10-26 20:18:39.832  3158  5327 I ANDR-IOP_CAP: get_snapshot Enter dp = 0x0
10-26 20:18:39.832  3158  5327 I ANDR-IOP_CAP: dp = 0
10-26 20:18:39.882  3158  5327 I ANDR-IOP_CAP: Getting snapshot 5322
10-26 20:18:39.882  3158  5327 I ANDR-IOP_CAP: Dirname = /proc/5322/fd MAX_PATH = 4096
10-26 20:18:39.882  3158  5327 I ANDR-IOP_CAP: get_snapshot Enter dp = 0x0
10-26 20:18:39.882  3158  5327 I ANDR-IOP_CAP: dp = 0
10-26 20:18:39.932  3158  5327 I ANDR-IOP_CAP: Getting snapshot 5322
10-26 20:18:39.933  3158  5327 I ANDR-IOP_CAP: Dirname = /proc/5322/fd MAX_PATH = 4096
10-26 20:18:39.933  3158  5327 I ANDR-IOP_CAP: get_snapshot Enter dp = 0x0
10-26 20:18:39.933  3158  5327 I ANDR-IOP_CAP: dp = 0
10-26 20:18:39.983  3158  5327 I ANDR-IOP_CAP: Getting snapshot 5322
10-26 20:18:39.983  3158  5327 I ANDR-IOP_CAP: Dirname = /proc/5322/fd MAX_PATH = 4096
10-26 20:18:39.983  3158  5327 I ANDR-IOP_CAP: get_snapshot Enter dp = 0x0
10-26 20:18:39.983  3158  5327 I ANDR-IOP_CAP: dp = 0
10-26 20:18:40.034  3158  5327 I ANDR-IOP_CAP: Getting snapshot 5322
10-26 20:18:40.034  3158  5327 I ANDR-IOP_CAP: Dirname = /proc/5322/fd MAX_PATH = 4096
10-26 20:18:40.034  3158  5327 I ANDR-IOP_CAP: get_snapshot Enter dp = 0x0
10-26 20:18:40.034  3158  5327 I ANDR-IOP_CAP: dp = 0
10-26 20:18:40.084  3158  5327 I ANDR-IOP_CAP: Getting snapshot 5322
10-26 20:18:40.084  3158  5327 I ANDR-IOP_CAP: Dirname = /proc/5322/fd MAX_PATH = 4096
10-26 20:18:40.085  3158  5327 I ANDR-IOP_CAP: get_snapshot Enter dp = 0x0
10-26 20:18:40.085  3158  5327 I ANDR-IOP_CAP: dp = 0
10-26 20:18:40.135  3158  5327 I ANDR-IOP_CAP: Getting snapshot 5322
10-26 20:18:40.135  3158  5327 I ANDR-IOP_CAP: Dirname = /proc/5322/fd MAX_PATH = 4096
10-26 20:18:40.135  3158  5327 I ANDR-IOP_CAP: get_snapshot Enter dp = 0x0
10-26 20:18:40.135  3158  5327 I ANDR-IOP_CAP: dp = 0
10-26 20:18:40.185  3158  5327 I ANDR-IOP_CAP: Getting snapshot 5322
10-26 20:18:40.185  3158  5327 I ANDR-IOP_CAP: Dirname = /proc/5322/fd MAX_PATH = 4096
10-26 20:18:40.186  3158  5327 I ANDR-IOP_CAP: get_snapshot Enter dp = 0x0
10-26 20:18:40.186  3158  5327 I ANDR-IOP_CAP: dp = 0
10-26 20:18:40.236  3158  5327 I ANDR-IOP_CAP: Getting snapshot 5322
10-26 20:18:40.236  3158  5327 I ANDR-IOP_CAP: Dirname = /proc/5322/fd MAX_PATH = 4096
10-26 20:18:40.236  3158  5327 I ANDR-IOP_CAP: get_snapshot Enter dp = 0x0
10-26 20:18:40.236  3158  5327 I ANDR-IOP_CAP: dp = 0
10-26 20:18:40.286  3158  5327 I ANDR-IOP_CAP: Getting snapshot 5322
10-26 20:18:40.286  3158  5327 I ANDR-IOP_CAP: Dirname = /proc/5322/fd MAX_PATH = 4096
10-26 20:18:40.286  3158  5327 I ANDR-IOP_CAP: get_snapshot Enter dp = 0x0
10-26 20:18:40.286  3158  5327 I ANDR-IOP_CAP: dp = 0
10-26 20:18:40.336  3158  5327 I ANDR-IOP_CAP: Getting snapshot 5322
10-26 20:18:40.336  3158  5327 I ANDR-IOP_CAP: Dirname = /proc/5322/fd MAX_PATH = 4096
10-26 20:18:40.337  3158  5327 I ANDR-IOP_CAP: get_snapshot Enter dp = 0x0
10-26 20:18:40.337  3158  5327 I ANDR-IOP_CAP: dp = 0
10-26 20:18:40.387  3158  5327 I ANDR-IOP_CAP: Getting snapshot 5322
10-26 20:18:40.387  3158  5327 I ANDR-IOP_CAP: Dirname = /proc/5322/fd MAX_PATH = 4096
10-26 20:18:40.387  3158  5327 I ANDR-IOP_CAP: get_snapshot Enter dp = 0x0
10-26 20:18:40.387  3158  5327 I ANDR-IOP_CAP: dp = 0
10-26 20:18:40.437  3158  5327 I ANDR-IOP_CAP: Getting snapshot 5322
10-26 20:18:40.437  3158  5327 I ANDR-IOP_CAP: Dirname = /proc/5322/fd MAX_PATH = 4096
10-26 20:18:40.437  3158  5327 I ANDR-IOP_CAP: get_snapshot Enter dp = 0x0
10-26 20:18:40.437  3158  5327 I ANDR-IOP_CAP: dp = 0
10-26 20:18:40.487  3158  5327 I ANDR-IOP_CAP: Getting snapshot 5322
10-26 20:18:40.488  3158  5327 I ANDR-IOP_CAP: Dirname = /proc/5322/fd MAX_PATH = 4096
10-26 20:18:40.488  3158  5327 I ANDR-IOP_CAP: get_snapshot Enter dp = 0x0
10-26 20:18:40.488  3158  5327 I ANDR-IOP_CAP: dp = 0
10-26 20:18:40.538  3158  5327 I ANDR-IOP_CAP: Getting snapshot 5322
10-26 20:18:40.538  3158  5327 I ANDR-IOP_CAP: Dirname = /proc/5322/fd MAX_PATH = 4096
10-26 20:18:40.538  3158  5327 I ANDR-IOP_CAP: get_snapshot Enter dp = 0x0
10-26 20:18:40.538  3158  5327 I ANDR-IOP_CAP: dp = 0
10-26 20:18:40.589  3158  5327 I ANDR-IOP_CAP: Getting snapshot 5322
10-26 20:18:40.589  3158  5327 I ANDR-IOP_CAP: Dirname = /proc/5322/fd MAX_PATH = 4096
10-26 20:18:40.589  3158  5327 I ANDR-IOP_CAP: get_snapshot Enter dp = 0x0
10-26 20:18:40.589  3158  5327 I ANDR-IOP_CAP: dp = 0
10-26 20:18:40.641  3158  5327 I ANDR-IOP_CAP: Getting snapshot 5322
10-26 20:18:40.641  3158  5327 I ANDR-IOP_CAP: Dirname = /proc/5322/fd MAX_PATH = 4096
10-26 20:18:40.641  3158  5327 I ANDR-IOP_CAP: get_snapshot Enter dp = 0x0
10-26 20:18:40.641  3158  5327 I ANDR-IOP_CAP: dp = 0
10-26 20:18:40.692  3158  5327 I ANDR-IOP_CAP: Getting snapshot 5322
10-26 20:18:40.692  3158  5327 I ANDR-IOP_CAP: Dirname = /proc/5322/fd MAX_PATH = 4096
10-26 20:18:40.692  3158  5327 I ANDR-IOP_CAP: get_snapshot Enter dp = 0x0
10-26 20:18:40.692  3158  5327 I ANDR-IOP_CAP: dp = 0
10-26 20:18:40.743  3158  5327 I ANDR-IOP_CAP: Getting snapshot 5322
10-26 20:18:40.743  3158  5327 I ANDR-IOP_CAP: Dirname = /proc/5322/fd MAX_PATH = 4096
10-26 20:18:40.743  3158  5327 I ANDR-IOP_CAP: get_snapshot Enter dp = 0x0
10-26 20:18:40.743  3158  5327 I ANDR-IOP_CAP: dp = 0
10-26 20:18:40.793  3158  5327 I ANDR-IOP_CAP: Getting snapshot 5322
10-26 20:18:40.794  3158  5327 I ANDR-IOP_CAP: Dirname = /proc/5322/fd MAX_PATH = 4096
10-26 20:18:40.794  3158  5327 I ANDR-IOP_CAP: get_snapshot Enter dp = 0x0
10-26 20:18:40.794  3158  5327 I ANDR-IOP_CAP: dp = 0
10-26 20:18:40.844  3158  5327 I ANDR-IOP_CAP: Getting snapshot 5322
10-26 20:18:40.844  3158  5327 I ANDR-IOP_CAP: Dirname = /proc/5322/fd MAX_PATH = 4096
10-26 20:18:40.845  3158  5327 I ANDR-IOP_CAP: get_snapshot Enter dp = 0x0
10-26 20:18:40.845  3158  5327 I ANDR-IOP_CAP: dp = 0
10-26 20:18:40.895  3158  5327 I ANDR-IOP_CAP: Getting snapshot 5322
10-26 20:18:40.895  3158  5327 I ANDR-IOP_CAP: Dirname = /proc/5322/fd MAX_PATH = 4096
10-26 20:18:40.895  3158  5327 I ANDR-IOP_CAP: get_snapshot Enter dp = 0x0
10-26 20:18:40.896  3158  5327 I ANDR-IOP_CAP: dp = 0
10-26 20:18:40.946  3158  5327 I ANDR-IOP_CAP: Getting snapshot 5322
10-26 20:18:40.946  3158  5327 I ANDR-IOP_CAP: Dirname = /proc/5322/fd MAX_PATH = 4096
10-26 20:18:40.946  3158  5327 I ANDR-IOP_CAP: get_snapshot Enter dp = 0x0
10-26 20:18:40.946  3158  5327 I ANDR-IOP_CAP: dp = 0
10-26 20:18:40.997  3158  5327 I ANDR-IOP_CAP: Getting snapshot 5322
10-26 20:18:40.997  3158  5327 I ANDR-IOP_CAP: Dirname = /proc/5322/fd MAX_PATH = 4096
10-26 20:18:40.997  3158  5327 I ANDR-IOP_CAP: get_snapshot Enter dp = 0x0
10-26 20:18:40.997  3158  5327 I ANDR-IOP_CAP: dp = 0
10-26 20:18:41.047  3158  5327 I ANDR-IOP_CAP: Getting snapshot 5322
10-26 20:18:41.047  3158  5327 I ANDR-IOP_CAP: Dirname = /proc/5322/fd MAX_PATH = 4096
10-26 20:18:41.047  3158  5327 I ANDR-IOP_CAP: get_snapshot Enter dp = 0x0
10-26 20:18:41.047  3158  5327 I ANDR-IOP_CAP: dp = 0
10-26 20:18:41.098  3158  5327 I ANDR-IOP_CAP: Getting snapshot 5322
10-26 20:18:41.098  3158  5327 I ANDR-IOP_CAP: Dirname = /proc/5322/fd MAX_PATH = 4096
10-26 20:18:41.098  3158  5327 I ANDR-IOP_CAP: get_snapshot Enter dp = 0x0
10-26 20:18:41.098  3158  5327 I ANDR-IOP_CAP: dp = 0
10-26 20:18:41.148  3158  5327 I ANDR-IOP_CAP: Getting snapshot 5322
10-26 20:18:41.148  3158  5327 I ANDR-IOP_CAP: Dirname = /proc/5322/fd MAX_PATH = 4096
10-26 20:18:41.149  3158  5327 I ANDR-IOP_CAP: get_snapshot Enter dp = 0x0
10-26 20:18:41.149  3158  5327 I ANDR-IOP_CAP: dp = 0
10-26 20:18:41.199  3158  5327 I ANDR-IOP_CAP: Getting snapshot 5322
10-26 20:18:41.199  3158  5327 I ANDR-IOP_CAP: Dirname = /proc/5322/fd MAX_PATH = 4096
10-26 20:18:41.199  3158  5327 I ANDR-IOP_CAP: get_snapshot Enter dp = 0x0
10-26 20:18:41.199  3158  5327 I ANDR-IOP_CAP: dp = 0
10-26 20:18:41.214  2460  5350 D SpeechServiceUtil: SpeechServiceUtil | updateLexicon Intent { (has extras) }---package = com.smartisanos.voice
10-26 20:18:41.218  2658  5353 D MSC_LOG : QMSPUploadData Begin
10-26 20:18:41.210  3349  3349 W BuildManager: type=1400 audit(0.0:2605112): avc: denied { ioctl } for path="socket:[1473084]" dev="sockfs" ino=1473084 ioctlcmd=8927 scontext=u:r:untrusted_app:s0:c512,c768 tcontext=u:r:untrusted_app:s0:c512,c768 tclass=tcp_socket permissive=0
10-26 20:18:41.210  3349  3349 W BuildManager: type=1400 audit(0.0:2605113): avc: denied { ioctl } for path="socket:[1473084]" dev="sockfs" ino=1473084 ioctlcmd=8927 scontext=u:r:untrusted_app:s0:c512,c768 tcontext=u:r:untrusted_app:s0:c512,c768 tclass=tcp_socket permissive=0
10-26 20:18:41.210  3349  3349 W BuildManager: type=1400 audit(0.0:2605114): avc: denied { ioctl } for path="socket:[1473084]" dev="sockfs" ino=1473084 ioctlcmd=8927 scontext=u:r:untrusted_app:s0:c512,c768 tcontext=u:r:untrusted_app:s0:c512,c768 tclass=tcp_socket permissive=0
10-26 20:18:41.249  3158  5327 I ANDR-IOP_CAP: Getting snapshot 5322
10-26 20:18:41.249  3158  5327 I ANDR-IOP_CAP: Dirname = /proc/5322/fd MAX_PATH = 4096
10-26 20:18:41.249  3158  5327 I ANDR-IOP_CAP: get_snapshot Enter dp = 0x0
10-26 20:18:41.249  3158  5327 I ANDR-IOP_CAP: dp = 0
10-26 20:18:41.282  2460  5352 D SpeechServiceUtil: SpeechServiceUtil | updateLexicon Intent { (has extras) }---package = com.smartisanos.voice
10-26 20:18:41.283  1379  3269 D DhcpClient: Received packet: 0e:e7:52:b7:34:7c ACK: your new IP /10.2.132.74, netmask /255.255.240.0, gateways [/10.2.143.254] DNS servers: /10.1.30.51 /10.1.30.52 , lease time 43200
10-26 20:18:41.298  2658  5353 D MSC_LOG : QMSPUploadData End
10-26 20:18:41.299  3158  5327 I ANDR-IOP_CAP: Getting snapshot 5322
10-26 20:18:41.299  3158  5327 I ANDR-IOP_CAP: Dirname = /proc/5322/fd MAX_PATH = 4096
10-26 20:18:41.299  3158  5327 I ANDR-IOP_CAP: get_snapshot Enter dp = 0x0
10-26 20:18:41.299  3158  5327 I ANDR-IOP_CAP: dp = 0
10-26 20:18:41.300  2658  2787 D SPEECH_AITALK_JNI: JniSetGrmGrammarPath | path: /data/user/0/com.iflytek.speechsuite/com.smartisanos.voice/
10-26 20:18:41.300  2658  2787 D SPEECH_AITALK_JNI: JniBeginLexicon | begin
10-26 20:18:41.300  2658  2787 D SPEECH_AITALK_JNI: GrmDictBegin < ret=0
10-26 20:18:41.349  3158  5327 I ANDR-IOP_CAP: Getting snapshot 5322
10-26 20:18:41.349  3158  5327 I ANDR-IOP_CAP: Dirname = /proc/5322/fd MAX_PATH = 4096
10-26 20:18:41.349  3158  5327 I ANDR-IOP_CAP: get_snapshot Enter dp = 0x0
10-26 20:18:41.349  3158  5327 I ANDR-IOP_CAP: dp = 0
10-26 20:18:41.350  2658  2787 E SPEECH_AITALK_JNI: JniAddLexiconItem | nStatus = 100004, pWord = NSYLO(uaS-N_5[[7bgRp~, id = 1178
10-26 20:18:41.370  2658  2787 E SPEECH_AITALK_JNI: JniAddLexiconItem | nStatus = 100004, pWord = ^Lw}vO(uaS5[gRp~, id = 1564
10-26 20:18:41.400  3158  5327 I ANDR-IOP_CAP: Getting snapshot 5322
10-26 20:18:41.400  3158  5327 I ANDR-IOP_CAP: Dirname = /proc/5322/fd MAX_PATH = 4096
10-26 20:18:41.400  3158  5327 I ANDR-IOP_CAP: get_snapshot Enter dp = 0x0
10-26 20:18:41.400  3158  5327 I ANDR-IOP_CAP: dp = 0
10-26 20:18:41.408  2658  2787 E SPEECH_AITALK_JNI: JniAddLexiconItem | nStatus = 100004, pWord = ^QQgFUNLO(uaS[7bgR-N_, id = 2317
10-26 20:18:41.416  2658  2787 E SPEECH_AITALK_JNI: JniAddLexiconItem | nStatus = 100004, pWord = _lQQgO(u>yTT>y_lwQbSb, id = 2473
10-26 20:18:41.416  2658  2787 D SPEECH_AITALK_JNI: JniEndLexicon | begin
10-26 20:18:41.417  2658  2787 D SPEECH_AITALK_JNI: CBOpenFile | pUser = 0x1, lpFileName = /dqpdlgga.d, enMod = 2, enType = 3
10-26 20:18:41.417  2658  2787 D SPEECH_AITALK_JNI: CBOpenFile file:/data/user/0/com.iflytek.speechsuite/com.smartisanos.voice/temp//dqpdlgga.d  OK
10-26 20:18:41.419  2658  2787 D SPEECH_AITALK_JNI: JniUpdateGrammar | begin
10-26 20:18:41.419  2658  2787 D SPEECH_AITALK_JNI: UpdateGrammar  h
10-26 20:18:41.419  2658  2787 D SPEECH_AITALK_JNI: CBOpenFile | pUser = 0x1, lpFileName = /headset.g, enMod = 1, enType = 3
10-26 20:18:41.419  2658  2787 D SPEECH_AITALK_JNI: CBOpenFile file:/data/user/0/com.iflytek.speechsuite/com.smartisanos.voice/temp//headset.g  OK
10-26 20:18:41.419  2658  2787 D SPEECH_AITALK_JNI: CBOpenFile | pUser = 0x1, lpFileName = /headset.g, enMod = 2, enType = 3
10-26 20:18:41.419  2658  2787 D SPEECH_AITALK_JNI: CBOpenFile file:/data/user/0/com.iflytek.speechsuite/com.smartisanos.voice/temp//headset.g  OK
10-26 20:18:41.420  2658  2787 D SPEECH_AITALK_JNI: CBOpenFile | pUser = 0x1, lpFileName = /storage/emulated/0/speechsuite/data/asr/ivHmmRes_16K.irf, enMod = 1, enType = 1
10-26 20:18:41.420  2658  2787 D SPEECH_AITALK_JNI: CBOpenFile file:/storage/emulated/0/speechsuite/data/asr/ivHmmRes_16K.irf  OK
10-26 20:18:41.450  3158  5327 I ANDR-IOP_CAP: Getting snapshot 5322
10-26 20:18:41.450  3158  5327 I ANDR-IOP_CAP: Dirname = /proc/5322/fd MAX_PATH = 4096
10-26 20:18:41.450  3158  5327 I ANDR-IOP_CAP: get_snapshot Enter dp = 0x0
10-26 20:18:41.450  3158  5327 I ANDR-IOP_CAP: dp = 0
10-26 20:18:41.500  3158  5327 I ANDR-IOP_CAP: Getting snapshot 5322
10-26 20:18:41.500  3158  5327 I ANDR-IOP_CAP: Dirname = /proc/5322/fd MAX_PATH = 4096
10-26 20:18:41.500  3158  5327 I ANDR-IOP_CAP: get_snapshot Enter dp = 0x0
10-26 20:18:41.500  3158  5327 I ANDR-IOP_CAP: dp = 0
10-26 20:18:41.538  2658  2787 D SPEECH_AITALK_JNI: CBOpenFile | pUser = 0x1, lpFileName = /headset_16K.wfst, enMod = 2, enType = 3
10-26 20:18:41.538  2658  2787 D SPEECH_AITALK_JNI: CBOpenFile file:/data/user/0/com.iflytek.speechsuite/com.smartisanos.voice/temp//headset_16K.wfst  OK
10-26 20:18:41.543  2658  2787 D SPEECH_AITALK_JNI: UpdateGrammar GrmBuildNetWork  ret=0
10-26 20:18:41.543  2658  2787 D SPEECH_AITALK_JNI: JniSetRecogGrammarPath | path: /data/user/0/com.iflytek.speechsuite/com.smartisanos.voice/
10-26 20:18:41.543  2658  2787 D SPEECH_AITALK_JNI: CBCopyFile /data/user/0/com.iflytek.speechsuite/com.smartisanos.voice/temp/headset_16K.wfst => /data/user/0/com.iflytek.speechsuite/com.smartisanos.voice/headset_16K.wfst
10-26 20:18:41.544  2658  2787 D SPEECH_AITALK_JNI: CBCopyFile src file:/data/user/0/com.iflytek.speechsuite/com.smartisanos.voice/temp/headset_16K.wfst 612420
10-26 20:18:41.544  2658  2787 D SPEECH_AITALK_JNI: CBCopyFile des file:/data/user/0/com.iflytek.speechsuite/com.smartisanos.voice/headset_16K.wfst 612420
10-26 20:18:41.546  2658  2787 D SPEECH_AITALK_JNI: CBCopyFile /data/user/0/com.iflytek.speechsuite/com.smartisanos.voice/temp/headset.g => /data/user/0/com.iflytek.speechsuite/com.smartisanos.voice/headset.g
10-26 20:18:41.546  2658  2787 D SPEECH_AITALK_JNI: CBCopyFile src file:/data/user/0/com.iflytek.speechsuite/com.smartisanos.voice/temp/headset.g 2348
10-26 20:18:41.546  2658  2787 D SPEECH_AITALK_JNI: CBCopyFile des file:/data/user/0/com.iflytek.speechsuite/com.smartisanos.voice/headset.g 2348
10-26 20:18:41.546  2658  2787 D SPEECH_AITALK_JNI: CBOpenFile | pUser = 0x0, lpFileName = /headset.g, enMod = 1, enType = 3
10-26 20:18:41.546  2658  2787 D SPEECH_AITALK_JNI: CBOpenFile file:/data/user/0/com.iflytek.speechsuite/com.smartisanos.voice/temp//headset.g  OK
10-26 20:18:41.546  2658  2787 D SPEECH_AITALK_JNI: CBCopyFile /data/user/0/com.iflytek.speechsuite/com.smartisanos.voice/temp/bzvskdaa.d => /data/user/0/com.iflytek.speechsuite/com.smartisanos.voice/bzvskdaa.d
10-26 20:18:41.547  2658  2787 D SPEECH_AITALK_JNI: CBCopyFile src file:/data/user/0/com.iflytek.speechsuite/com.smartisanos.voice/temp/bzvskdaa.d 1226
10-26 20:18:41.547  2658  2787 D SPEECH_AITALK_JNI: CBCopyFile des file:/data/user/0/com.iflytek.speechsuite/com.smartisanos.voice/bzvskdaa.d 1226
10-26 20:18:41.547  2658  2787 D SPEECH_AITALK_JNI: CBCopyFile /data/user/0/com.iflytek.speechsuite/com.smartisanos.voice/temp/dqpdlgga.d => /data/user/0/com.iflytek.speechsuite/com.smartisanos.voice/dqpdlgga.d
10-26 20:18:41.547  2658  2787 D SPEECH_AITALK_JNI: CBCopyFile src file:/data/user/0/com.iflytek.speechsuite/com.smartisanos.voice/temp/dqpdlgga.d 128860
10-26 20:18:41.547  2658  2787 D SPEECH_AITALK_JNI: CBCopyFile des file:/data/user/0/com.iflytek.speechsuite/com.smartisanos.voice/dqpdlgga.d 128860
10-26 20:18:41.547  2658  2787 D SPEECH_AITALK_JNI: CBCopyFile /data/user/0/com.iflytek.speechsuite/com.smartisanos.voice/temp/uikawbda.d => /data/user/0/com.iflytek.speechsuite/com.smartisanos.voice/uikawbda.d
10-26 20:18:41.547  2658  2787 D SPEECH_AITALK_JNI: CBCopyFile src file:/data/user/0/com.iflytek.speechsuite/com.smartisanos.voice/temp/uikawbda.d 1228
10-26 20:18:41.547  2658  2787 D SPEECH_AITALK_JNI: CBCopyFile des file:/data/user/0/com.iflytek.speechsuite/com.smartisanos.voice/uikawbda.d 1228
10-26 20:18:41.547  2658  2787 D SPEECH_AITALK_JNI: EsrCommitNetWork ret = 0
10-26 20:18:41.550  3158  5327 I ANDR-IOP_CAP: Dir = /data/app/com.eclipsesource.callv8-1
10-26 20:18:41.550  3158  5327 I ANDR-IOP_CAP: First dp = 0
10-26 20:18:41.550  3158  5327 I ANDR-IOP_CAP: dp is NULL
10-26 20:18:41.550  3158  5327 I ANDR-IOP_CAP: Dir = /data/app/com.eclipsesource.callv8-2
10-26 20:18:41.550  3158  5327 I ANDR-IOP_CAP: First dp = -1970610176
10-26 20:18:41.550  3158  5327 I ANDR-IOP_CAP: current or previous dir IGNORE
10-26 20:18:41.550  3158  5327 I ANDR-IOP_CAP: current or previous dir IGNORE
10-26 20:18:41.550  3158  5327 I ANDR-IOP_CAP: Opening file = /data/app/com.eclipsesource.callv8-2/base.apk
10-26 20:18:41.550  3158  5327 I ANDR-IOP_CAP: curTime = 1509020321, start_capture_time_s = 1509020318,f_st.st_atime = 1509020316
10-26 20:18:41.550  3158  5327 I ANDR-IOP_CAP: File is accessed base.apk 
10-26 20:18:41.550  3158  5327 I ANDR-IOP_CAP: inserting pathname = /data/app/com.eclipsesource.callv8-2/base.apk,f_st.st_size = 1469431, a_time = 1010
10-26 20:18:41.550  3158  5327 I ANDR-IOP_CAP: Opening dir new_dp = /data/app/com.eclipsesource.callv8-2/lib
10-26 20:18:41.550  3158  5327 I ANDR-IOP_CAP: current or previous dir IGNORE
10-26 20:18:41.550  3158  5327 I ANDR-IOP_CAP: current or previous dir IGNORE
10-26 20:18:41.550  3158  5327 I ANDR-IOP_CAP: Opening dir new_dp = /data/app/com.eclipsesource.callv8-2/oat
10-26 20:18:41.550  3158  5327 I ANDR-IOP_CAP: Dir = /data/data/com.eclipsesource.callv8
10-26 20:18:41.551  3158  5327 I ANDR-IOP_CAP: First dp = -1970610176
10-26 20:18:41.551  3158  5327 I ANDR-IOP_CAP: current or previous dir IGNORE
10-26 20:18:41.551  3158  5327 I ANDR-IOP_CAP: current or previous dir IGNORE
10-26 20:18:41.540  5327  5327 W iop     : type=1400 audit(0.0:2605115): avc: denied { read } for name="oat" dev="sda13" ino=2638355 scontext=u:r:dumpstate:s0 tcontext=u:object_r:dalvikcache_data_file:s0 tclass=dir permissive=0
10-26 20:18:41.551  3158  5327 I ANDR-IOP_CAP: Opening dir new_dp = /data/data/com.eclipsesource.callv8/cache
10-26 20:18:41.551  3158  5327 I ANDR-IOP_CAP: current or previous dir IGNORE
10-26 20:18:41.551  3158  5327 I ANDR-IOP_CAP: current or previous dir IGNORE
10-26 20:18:41.551  3158  5327 I ANDR-IOP_CAP: Opening dir new_dp = /data/data/com.eclipsesource.callv8/code_cache
10-26 20:18:41.551  3158  5327 I ANDR-IOP_CAP: current or previous dir IGNORE
10-26 20:18:41.551  3158  5327 I ANDR-IOP_CAP: current or previous dir IGNORE
10-26 20:18:41.551  3158  5327 I ANDR-IOP_CAP: pkg_name = com.eclipsesource.callv8 total_files = 5 
10-26 20:18:41.551  3158  5327 I ANDR-IOP_DB: 
10-26 20:18:41.551  3158  5327 I ANDR-IOP_DB:  get_file SELECT * FROM io_pkg_tbl WHERE pkg_name='com.eclipsesource.callv8' 
10-26 20:18:41.551  3158  5327 I ANDR-IOP_DB: pkg_name = com.eclipsesource.callv8 
10-26 20:18:41.551  3158  5327 I ANDR-IOP_DB: update_pkg_details
10-26 20:18:41.551  3158  5327 I ANDR-IOP_DB: 
10-26 20:18:41.551  3158  5327 I ANDR-IOP_DB: Query = UPDATE io_pkg_tbl SET pkg_last_use = 1509020321,pkg_use_count = pkg_use_count+1 WHERE pkg_name = 'com.eclipsesource.callv8' 
10-26 20:18:41.587  3158  5327 I ANDR-IOP_DB: 
10-26 20:18:41.587  3158  5327 I ANDR-IOP_DB:  get_file select * from io_pkg_file_tbl where pkg_name='com.eclipsesource.callv8'  AND (file_name = '/system/framework/framework-res.apk') 
10-26 20:18:41.587  3158  5327 I ANDR-IOP_DB: pkg_name = com.eclipsesource.callv8 
10-26 20:18:41.587  3158  5327 I ANDR-IOP_DB: get_file_cb filename = /system/framework/framework-res.apk 
10-26 20:18:41.587  3158  5327 I ANDR-IOP_DB: 
10-26 20:18:41.587  3158  5327 I ANDR-IOP_DB: Query = UPDATE io_pkg_file_tbl  SET  file_use_counter = file_use_counter+1 ,file_time_stamp = 0 ,file_size = 17178140 WHERE pkg_name = 'com.eclipsesource.callv8' AND (file_name = '/system/framework/framework-res.apk') 
10-26 20:18:41.588  3158  5327 I ANDR-IOP_DB: 
10-26 20:18:41.588  3158  5327 I ANDR-IOP_DB:  get_file select * from io_pkg_file_tbl where pkg_name='com.eclipsesource.callv8'  AND (file_name = '/system/framework/framework-smartisanos-res/framework-smartisanos-res.apk') 
10-26 20:18:41.588  3158  5327 I ANDR-IOP_DB: pkg_name = com.eclipsesource.callv8 
10-26 20:18:41.588  3158  5327 I ANDR-IOP_DB: get_file_cb filename = /system/framework/framework-smartisanos-res/framework-smartisanos-res.apk 
10-26 20:18:41.588  3158  5327 I ANDR-IOP_DB: 
10-26 20:18:41.588  3158  5327 I ANDR-IOP_DB: Query = UPDATE io_pkg_file_tbl  SET  file_use_counter = file_use_counter+1 ,file_time_stamp = 0 ,file_size = 6030046 WHERE pkg_name = 'com.eclipsesource.callv8' AND (file_name = '/system/framework/framework-smartisanos-res/framework-smartisanos-res.apk') 
10-26 20:18:41.588  3158  5327 I ANDR-IOP_DB: 
