10-26 19:59:57.863  3331  3525 I chatty  : uid=10186(com.qiyi.video) pool-2-thread-1 expire 4 lines
10-26 19:59:57.863  3331  3532 I chatty  : uid=10186(com.qiyi.video) Thread-90 expire 5 lines
10-26 19:59:58.564  4840  4840 I chatty  : uid=10125(com.youku.phone) AsyncTask #2 expire 20 lines
10-26 19:59:58.946  3642  3888 I chatty  : uid=10186(com.qiyi.video) Timer-0 expire 1 line
10-26 20:00:00.015  1965  4864 D Joe     : interval condition: false
10-26 20:00:00.016  1965  4864 I DpmTcmClient: RegisterTcmMonitor from: com.android.okhttp.TcmIdleTimerMonitor
10-26 20:00:00.055  5536  5536 I PresentConfigUpdater: update delay by getNoahDelayRange with time range :3600000
10-26 20:00:00.055  5536  5536 I PresentConfigUpdater: delay time after random: 34.94235
10-26 20:00:01.234  3331  3331 I chatty  : uid=10186(com.qiyi.video) expire 4 lines
10-26 20:00:01.239  3331 29158 I chatty  : uid=10186(com.qiyi.video) Thread-452 expire 7 lines
10-26 20:00:01.564  4865  4865 I chatty  : uid=10125(com.youku.phone) AsyncTask #4 expire 20 lines
10-26 20:00:03.946  3642  3888 I chatty  : uid=10186(com.qiyi.video) Timer-0 expire 1 line
10-26 20:00:04.564  4847  4847 I chatty  : uid=10125(com.youku.phone) AsyncTask #3 expire 20 lines
10-26 20:00:05.868  3331  3525 I chatty  : uid=10186(com.qiyi.video) pool-2-thread-1 expire 2 lines
10-26 20:00:05.874  3331 29158 I chatty  : uid=10186(com.qiyi.video) Thread-452 expire 2 lines
10-26 20:00:05.967  3642  3852 I chatty  : uid=10186(com.qiyi.video) Thread-82 expire 3 lines
10-26 20:00:07.569  1965  4864 E test    : http://ws2.cootekservice.com/promotion/static_file?locale=zh-cn
10-26 20:00:07.564  4826  4826 I chatty  : uid=10125(com.youku.phone) AsyncTask #1 expire 20 lines
10-26 20:00:08.947  3642  3888 I chatty  : uid=10186(com.qiyi.video) Timer-0 expire 1 line
10-26 20:00:09.095  1379  3269 D DhcpClient: Received packet: e4:b3:18:82:de:8f ACK: your new IP /10.2.101.199, netmask /255.255.224.0, gateways [/10.2.127.254] DNS servers: /10.1.30.51 /10.1.30.52 , lease time 43200
10-26 20:00:10.564  4840  4840 I chatty  : uid=10125(com.youku.phone) AsyncTask #2 expire 20 lines
10-26 20:00:10.944 28721 28746 I chatty  : uid=10186(com.qiyi.video) Thread-147 expire 3 lines
10-26 20:00:13.574  4868  4868 I chatty  : uid=10125(com.youku.phone) AsyncTask #5 expire 20 lines
10-26 20:00:13.873  3331  3525 I chatty  : uid=10186(com.qiyi.video) pool-2-thread-1 expire 1 line
10-26 20:00:13.873  3331 29158 I chatty  : uid=10186(com.qiyi.video) Thread-452 expire 1 line
10-26 20:00:13.874  3331 29158 V MessageDelivery: (null:-1) monitor status: PingbackTracker{mAccum=159, mAdded=159, mHandled=0, mSended=0, mScheduled=159, mPrepaired=0, mSaves=0, mSaveReal=0, runnable=org.qiyi.android.corejar.pingback.PingbackManager$PingbackTracker$1@3ec969b}
10-26 20:00:13.876  3331 29158 D JOBS    : added job id: -2147478171 class:  priority: 1 delay: 8000 group : GROUPID_PINGBACK_MANGER persistent: false 
10-26 20:00:13.876  3331 29158 D JOBS    : Thread-452: load factor check. false = (4 < 4)|| (4 * 3 < 0 + 1). consumer thread: false
10-26 20:00:13.877  3331 29158 D JOBS    : finished job 
10-26 20:00:13.947  3642  3888 I QiyiKeyManager: (null:-1) KeyUpdateTimer~~ alive
10-26 20:00:16.574  4865  4865 I chatty  : uid=10125(com.youku.phone) AsyncTask #4 expire 20 lines
10-26 20:00:17.389  1379  3269 D DhcpClient: Received packet: f0:db:e2:76:66:6e NAK, reason (none)
10-26 20:00:17.390  1379  3269 D DhcpClient: Received packet: f0:db:e2:76:66:6e NAK, reason (none)
10-26 20:00:18.946  3642  3888 I QiyiKeyManager: (null:-1) KeyUpdateTimer~~ alive
10-26 20:00:19.184 31975 31975 I chatty  : uid=10125(com.youku.phone) CollectAppRunIn expire 20 lines
10-26 20:00:21.878  3331 29156 D JOBS    : running job 
10-26 20:00:21.877  3331  3525 D JOBS    : pool-2-thread-1: load factor check. false = (4 < 4)|| (4 * 3 < 0 + 1). consumer thread: false
10-26 20:00:21.879  3331 29156 V MessageDelivery: (null:-1) monitor status: PingbackTracker{mAccum=159, mAdded=159, mHandled=0, mSended=0, mScheduled=159, mPrepaired=0, mSaves=0, mSaveReal=0, runnable=org.qiyi.android.corejar.pingback.PingbackManager$PingbackTracker$1@3ec969b}
10-26 20:00:21.880  3331 29156 D JOBS    : added job id: -2147478170 class:  priority: 1 delay: 8000 group : GROUPID_PINGBACK_MANGER persistent: false 
10-26 20:00:21.881  3331 29156 D JOBS    : Thread-450: load factor check. false = (4 < 4)|| (4 * 3 < 0 + 1). consumer thread: false
10-26 20:00:21.881  3331 29156 D JOBS    : finished job 
10-26 20:00:22.564  4826  4826 I chatty  : uid=10125(com.youku.phone) AsyncTask #1 expire 20 lines
10-26 20:00:23.946  3642  3888 I QiyiKeyManager: (null:-1) KeyUpdateTimer~~ alive
10-26 20:00:25.564  4840  4840 I chatty  : uid=10125(com.youku.phone) AsyncTask #2 expire 20 lines
10-26 20:00:25.621 28721 28761 D JOBS    : Thread-162: load factor check. true = (3 < 4)|| (3 * 3 < 0 + 0). consumer thread: true
10-26 20:00:25.621 28721 28761 D JOBS    : didn't allow me to die, re-running Thread-162
10-26 20:00:25.622 28721 28761 D JOBS    : re-running consumer Thread-162
10-26 20:00:28.574  4868  4868 I chatty  : uid=10125(com.youku.phone) AsyncTask #5 expire 20 lines
10-26 20:00:28.946  3642  3888 I QiyiKeyManager: (null:-1) KeyUpdateTimer~~ alive
10-26 20:00:29.472  1379  3269 D DhcpClient: Received packet: 00:cd:fe:5f:b4:09 NAK, reason (none)
10-26 20:00:29.472  1379  3269 D DhcpClient: Received packet: 00:cd:fe:5f:b4:09 NAK, reason (none)
10-26 20:00:29.881  3331  3525 D JOBS    : pool-2-thread-1: load factor check. false = (4 < 4)|| (4 * 3 < 1 + 0). consumer thread: false
10-26 20:00:29.882  3331 29155 D JOBS    : running job 
10-26 20:00:29.883  3331 29155 V MessageDelivery: (null:-1) monitor status: PingbackTracker{mAccum=159, mAdded=159, mHandled=0, mSended=0, mScheduled=159, mPrepaired=0, mSaves=0, mSaveReal=0, runnable=org.qiyi.android.corejar.pingback.PingbackManager$PingbackTracker$1@3ec969b}
10-26 20:00:29.884  3331 29155 D JOBS    : added job id: -2147478169 class:  priority: 1 delay: 8000 group : GROUPID_PINGBACK_MANGER persistent: false 
10-26 20:00:29.886  3331 29155 D JOBS    : Thread-449: load factor check. false = (4 < 4)|| (4 * 3 < 0 + 1). consumer thread: false
10-26 20:00:29.887  3331 29155 D JOBS    : finished job 
10-26 20:00:31.031 28721 28776 D JOBS    : Thread-169: load factor check. true = (3 < 4)|| (3 * 3 < 0 + 0). consumer thread: true
10-26 20:00:31.031 28721 28776 D JOBS    : didn't allow me to die, re-running Thread-169
10-26 20:00:31.031 28721 28776 D JOBS    : re-running consumer Thread-169
10-26 20:00:31.059 28721 28747 D JOBS    : Thread-148: load factor check. true = (3 < 4)|| (3 * 3 < 0 + 0). consumer thread: true
10-26 20:00:31.059 28721 28747 D JOBS    : didn't allow me to die, re-running Thread-148
10-26 20:00:31.059 28721 28747 D JOBS    : re-running consumer Thread-148
10-26 20:00:31.574  4865  4865 I chatty  : uid=10125(com.youku.phone) AsyncTask #4 expire 20 lines
10-26 20:00:33.947  3642  3888 I QiyiKeyManager: (null:-1) KeyUpdateTimer~~ alive
10-26 20:00:34.574  4847  4847 I chatty  : uid=10125(com.youku.phone) AsyncTask #3 expire 20 lines
10-26 20:00:34.693  1379  3269 D DhcpClient: Received packet: 20:ee:28:52:ea:33 NAK, reason (none)
10-26 20:00:37.574  4826  4826 I chatty  : uid=10125(com.youku.phone) AsyncTask #1 expire 20 lines
10-26 20:00:37.885  3331  3525 D JOBS    : pool-2-thread-1: load factor check. false = (4 < 4)|| (4 * 3 < 1 + 0). consumer thread: false
10-26 20:00:37.886  3331  3532 D JOBS    : running job 
10-26 20:00:37.887  3331  3532 V MessageDelivery: (null:-1) monitor status: PingbackTracker{mAccum=159, mAdded=159, mHandled=0, mSended=0, mScheduled=159, mPrepaired=0, mSaves=0, mSaveReal=0, runnable=org.qiyi.android.corejar.pingback.PingbackManager$PingbackTracker$1@3ec969b}
10-26 20:00:37.888  3331  3532 D JOBS    : added job id: -2147478168 class:  priority: 1 delay: 8000 group : GROUPID_PINGBACK_MANGER persistent: false 
10-26 20:00:37.890  3331  3532 D JOBS    : Thread-90: load factor check. false = (4 < 4)|| (4 * 3 < 0 + 1). consumer thread: false
10-26 20:00:37.890  3331  3532 D JOBS    : finished job 
10-26 20:00:38.946  3642  3888 I QiyiKeyManager: (null:-1) KeyUpdateTimer~~ alive
10-26 20:00:40.574  4840  4840 I chatty  : uid=10125(com.youku.phone) AsyncTask #2 expire 20 lines
10-26 20:00:43.574  4868  4868 I chatty  : uid=10125(com.youku.phone) AsyncTask #5 expire 20 lines
10-26 20:00:43.946  3642  3888 I QiyiKeyManager: (null:-1) KeyUpdateTimer~~ alive
10-26 20:00:45.889  3331  3525 D JOBS    : pool-2-thread-1: load factor check. false = (4 < 4)|| (4 * 3 < 0 + 0). consumer thread: false
10-26 20:00:45.890  3331  3532 D JOBS    : running job 
10-26 20:00:45.891  3331  3532 V MessageDelivery: (null:-1) monitor status: PingbackTracker{mAccum=159, mAdded=159, mHandled=0, mSended=0, mScheduled=159, mPrepaired=0, mSaves=0, mSaveReal=0, runnable=org.qiyi.android.corejar.pingback.PingbackManager$PingbackTracker$1@3ec969b}
10-26 20:00:45.892  3331  3532 D JOBS    : added job id: -2147478167 class:  priority: 1 delay: 8000 group : GROUPID_PINGBACK_MANGER persistent: false 
10-26 20:00:45.894  3331  3532 D JOBS    : Thread-90: load factor check. false = (4 < 4)|| (4 * 3 < 0 + 1). consumer thread: false
10-26 20:00:45.895  3331  3532 D JOBS    : finished job 
10-26 20:00:46.574  4865  4865 I chatty  : uid=10125(com.youku.phone) AsyncTask #4 expire 20 lines
10-26 20:00:47.395  1379  3269 D DhcpClient: Received packet: 20:ab:37:df:f6:e3 NAK, reason (none)
10-26 20:00:47.396  1379  3269 D DhcpClient: Received packet: 20:ab:37:df:f6:e3 NAK, reason (none)
10-26 20:00:48.210  1379  3269 D DhcpClient: Received packet: 1c:5c:f2:60:26:4f NAK, reason (none)
10-26 20:00:48.211  1379  3269 D DhcpClient: Received packet: 1c:5c:f2:60:26:4f NAK, reason (none)
10-26 20:00:48.947  3642  3888 I QiyiKeyManager: (null:-1) KeyUpdateTimer~~ alive
10-26 20:00:49.564  4847  4847 I chatty  : uid=10125(com.youku.phone) AsyncTask #3 expire 20 lines
10-26 20:00:52.574  4826  4826 I chatty  : uid=10125(com.youku.phone) AsyncTask #1 expire 20 lines
10-26 20:00:53.894  3331  3525 D JOBS    : pool-2-thread-1: load factor check. false = (4 < 4)|| (4 * 3 < 1 + 0). consumer thread: false
10-26 20:00:53.894  3331 29155 D JOBS    : running job 
10-26 20:00:53.896  3331 29155 V MessageDelivery: (null:-1) monitor status: PingbackTracker{mAccum=159, mAdded=159, mHandled=0, mSended=0, mScheduled=159, mPrepaired=0, mSaves=0, mSaveReal=0, runnable=org.qiyi.android.corejar.pingback.PingbackManager$PingbackTracker$1@3ec969b}
10-26 20:00:53.897  3331 29155 D JOBS    : added job id: -2147478166 class:  priority: 1 delay: 8000 group : GROUPID_PINGBACK_MANGER persistent: false 
10-26 20:00:53.898  3331 29155 D JOBS    : Thread-449: load factor check. false = (4 < 4)|| (4 * 3 < 0 + 1). consumer thread: false
10-26 20:00:53.900  3331 29155 D JOBS    : finished job 
10-26 20:00:53.946  3642  3888 I QiyiKeyManager: (null:-1) KeyUpdateTimer~~ alive
10-26 20:00:55.564  4840  4840 I chatty  : uid=10125(com.youku.phone) AsyncTask #2 expire 20 lines
10-26 20:00:58.584  4868  4868 I chatty  : uid=10125(com.youku.phone) AsyncTask #5 expire 20 lines
10-26 20:00:58.947  3642  3888 I QiyiKeyManager: (null:-1) KeyUpdateTimer~~ alive
10-26 20:01:01.554  4865  4865 I chatty  : uid=10125(com.youku.phone) AsyncTask #4 expire 20 lines
10-26 20:01:01.899  3331  3525 D JOBS    : pool-2-thread-1: load factor check. false = (4 < 4)|| (4 * 3 < 0 + 0). consumer thread: false
10-26 20:01:01.899  3331  3532 D JOBS    : running job 
10-26 20:01:01.900  3331  3532 V MessageDelivery: (null:-1) monitor status: PingbackTracker{mAccum=159, mAdded=159, mHandled=0, mSended=0, mScheduled=159, mPrepaired=0, mSaves=0, mSaveReal=0, runnable=org.qiyi.android.corejar.pingback.PingbackManager$PingbackTracker$1@3ec969b}
10-26 20:01:01.903  3331  3532 D JOBS    : added job id: -2147478165 class:  priority: 1 delay: 8000 group : GROUPID_PINGBACK_MANGER persistent: false 
10-26 20:01:01.905  3331  3532 D JOBS    : Thread-90: load factor check. false = (4 < 4)|| (4 * 3 < 0 + 1). consumer thread: false
10-26 20:01:01.906  3331  3532 D JOBS    : finished job 
10-26 20:01:03.946  3642  3888 I QiyiKeyManager: (null:-1) KeyUpdateTimer~~ alive
10-26 20:01:04.574  4847  4847 I chatty  : uid=10125(com.youku.phone) AsyncTask #3 expire 20 lines
10-26 20:01:07.574  4826  4826 I chatty  : uid=10125(com.youku.phone) AsyncTask #1 expire 20 lines
10-26 20:01:08.947  3642  3888 I QiyiKeyManager: (null:-1) KeyUpdateTimer~~ alive
10-26 20:01:09.904  3331  3525 D JOBS    : pool-2-thread-1: load factor check. false = (4 < 4)|| (4 * 3 < 0 + 0). consumer thread: false
10-26 20:01:09.904  3331  3532 D JOBS    : running job 
10-26 20:01:09.905  3331  3532 V MessageDelivery: (null:-1) monitor status: PingbackTracker{mAccum=159, mAdded=159, mHandled=0, mSended=0, mScheduled=159, mPrepaired=0, mSaves=0, mSaveReal=0, runnable=org.qiyi.android.corejar.pingback.PingbackManager$PingbackTracker$1@3ec969b}
10-26 20:01:09.906  3331  3532 D JOBS    : added job id: -2147478164 class:  priority: 1 delay: 8000 group : GROUPID_PINGBACK_MANGER persistent: false 
10-26 20:01:09.907  3331  3532 D JOBS    : Thread-90: load factor check. false = (4 < 4)|| (4 * 3 < 0 + 1). consumer thread: false
10-26 20:01:09.907  3331  3532 D JOBS    : finished job 
10-26 20:01:10.139  1379  3269 D DhcpClient: Received packet: 04:54:53:da:b1:31 NAK, reason (none)
10-26 20:01:10.226  1379  3269 D DhcpClient: Received packet: 04:54:53:da:b1:31 NAK, reason (none)
10-26 20:01:10.584  4840  4840 I chatty  : uid=10125(com.youku.phone) AsyncTask #2 expire 20 lines
10-26 20:01:13.584  4868  4868 I chatty  : uid=10125(com.youku.phone) AsyncTask #5 expire 20 lines
10-26 20:01:13.946  3642  3888 I QiyiKeyManager: (null:-1) KeyUpdateTimer~~ alive
10-26 20:01:16.574  4865  4865 I chatty  : uid=10125(com.youku.phone) AsyncTask #4 expire 20 lines
10-26 20:01:17.880  3642  3865 D JOBS    : Thread-90: load factor check. true = (3 < 4)|| (3 * 3 < 0 + 0). consumer thread: true
10-26 20:01:17.880  3642  3865 D JOBS    : didn't allow me to die, re-running Thread-90
10-26 20:01:17.880  3642  3865 D JOBS    : re-running consumer Thread-90
10-26 20:01:17.908  3331  3525 D JOBS    : pool-2-thread-1: load factor check. false = (4 < 4)|| (4 * 3 < 1 + 0). consumer thread: false
10-26 20:01:17.909  3331 29158 D JOBS    : running job 
10-26 20:01:17.910  3331 29158 V MessageDelivery: (null:-1) monitor status: PingbackTracker{mAccum=159, mAdded=159, mHandled=0, mSended=0, mScheduled=159, mPrepaired=0, mSaves=0, mSaveReal=0, runnable=org.qiyi.android.corejar.pingback.PingbackManager$PingbackTracker$1@3ec969b}
10-26 20:01:17.911  3331 29158 D JOBS    : added job id: -2147478163 class:  priority: 1 delay: 8000 group : GROUPID_PINGBACK_MANGER persistent: false 
10-26 20:01:17.915  3331 29158 D JOBS    : Thread-452: load factor check. false = (4 < 4)|| (4 * 3 < 0 + 1). consumer thread: false
10-26 20:01:17.916  3331 29158 D JOBS    : finished job 
10-26 20:01:18.946  3642  3888 I QiyiKeyManager: (null:-1) KeyUpdateTimer~~ alive
10-26 20:01:19.184 31975 31975 I chatty  : uid=10125(com.youku.phone) CollectAppRunIn expire 20 lines
10-26 20:01:22.574  4826  4826 I chatty  : uid=10125(com.youku.phone) AsyncTask #1 expire 20 lines
10-26 20:01:23.947  3642  3888 I QiyiKeyManager: (null:-1) KeyUpdateTimer~~ alive
10-26 20:01:25.584  4840  4840 I chatty  : uid=10125(com.youku.phone) AsyncTask #2 expire 20 lines
10-26 20:01:25.912  3331  3525 D JOBS    : pool-2-thread-1: load factor check. false = (4 < 4)|| (4 * 3 < 1 + 0). consumer thread: false
10-26 20:01:25.913  3331  3532 D JOBS    : running job 
10-26 20:01:25.914  3331  3532 V MessageDelivery: (null:-1) monitor status: PingbackTracker{mAccum=159, mAdded=159, mHandled=0, mSended=0, mScheduled=159, mPrepaired=0, mSaves=0, mSaveReal=0, runnable=org.qiyi.android.corejar.pingback.PingbackManager$PingbackTracker$1@3ec969b}
10-26 20:01:25.915  3331  3532 D JOBS    : added job id: -2147478162 class:  priority: 1 delay: 8000 group : GROUPID_PINGBACK_MANGER persistent: false 
10-26 20:01:25.916  3331  3532 D JOBS    : Thread-90: load factor check. false = (4 < 4)|| (4 * 3 < 0 + 1). consumer thread: false
10-26 20:01:25.916  3331  3532 D JOBS    : finished job 
10-26 20:01:28.584  4868  4868 I chatty  : uid=10125(com.youku.phone) AsyncTask #5 expire 20 lines
10-26 20:01:28.947  3642  3888 I QiyiKeyManager: (null:-1) KeyUpdateTimer~~ alive
10-26 20:01:29.041  3642  3943 D JOBS    : Thread-101: load factor check. true = (3 < 4)|| (3 * 3 < 0 + 0). consumer thread: true
10-26 20:01:29.041  3642  3943 D JOBS    : didn't allow me to die, re-running Thread-101
10-26 20:01:29.041  3642  3943 D JOBS    : re-running consumer Thread-101
10-26 20:01:31.584  4865  4865 I chatty  : uid=10125(com.youku.phone) AsyncTask #4 expire 20 lines
10-26 20:01:33.917  3331  3525 D JOBS    : pool-2-thread-1: load factor check. false = (4 < 4)|| (4 * 3 < 0 + 0). consumer thread: false
10-26 20:01:33.918  3331 29156 D JOBS    : running job 
10-26 20:01:33.919  3331 29156 V MessageDelivery: (null:-1) monitor status: PingbackTracker{mAccum=159, mAdded=159, mHandled=0, mSended=0, mScheduled=159, mPrepaired=0, mSaves=0, mSaveReal=0, runnable=org.qiyi.android.corejar.pingback.PingbackManager$PingbackTracker$1@3ec969b}
10-26 20:01:33.920  3331 29156 D JOBS    : added job id: -2147478161 class:  priority: 1 delay: 8000 group : GROUPID_PINGBACK_MANGER persistent: false 
10-26 20:01:33.921  3331 29156 D JOBS    : Thread-450: load factor check. false = (4 < 4)|| (4 * 3 < 0 + 1). consumer thread: false
10-26 20:01:33.921  3331 29156 D JOBS    : finished job 
10-26 20:01:33.946  3642  3888 I QiyiKeyManager: (null:-1) KeyUpdateTimer~~ alive
10-26 20:01:34.584  4847  4847 I chatty  : uid=10125(com.youku.phone) AsyncTask #3 expire 20 lines
10-26 20:01:37.584  4826  4826 I chatty  : uid=10125(com.youku.phone) AsyncTask #1 expire 20 lines
10-26 20:01:38.947  3642  3888 I QiyiKeyManager: (null:-1) KeyUpdateTimer~~ alive
10-26 20:01:40.574  4840  4840 I chatty  : uid=10125(com.youku.phone) AsyncTask #2 expire 20 lines
10-26 20:01:41.922  3331  3525 D JOBS    : pool-2-thread-1: load factor check. false = (4 < 4)|| (4 * 3 < 0 + 0). consumer thread: false
10-26 20:01:41.922  3331  3532 D JOBS    : running job 
10-26 20:01:41.923  3331  3532 V MessageDelivery: (null:-1) monitor status: PingbackTracker{mAccum=159, mAdded=159, mHandled=0, mSended=0, mScheduled=159, mPrepaired=0, mSaves=0, mSaveReal=0, runnable=org.qiyi.android.corejar.pingback.PingbackManager$PingbackTracker$1@3ec969b}
10-26 20:01:41.925  3331  3532 D JOBS    : added job id: -2147478160 class:  priority: 1 delay: 8000 group : GROUPID_PINGBACK_MANGER persistent: false 
10-26 20:01:41.926  3331  3532 D JOBS    : Thread-90: load factor check. false = (4 < 4)|| (4 * 3 < 0 + 1). consumer thread: false
10-26 20:01:41.927  3331  3532 D JOBS    : finished job 
10-26 20:01:43.584  4868  4868 I chatty  : uid=10125(com.youku.phone) AsyncTask #5 expire 20 lines
10-26 20:01:43.946  3642  3888 I QiyiKeyManager: (null:-1) KeyUpdateTimer~~ alive
10-26 20:01:46.584  4865  4865 I chatty  : uid=10125(com.youku.phone) AsyncTask #4 expire 20 lines
10-26 20:01:48.947  3642  3888 I QiyiKeyManager: (null:-1) KeyUpdateTimer~~ alive
10-26 20:01:49.584  4847  4847 I chatty  : uid=10125(com.youku.phone) AsyncTask #3 expire 20 lines
10-26 20:01:49.926  3331  3525 D JOBS    : pool-2-thread-1: load factor check. false = (4 < 4)|| (4 * 3 < 1 + 0). consumer thread: false
10-26 20:01:49.926  3331  3532 D JOBS    : running job 
10-26 20:01:49.928  3331  3532 V MessageDelivery: (null:-1) monitor status: PingbackTracker{mAccum=159, mAdded=159, mHandled=0, mSended=0, mScheduled=159, mPrepaired=0, mSaves=0, mSaveReal=0, runnable=org.qiyi.android.corejar.pingback.PingbackManager$PingbackTracker$1@3ec969b}
10-26 20:01:49.929  3331  3532 D JOBS    : added job id: -2147478159 class:  priority: 1 delay: 8000 group : GROUPID_PINGBACK_MANGER persistent: false 
10-26 20:01:49.930  3331  3532 D JOBS    : Thread-90: load factor check. false = (4 < 4)|| (4 * 3 < 0 + 1). consumer thread: false
10-26 20:01:49.930  3331  3532 D JOBS    : finished job 
10-26 20:01:52.584  4826  4826 I chatty  : uid=10125(com.youku.phone) AsyncTask #1 expire 20 lines
10-26 20:01:53.360  3642  3853 D JOBS    : Thread-83: load factor check. true = (3 < 4)|| (3 * 3 < 0 + 0). consumer thread: true
10-26 20:01:53.360  3642  3853 D JOBS    : didn't allow me to die, re-running Thread-83
10-26 20:01:53.361  3642  3853 D JOBS    : re-running consumer Thread-83
10-26 20:01:53.946  3642  3888 I QiyiKeyManager: (null:-1) KeyUpdateTimer~~ alive
10-26 20:01:55.584  4840  4840 I chatty  : uid=10125(com.youku.phone) AsyncTask #2 expire 20 lines
10-26 20:01:57.930  3331  3525 D JOBS    : pool-2-thread-1: load factor check. false = (4 < 4)|| (4 * 3 < 0 + 0). consumer thread: false
10-26 20:01:57.931  3331  3532 D JOBS    : running job 
10-26 20:01:57.933  3331  3532 V MessageDelivery: (null:-1) monitor status: PingbackTracker{mAccum=159, mAdded=159, mHandled=0, mSended=0, mScheduled=159, mPrepaired=0, mSaves=0, mSaveReal=0, runnable=org.qiyi.android.corejar.pingback.PingbackManager$PingbackTracker$1@3ec969b}
10-26 20:01:57.935  3331  3532 D JOBS    : added job id: -2147478158 class:  priority: 1 delay: 8000 group : GROUPID_PINGBACK_MANGER persistent: false 
10-26 20:01:57.936  3331  3532 D JOBS    : Thread-90: load factor check. false = (4 < 4)|| (4 * 3 < 0 + 1). consumer thread: false
10-26 20:01:57.936  3331  3532 D JOBS    : finished job 
10-26 20:01:58.584  4868  4868 I chatty  : uid=10125(com.youku.phone) AsyncTask #5 expire 20 lines
10-26 20:01:58.947  3642  3888 I QiyiKeyManager: (null:-1) KeyUpdateTimer~~ alive
10-26 20:02:01.584  4865  4865 I chatty  : uid=10125(com.youku.phone) AsyncTask #4 expire 20 lines
10-26 20:02:03.946  3642  3888 I QiyiKeyManager: (null:-1) KeyUpdateTimer~~ alive
10-26 20:02:04.584  4847  4847 I chatty  : uid=10125(com.youku.phone) AsyncTask #3 expire 20 lines
10-26 20:02:05.936  3331  3525 D JOBS    : pool-2-thread-1: load factor check. false = (4 < 4)|| (4 * 3 < 1 + 0). consumer thread: false
10-26 20:02:05.937  3331 29158 D JOBS    : running job 
10-26 20:02:05.938  3331 29158 V MessageDelivery: (null:-1) monitor status: PingbackTracker{mAccum=159, mAdded=159, mHandled=0, mSended=0, mScheduled=159, mPrepaired=0, mSaves=0, mSaveReal=0, runnable=org.qiyi.android.corejar.pingback.PingbackManager$PingbackTracker$1@3ec969b}
10-26 20:02:05.939  3331 29158 D JOBS    : added job id: -2147478157 class:  priority: 1 delay: 8000 group : GROUPID_PINGBACK_MANGER persistent: false 
10-26 20:02:05.939  3331 29158 D JOBS    : Thread-452: load factor check. false = (4 < 4)|| (4 * 3 < 0 + 1). consumer thread: false
10-26 20:02:05.940  3331 29158 D JOBS    : finished job 
10-26 20:02:05.968  3642  3852 D JOBS    : Thread-82: load factor check. true = (3 < 4)|| (3 * 3 < 0 + 0). consumer thread: true
10-26 20:02:05.969  3642  3852 D JOBS    : didn't allow me to die, re-running Thread-82
10-26 20:02:05.969  3642  3852 D JOBS    : re-running consumer Thread-82
10-26 20:02:07.594  4826  4826 I chatty  : uid=10125(com.youku.phone) AsyncTask #1 expire 20 lines
10-26 20:02:07.669  4339  5005 I chatty  : uid=10125(com.youku.phone) AppMonitor:2 expire 2 lines
10-26 20:02:08.947  3642  3888 I QiyiKeyManager: (null:-1) KeyUpdateTimer~~ alive
10-26 20:02:10.584  4840  4840 I chatty  : uid=10125(com.youku.phone) AsyncTask #2 expire 20 lines
10-26 20:02:10.945 28721 28746 D JOBS    : Thread-147: load factor check. true = (3 < 4)|| (3 * 3 < 0 + 0). consumer thread: true
10-26 20:02:10.945 28721 28746 D JOBS    : didn't allow me to die, re-running Thread-147
10-26 20:02:10.945 28721 28746 D JOBS    : re-running consumer Thread-147
10-26 20:02:13.584  4868  4868 I chatty  : uid=10125(com.youku.phone) AsyncTask #5 expire 20 lines
10-26 20:02:13.942  3331 29155 D JOBS    : running job 
10-26 20:02:13.943  3331 29155 V MessageDelivery: (null:-1) monitor status: PingbackTracker{mAccum=159, mAdded=159, mHandled=0, mSended=0, mScheduled=159, mPrepaired=0, mSaves=0, mSaveReal=0, runnable=org.qiyi.android.corejar.pingback.PingbackManager$PingbackTracker$1@3ec969b}
10-26 20:02:13.945  3331 29155 D JOBS    : added job id: -2147478156 class:  priority: 1 delay: 8000 group : GROUPID_PINGBACK_MANGER persistent: false 
10-26 20:02:13.946  3642  3888 I QiyiKeyManager: (null:-1) KeyUpdateTimer~~ alive
10-26 20:02:13.946  3331  3525 D JOBS    : pool-2-thread-1: load factor check. false = (4 < 4)|| (4 * 3 < 0 + 1). consumer thread: false
10-26 20:02:13.949  3331 29155 D JOBS    : Thread-449: load factor check. false = (4 < 4)|| (4 * 3 < 0 + 1). consumer thread: false
10-26 20:02:13.950  3331 29155 D JOBS    : finished job 
10-26 20:02:16.584  4865  4865 I chatty  : uid=10125(com.youku.phone) AsyncTask #4 expire 20 lines
10-26 20:02:16.788  1379  3269 D DhcpClient: Received packet: 4c:34:88:59:93:9a NAK, reason (none)
10-26 20:02:16.789  1379  3269 D DhcpClient: Received packet: 4c:34:88:59:93:9a NAK, reason (none)
10-26 20:02:18.946  3642  3888 I QiyiKeyManager: (null:-1) KeyUpdateTimer~~ alive
10-26 20:02:19.184 31975 31975 I chatty  : uid=10125(com.youku.phone) CollectAppRunIn expire 20 lines
10-26 20:02:19.858  1379  3269 D DhcpClient: Received packet: e4:b3:18:82:de:8f ACK: your new IP /10.2.101.199, netmask /255.255.224.0, gateways [/10.2.127.254] DNS servers: /10.1.30.51 /10.1.30.52 , lease time 43200
10-26 20:02:21.946  3331  3525 D JOBS    : pool-2-thread-1: load factor check. false = (4 < 4)|| (4 * 3 < 0 + 0). consumer thread: false
10-26 20:02:21.946  3331 29156 D JOBS    : running job 
10-26 20:02:21.947  3331 29156 V MessageDelivery: (null:-1) monitor status: PingbackTracker{mAccum=159, mAdded=159, mHandled=0, mSended=0, mScheduled=159, mPrepaired=0, mSaves=0, mSaveReal=0, runnable=org.qiyi.android.corejar.pingback.PingbackManager$PingbackTracker$1@3ec969b}
10-26 20:02:21.948  3331 29156 D JOBS    : added job id: -2147478155 class:  priority: 1 delay: 8000 group : GROUPID_PINGBACK_MANGER persistent: false 
10-26 20:02:21.950  3331 29156 D JOBS    : Thread-450: load factor check. false = (4 < 4)|| (4 * 3 < 0 + 1). consumer thread: false
10-26 20:02:21.951  3331 29156 D JOBS    : finished job 
10-26 20:02:22.584  4826  4826 I chatty  : uid=10125(com.youku.phone) AsyncTask #1 expire 20 lines
10-26 20:02:23.946  3642  3888 I QiyiKeyManager: (null:-1) KeyUpdateTimer~~ alive
10-26 20:02:25.584  4840  4840 I chatty  : uid=10125(com.youku.phone) AsyncTask #2 expire 20 lines
10-26 20:02:25.622 28721 28761 D JOBS    : Thread-162: load factor check. true = (3 < 4)|| (3 * 3 < 0 + 0). consumer thread: true
10-26 20:02:25.623 28721 28761 D JOBS    : didn't allow me to die, re-running Thread-162
10-26 20:02:25.623 28721 28761 D JOBS    : re-running consumer Thread-162
10-26 20:02:28.584  4868  4868 I chatty  : uid=10125(com.youku.phone) AsyncTask #5 expire 20 lines
10-26 20:02:28.946  3642  3888 I QiyiKeyManager: (null:-1) KeyUpdateTimer~~ alive
10-26 20:02:29.949  3331  3525 D JOBS    : pool-2-thread-1: load factor check. false = (4 < 4)|| (4 * 3 < 1 + 0). consumer thread: false
10-26 20:02:29.950  3331 29155 D JOBS    : running job 
10-26 20:02:29.951  3331 29155 V MessageDelivery: (null:-1) monitor status: PingbackTracker{mAccum=159, mAdded=159, mHandled=0, mSended=0, mScheduled=159, mPrepaired=0, mSaves=0, mSaveReal=0, runnable=org.qiyi.android.corejar.pingback.PingbackManager$PingbackTracker$1@3ec969b}
10-26 20:02:29.953  3331 29155 D JOBS    : added job id: -2147478154 class:  priority: 1 delay: 8000 group : GROUPID_PINGBACK_MANGER persistent: false 
10-26 20:02:29.955  3331 29155 D JOBS    : Thread-449: load factor check. false = (4 < 4)|| (4 * 3 < 0 + 1). consumer thread: false
10-26 20:02:29.955  3331 29155 D JOBS    : finished job 
10-26 20:02:31.032 28721 28776 D JOBS    : Thread-169: load factor check. true = (3 < 4)|| (3 * 3 < 0 + 0). consumer thread: true
10-26 20:02:31.033 28721 28776 D JOBS    : didn't allow me to die, re-running Thread-169
10-26 20:02:31.033 28721 28776 D JOBS    : re-running consumer Thread-169
10-26 20:02:31.060 28721 28747 D JOBS    : Thread-148: load factor check. true = (3 < 4)|| (3 * 3 < 0 + 0). consumer thread: true
10-26 20:02:31.061 28721 28747 D JOBS    : didn't allow me to die, re-running Thread-148
10-26 20:02:31.061 28721 28747 D JOBS    : re-running consumer Thread-148
10-26 20:02:31.584  4865  4865 I chatty  : uid=10125(com.youku.phone) AsyncTask #4 expire 20 lines
10-26 20:02:33.946  3642  3888 I QiyiKeyManager: (null:-1) KeyUpdateTimer~~ alive
10-26 20:02:34.584  4847  4847 I chatty  : uid=10125(com.youku.phone) AsyncTask #3 expire 20 lines
10-26 20:02:37.594  4826  4826 I chatty  : uid=10125(com.youku.phone) AsyncTask #1 expire 20 lines
10-26 20:02:37.954  3331  3525 D JOBS    : pool-2-thread-1: load factor check. false = (4 < 4)|| (4 * 3 < 0 + 0). consumer thread: false
10-26 20:02:37.954  3331 29156 D JOBS    : running job 
10-26 20:02:37.956  3331 29156 V MessageDelivery: (null:-1) monitor status: PingbackTracker{mAccum=159, mAdded=159, mHandled=0, mSended=0, mScheduled=159, mPrepaired=0, mSaves=0, mSaveReal=0, runnable=org.qiyi.android.corejar.pingback.PingbackManager$PingbackTracker$1@3ec969b}
10-26 20:02:37.957  3331 29156 D JOBS    : added job id: -2147478153 class:  priority: 1 delay: 8000 group : GROUPID_PINGBACK_MANGER persistent: false 
10-26 20:02:37.959  3331 29156 D JOBS    : Thread-450: load factor check. false = (4 < 4)|| (4 * 3 < 0 + 1). consumer thread: false
10-26 20:02:37.960  3331 29156 D JOBS    : finished job 
10-26 20:02:38.949  3642  3888 I QiyiKeyManager: (null:-1) KeyUpdateTimer~~ alive
10-26 20:02:39.935  4339  4389 I chatty  : uid=10125(com.youku.phone) spdy-0 expire 5 lines
10-26 20:02:40.584  4840  4840 I chatty  : uid=10125(com.youku.phone) AsyncTask #2 expire 20 lines
10-26 20:02:43.584  4868  4868 I chatty  : uid=10125(com.youku.phone) AsyncTask #5 expire 20 lines
10-26 20:02:43.946  3642  3888 I QiyiKeyManager: (null:-1) KeyUpdateTimer~~ alive
10-26 20:02:45.958  3331  3525 D JOBS    : pool-2-thread-1: load factor check. false = (4 < 4)|| (4 * 3 < 0 + 0). consumer thread: false
10-26 20:02:45.959  3331 29155 D JOBS    : running job 
10-26 20:02:45.960  3331 29155 V MessageDelivery: (null:-1) monitor status: PingbackTracker{mAccum=159, mAdded=159, mHandled=0, mSended=0, mScheduled=159, mPrepaired=0, mSaves=0, mSaveReal=0, runnable=org.qiyi.android.corejar.pingback.PingbackManager$PingbackTracker$1@3ec969b}
10-26 20:02:45.961  3331 29155 D JOBS    : added job id: -2147478152 class:  priority: 1 delay: 8000 group : GROUPID_PINGBACK_MANGER persistent: false 
10-26 20:02:45.965  3331 29155 D JOBS    : Thread-449: load factor check. false = (4 < 4)|| (4 * 3 < 0 + 1). consumer thread: false
10-26 20:02:45.965  3331 29155 D JOBS    : finished job 
10-26 20:02:46.584  4865  4865 I chatty  : uid=10125(com.youku.phone) AsyncTask #4 expire 20 lines
10-26 20:02:48.946  3642  3888 I QiyiKeyManager: (null:-1) KeyUpdateTimer~~ alive
10-26 20:02:49.584  4847  4847 I chatty  : uid=10125(com.youku.phone) AsyncTask #3 expire 20 lines
10-26 20:02:52.119  3331  3709 E storage_operate: HCDN_LOG: Fatal [2017/10/26 20:02:52:119][tid:3709]:[func:UpdateWriteBlockCount],[line:898],[oper:update write count],[new write:0]
10-26 20:02:52.584  4826  4826 I chatty  : uid=10125(com.youku.phone) AsyncTask #1 expire 20 lines
10-26 20:02:53.946  3642  3888 I QiyiKeyManager: (null:-1) KeyUpdateTimer~~ alive
10-26 20:02:53.963  3331  3525 D JOBS    : pool-2-thread-1: load factor check. false = (4 < 4)|| (4 * 3 < 0 + 1). consumer thread: false
10-26 20:02:53.963  3331 29156 D JOBS    : running job 
10-26 20:02:53.964  3331 29156 V MessageDelivery: (null:-1) monitor status: PingbackTracker{mAccum=159, mAdded=159, mHandled=0, mSended=0, mScheduled=159, mPrepaired=0, mSaves=0, mSaveReal=0, runnable=org.qiyi.android.corejar.pingback.PingbackManager$PingbackTracker$1@3ec969b}
10-26 20:02:53.965  3331 29156 D JOBS    : added job id: -2147478151 class:  priority: 1 delay: 8000 group : GROUPID_PINGBACK_MANGER persistent: false 
10-26 20:02:53.970  3331 29156 D JOBS    : Thread-450: load factor check. false = (4 < 4)|| (4 * 3 < 0 + 1). consumer thread: false
10-26 20:02:53.971  3331 29156 D JOBS    : finished job 
10-26 20:02:54.814  3642  3956 E storage_operate: HCDN_LOG: Fatal [2017/10/26 20:02:54:814][tid:3956]:[func:UpdateWriteBlockCount],[line:898],[oper:update write count],[new write:0]
10-26 20:02:55.604  4840  4840 I chatty  : uid=10125(com.youku.phone) AsyncTask #2 expire 20 lines
10-26 20:02:56.066  3331  3833 D IM-VIDEO: Q> Ping send, @dynamic-heartbeat, [VALID][SEC_ACTIVE](77)
10-26 20:02:56.070  3331  4844 I CONNECTOR: Sent(29): 070003000100001100FC8C3C0A03302E31320A0A0839794C59592D3736
10-26 20:02:56.077  3331  3833 D PROTO   : Sent(17): version: "0.1"
10-26 20:02:56.077  3331  3833 D PROTO   : ping <
10-26 20:02:56.077  3331  3833 D PROTO   :   m_id: "9yLYY-76"
10-26 20:02:56.077  3331  3833 D PROTO   : >
10-26 20:02:56.101  3331  4845 D CONNECTOR: Recv(24): 070003000100000C0006767A3A0A0A0839794C59592D3736
10-26 20:02:56.102  3331  4845 D IM-VIDEO: NexusReader, processArcane, biz: 3 len: 12
10-26 20:02:56.113  3331  4845 D PROTO   : Recv(12): version: ""
10-26 20:02:56.113  3331  4845 D PROTO   : pong <
10-26 20:02:56.113  3331  4845 D PROTO   :   m_id: "9yLYY-76"
10-26 20:02:56.113  3331  4845 D PROTO   : >
10-26 20:02:56.114  3331  3833 D IM-VIDEO: Q> ConnState onPingSuccess
10-26 20:02:56.114  3331  3833 D IM-VIDEO: Broadcast sendTo: com.iqiyi.hotchat.connect.ping.success
10-26 20:02:56.119  3331  4901 D IM-VIDEO: Connector onArcaneReceive, biz: 3
10-26 20:02:56.119  3331  4901 D IM-VIDEO: Connector processQimArcane
10-26 20:02:56.120  3331  4901 D IM-VIDEO: Connector processQimArcane, parse one, case: 7
10-26 20:02:56.140  3331  3833 D IM-VIDEO: HCHttpActions getStandardTime, URL: http://data.video.qiyi.com/t
10-26 20:02:56.197  3331  3833 I IM-VIDEO-I: HttpUtils doGetRequestForString, Res code: 200
10-26 20:02:56.204  3331  3833 D IM-VIDEO: HCHttpActions getStandardTime, RES: {"t":"1509019376","i":"^_^"}
10-26 20:02:56.205  3331  3833 D IM-VIDEO: StandardTimeUtils sync, diff: -205
10-26 20:02:58.594  4868  4868 I chatty  : uid=10125(com.youku.phone) AsyncTask #5 expire 20 lines
10-26 20:02:58.947  3642  3888 I QiyiKeyManager: (null:-1) KeyUpdateTimer~~ alive
10-26 20:03:01.584  4865  4865 I chatty  : uid=10125(com.youku.phone) AsyncTask #4 expire 20 lines
10-26 20:03:01.966  3331  3525 D JOBS    : pool-2-thread-1: load factor check. false = (4 < 4)|| (4 * 3 < 1 + 0). consumer thread: false
10-26 20:03:01.967  3331 29158 D JOBS    : running job 
10-26 20:03:01.968  3331 29158 V MessageDelivery: (null:-1) monitor status: PingbackTracker{mAccum=159, mAdded=159, mHandled=0, mSended=0, mScheduled=159, mPrepaired=0, mSaves=0, mSaveReal=0, runnable=org.qiyi.android.corejar.pingback.PingbackManager$PingbackTracker$1@3ec969b}
10-26 20:03:01.969  3331 29158 D JOBS    : added job id: -2147478150 class:  priority: 1 delay: 8000 group : GROUPID_PINGBACK_MANGER persistent: false 
10-26 20:03:01.970  3331 29158 D JOBS    : Thread-452: load factor check. false = (4 < 4)|| (4 * 3 < 0 + 1). consumer thread: false
10-26 20:03:01.971  3331 29158 D JOBS    : finished job 
10-26 20:03:03.946  3642  3888 I QiyiKeyManager: (null:-1) KeyUpdateTimer~~ alive
10-26 20:03:04.594  4847  4847 I chatty  : uid=10125(com.youku.phone) AsyncTask #3 expire 20 lines
10-26 20:03:07.584  4826  4826 I chatty  : uid=10125(com.youku.phone) AsyncTask #1 expire 20 lines
10-26 20:03:08.946  3642  3888 I QiyiKeyManager: (null:-1) KeyUpdateTimer~~ alive
10-26 20:03:09.970  3331  3525 D JOBS    : pool-2-thread-1: load factor check. false = (4 < 4)|| (4 * 3 < 0 + 0). consumer thread: false
10-26 20:03:09.971  3331 29155 D JOBS    : running job 
10-26 20:03:09.973  3331 29155 V MessageDelivery: (null:-1) monitor status: PingbackTracker{mAccum=159, mAdded=159, mHandled=0, mSended=0, mScheduled=159, mPrepaired=0, mSaves=0, mSaveReal=0, runnable=org.qiyi.android.corejar.pingback.PingbackManager$PingbackTracker$1@3ec969b}
10-26 20:03:09.975  3331 29155 D JOBS    : added job id: -2147478149 class:  priority: 1 delay: 8000 group : GROUPID_PINGBACK_MANGER persistent: false 
10-26 20:03:09.980  3331 29155 D JOBS    : Thread-449: load factor check. false = (4 < 4)|| (4 * 3 < 0 + 1). consumer thread: false
10-26 20:03:09.982  3331 29155 D JOBS    : finished job 
10-26 20:03:10.584  4840  4840 I chatty  : uid=10125(com.youku.phone) AsyncTask #2 expire 20 lines
10-26 20:03:13.594  4868  4868 I chatty  : uid=10125(com.youku.phone) AsyncTask #5 expire 20 lines
10-26 20:03:13.946  3642  3888 I QiyiKeyManager: (null:-1) KeyUpdateTimer~~ alive
10-26 20:03:16.604  4865  4865 I chatty  : uid=10125(com.youku.phone) AsyncTask #4 expire 20 lines
10-26 20:03:17.881  3642  3865 D JOBS    : Thread-90: load factor check. true = (3 < 4)|| (3 * 3 < 0 + 0). consumer thread: true
10-26 20:03:17.881  3642  3865 D JOBS    : didn't allow me to die, re-running Thread-90
10-26 20:03:17.881  3642  3865 D JOBS    : re-running consumer Thread-90
10-26 20:03:17.976  3331  3525 D JOBS    : pool-2-thread-1: load factor check. false = (4 < 4)|| (4 * 3 < 0 + 0). consumer thread: false
10-26 20:03:17.976  3331 29156 D JOBS    : running job 
10-26 20:03:17.977  3331 29156 V MessageDelivery: (null:-1) monitor status: PingbackTracker{mAccum=159, mAdded=159, mHandled=0, mSended=0, mScheduled=159, mPrepaired=0, mSaves=0, mSaveReal=0, runnable=org.qiyi.android.corejar.pingback.PingbackManager$PingbackTracker$1@3ec969b}
10-26 20:03:17.978  3331 29156 D JOBS    : added job id: -2147478148 class:  priority: 1 delay: 8000 group : GROUPID_PINGBACK_MANGER persistent: false 
10-26 20:03:17.979  3331 29156 D JOBS    : Thread-450: load factor check. false = (4 < 4)|| (4 * 3 < 0 + 1). consumer thread: false
10-26 20:03:17.980  3331 29156 D JOBS    : finished job 
10-26 20:03:18.946  3642  3888 I QiyiKeyManager: (null:-1) KeyUpdateTimer~~ alive
10-26 20:03:19.184 31975 31975 I chatty  : uid=10125(com.youku.phone) CollectAppRunIn expire 20 lines
10-26 20:03:22.604  4826  4826 I chatty  : uid=10125(com.youku.phone) AsyncTask #1 expire 20 lines
10-26 20:03:23.947  3642  3888 I QiyiKeyManager: (null:-1) KeyUpdateTimer~~ alive
10-26 20:03:25.584  4840  4840 I chatty  : uid=10125(com.youku.phone) AsyncTask #2 expire 20 lines
10-26 20:03:25.981  3331  3525 D JOBS    : pool-2-thread-1: load factor check. false = (4 < 4)|| (4 * 3 < 0 + 0). consumer thread: false
10-26 20:03:25.981  3331 29158 D JOBS    : running job 
10-26 20:03:25.983  3331 29158 V MessageDelivery: (null:-1) monitor status: PingbackTracker{mAccum=159, mAdded=159, mHandled=0, mSended=0, mScheduled=159, mPrepaired=0, mSaves=0, mSaveReal=0, runnable=org.qiyi.android.corejar.pingback.PingbackManager$PingbackTracker$1@3ec969b}
10-26 20:03:25.985  3331 29158 D JOBS    : added job id: -2147478147 class:  priority: 1 delay: 8000 group : GROUPID_PINGBACK_MANGER persistent: false 
10-26 20:03:25.987  3331 29158 D JOBS    : Thread-452: load factor check. false = (4 < 4)|| (4 * 3 < 0 + 1). consumer thread: false
10-26 20:03:25.988  3331 29158 D JOBS    : finished job 
10-26 20:03:28.604  4868  4868 I chatty  : uid=10125(com.youku.phone) AsyncTask #5 expire 20 lines
10-26 20:03:28.946  3642  3888 I QiyiKeyManager: (null:-1) KeyUpdateTimer~~ alive
10-26 20:03:29.042  3642  3943 D JOBS    : Thread-101: load factor check. true = (3 < 4)|| (3 * 3 < 0 + 0). consumer thread: true
10-26 20:03:29.043  3642  3943 D JOBS    : didn't allow me to die, re-running Thread-101
10-26 20:03:29.043  3642  3943 D JOBS    : re-running consumer Thread-101
10-26 20:03:31.604  4865  4865 I chatty  : uid=10125(com.youku.phone) AsyncTask #4 expire 20 lines
10-26 20:03:33.946  3642  3888 I QiyiKeyManager: (null:-1) KeyUpdateTimer~~ alive
10-26 20:03:33.986  3331  3525 D JOBS    : pool-2-thread-1: load factor check. false = (4 < 4)|| (4 * 3 < 0 + 0). consumer thread: false
10-26 20:03:33.986  3331 29156 D JOBS    : running job 
10-26 20:03:33.987  3331 29156 V MessageDelivery: (null:-1) monitor status: PingbackTracker{mAccum=159, mAdded=159, mHandled=0, mSended=0, mScheduled=159, mPrepaired=0, mSaves=0, mSaveReal=0, runnable=org.qiyi.android.corejar.pingback.PingbackManager$PingbackTracker$1@3ec969b}
10-26 20:03:33.988  3331 29156 D JOBS    : added job id: -2147478146 class:  priority: 1 delay: 8000 group : GROUPID_PINGBACK_MANGER persistent: false 
10-26 20:03:33.989  3331 29156 D JOBS    : Thread-450: load factor check. false = (4 < 4)|| (4 * 3 < 0 + 1). consumer thread: false
10-26 20:03:33.990  3331 29156 D JOBS    : finished job 
10-26 20:03:34.604  4847  4847 I chatty  : uid=10125(com.youku.phone) AsyncTask #3 expire 20 lines
10-26 20:03:37.604  4826  4826 I chatty  : uid=10125(com.youku.phone) AsyncTask #1 expire 20 lines
10-26 20:03:38.946  3642  3888 I QiyiKeyManager: (null:-1) KeyUpdateTimer~~ alive
10-26 20:03:40.604  4840  4840 I chatty  : uid=10125(com.youku.phone) AsyncTask #2 expire 20 lines
10-26 20:03:40.875  1379  1610 I TetherStatsReporting: getTetherStats() called
10-26 20:03:40.879  2562  2585 D QtiTetherService/IpaWrapper: getStats(false)
10-26 20:03:40.925   510  1355 E CommandListener: smartisan sendGeneriokFail return bandwidth command cond=0
10-26 20:03:40.931  1379  1611 W NetworkPolicy: isTemplateRelevant return false
10-26 20:03:40.942  1379  1611 W NetworkPolicy: isTemplateRelevant return false
10-26 20:03:41.990  3331 29156 D JOBS    : running job 
10-26 20:03:41.990  3331  3525 D JOBS    : pool-2-thread-1: load factor check. false = (4 < 4)|| (4 * 3 < 0 + 1). consumer thread: false
10-26 20:03:41.994  3331 29156 V MessageDelivery: (null:-1) monitor status: PingbackTracker{mAccum=159, mAdded=159, mHandled=0, mSended=0, mScheduled=159, mPrepaired=0, mSaves=0, mSaveReal=0, runnable=org.qiyi.android.corejar.pingback.PingbackManager$PingbackTracker$1@3ec969b}
10-26 20:03:41.996  3331 29156 D JOBS    : added job id: -2147478145 class:  priority: 1 delay: 8000 group : GROUPID_PINGBACK_MANGER persistent: false 
10-26 20:03:41.998  3331 29156 D JOBS    : Thread-450: load factor check. false = (4 < 4)|| (4 * 3 < 0 + 1). consumer thread: false
10-26 20:03:42.000  3331 29156 D JOBS    : finished job 
10-26 20:03:43.604  4868  4868 I chatty  : uid=10125(com.youku.phone) AsyncTask #5 expire 20 lines
10-26 20:03:43.946  3642  3888 I QiyiKeyManager: (null:-1) KeyUpdateTimer~~ alive
10-26 20:03:46.604  4865  4865 I chatty  : uid=10125(com.youku.phone) AsyncTask #4 expire 20 lines
10-26 20:03:48.946  3642  3888 I QiyiKeyManager: (null:-1) KeyUpdateTimer~~ alive
10-26 20:03:49.604  4847  4847 I chatty  : uid=10125(com.youku.phone) AsyncTask #3 expire 20 lines
10-26 20:03:49.996  3331  3525 D JOBS    : pool-2-thread-1: load factor check. false = (4 < 4)|| (4 * 3 < 0 + 0). consumer thread: false
10-26 20:03:49.997  3331  3532 D JOBS    : running job 
10-26 20:03:49.998  3331  3532 V MessageDelivery: (null:-1) monitor status: PingbackTracker{mAccum=159, mAdded=159, mHandled=0, mSended=0, mScheduled=159, mPrepaired=0, mSaves=0, mSaveReal=0, runnable=org.qiyi.android.corejar.pingback.PingbackManager$PingbackTracker$1@3ec969b}
10-26 20:03:49.999  3331  3532 D JOBS    : added job id: -2147478144 class:  priority: 1 delay: 8000 group : GROUPID_PINGBACK_MANGER persistent: false 
10-26 20:03:50.000  3331  3532 D JOBS    : Thread-90: load factor check. false = (4 < 4)|| (4 * 3 < 0 + 1). consumer thread: false
10-26 20:03:50.001  3331  3532 D JOBS    : finished job 
10-26 20:03:52.604  4826  4826 I chatty  : uid=10125(com.youku.phone) AsyncTask #1 expire 20 lines
10-26 20:03:53.363  3642  3853 D JOBS    : Thread-83: load factor check. true = (3 < 4)|| (3 * 3 < 0 + 0). consumer thread: true
10-26 20:03:53.364  3642  3853 D JOBS    : didn't allow me to die, re-running Thread-83
10-26 20:03:53.364  3642  3853 D JOBS    : re-running consumer Thread-83
10-26 20:03:53.947  3642  3888 I QiyiKeyManager: (null:-1) KeyUpdateTimer~~ alive
10-26 20:03:55.604  4840  4840 I chatty  : uid=10125(com.youku.phone) AsyncTask #2 expire 20 lines
10-26 20:03:58.000  3331  3525 D JOBS    : pool-2-thread-1: load factor check. false = (4 < 4)|| (4 * 3 < 0 + 0). consumer thread: false
10-26 20:03:58.001  3331 29158 D JOBS    : running job 
10-26 20:03:58.003  3331 29158 V MessageDelivery: (null:-1) monitor status: PingbackTracker{mAccum=159, mAdded=159, mHandled=0, mSended=0, mScheduled=159, mPrepaired=0, mSaves=0, mSaveReal=0, runnable=org.qiyi.android.corejar.pingback.PingbackManager$PingbackTracker$1@3ec969b}
10-26 20:03:58.004  3331 29158 D JOBS    : added job id: -2147478143 class:  priority: 1 delay: 8000 group : GROUPID_PINGBACK_MANGER persistent: false 
10-26 20:03:58.007  3331 29158 D JOBS    : Thread-452: load factor check. false = (4 < 4)|| (4 * 3 < 0 + 1). consumer thread: false
10-26 20:03:58.007  3331 29158 D JOBS    : finished job 
10-26 20:03:58.604  4868  4868 I chatty  : uid=10125(com.youku.phone) AsyncTask #5 expire 20 lines
10-26 20:03:58.946  3642  3888 I QiyiKeyManager: (null:-1) KeyUpdateTimer~~ alive
10-26 20:04:01.604  4865  4865 I chatty  : uid=10125(com.youku.phone) AsyncTask #4 expire 20 lines
10-26 20:04:02.337 28721 28799 E qtp_http_client: HCDN_LOG: Error [2017/10/26 20:04:02:337][tid:28799]:[func:SetState],[line:119],QTP State changed: QS_UNINIT =========> QSD1R0_START (requestId: 44)
10-26 20:04:02.337 28721 28799 E qtp_http_client: HCDN_LOG: Error [2017/10/26 20:04:02:337][tid:28799]:[func:SetState],[line:119],QTP State changed: QSD1R0_START =========> QSD1R0_WAITFOR_CURLDNS_RESP (requestId: 44)
10-26 20:04:02.405 28721 28798 E qtp_http_client: HCDN_LOG: Error [2017/10/26 20:04:02:404][tid:28798]:[func:SetState],[line:119],QTP State changed: QSD1R0_WAITFOR_CURLDNS_RESP =========> QSD1R0_WAITFOR_HTTP_RESP1 (requestId: 44)
10-26 20:04:02.405 28721 28798 E qtp_http_client: HCDN_LOG: Error [2017/10/26 20:04:02:405][tid:28798]:[func:SetState],[line:119],QTP State changed: QSD1R0_WAITFOR_HTTP_RESP1 =========> QS_SUCCESS (requestId: 44)
10-26 20:04:03.947  3642  3888 I QiyiKeyManager: (null:-1) KeyUpdateTimer~~ alive
10-26 20:04:04.604  4847  4847 I chatty  : uid=10125(com.youku.phone) AsyncTask #3 expire 20 lines
10-26 20:04:05.970  3642  3852 D JOBS    : Thread-82: load factor check. true = (3 < 4)|| (3 * 3 < 0 + 0). consumer thread: true
10-26 20:04:05.970  3642  3852 D JOBS    : didn't allow me to die, re-running Thread-82
10-26 20:04:05.970  3642  3852 D JOBS    : re-running consumer Thread-82
10-26 20:04:06.004  3331  3525 D JOBS    : pool-2-thread-1: load factor check. false = (4 < 4)|| (4 * 3 < 1 + 0). consumer thread: false
10-26 20:04:06.005  3331 29158 D JOBS    : running job 
10-26 20:04:06.006  3331 29158 V MessageDelivery: (null:-1) monitor status: PingbackTracker{mAccum=159, mAdded=159, mHandled=0, mSended=0, mScheduled=159, mPrepaired=0, mSaves=0, mSaveReal=0, runnable=org.qiyi.android.corejar.pingback.PingbackManager$PingbackTracker$1@3ec969b}
10-26 20:04:06.006  3331 29158 D JOBS    : added job id: -2147478142 class:  priority: 1 delay: 8000 group : GROUPID_PINGBACK_MANGER persistent: false 
10-26 20:04:06.007  3331 29158 D JOBS    : Thread-452: load factor check. false = (4 < 4)|| (4 * 3 < 0 + 1). consumer thread: false
10-26 20:04:06.007  3331 29158 D JOBS    : finished job 
10-26 20:04:07.614  4826  4826 I chatty  : uid=10125(com.youku.phone) AsyncTask #1 expire 20 lines
10-26 20:04:08.947  3642  3888 I QiyiKeyManager: (null:-1) KeyUpdateTimer~~ alive
10-26 20:04:10.245  1379  3269 D DhcpClient: Received packet: d4:f4:6f:54:da:07 NAK, reason (none)
10-26 20:04:10.246  1379  3269 D DhcpClient: Received packet: d4:f4:6f:54:da:07 NAK, reason (none)
10-26 20:04:10.604  4840  4840 I chatty  : uid=10125(com.youku.phone) AsyncTask #2 expire 20 lines
10-26 20:04:10.946 28721 28746 D JOBS    : Thread-147: load factor check. true = (3 < 4)|| (3 * 3 < 0 + 0). consumer thread: true
10-26 20:04:10.947 28721 28746 D JOBS    : didn't allow me to die, re-running Thread-147
10-26 20:04:10.947 28721 28746 D JOBS    : re-running consumer Thread-147
10-26 20:04:13.614  4868  4868 I chatty  : uid=10125(com.youku.phone) AsyncTask #5 expire 20 lines
10-26 20:04:13.946  3642  3888 I QiyiKeyManager: (null:-1) KeyUpdateTimer~~ alive
10-26 20:04:14.009  3331  3525 D JOBS    : pool-2-thread-1: load factor check. false = (4 < 4)|| (4 * 3 < 0 + 0). consumer thread: false
10-26 20:04:14.009  3331 29158 D JOBS    : running job 
10-26 20:04:14.010  3331 29158 V MessageDelivery: (null:-1) monitor status: PingbackTracker{mAccum=159, mAdded=159, mHandled=0, mSended=0, mScheduled=159, mPrepaired=0, mSaves=0, mSaveReal=0, runnable=org.qiyi.android.corejar.pingback.PingbackManager$PingbackTracker$1@3ec969b}
10-26 20:04:14.011  3331 29158 D JOBS    : added job id: -2147478141 class:  priority: 1 delay: 8000 group : GROUPID_PINGBACK_MANGER persistent: false 
10-26 20:04:14.016  3331 29158 D JOBS    : Thread-452: load factor check. false = (4 < 4)|| (4 * 3 < 0 + 1). consumer thread: false
10-26 20:04:14.018  3331 29158 D JOBS    : finished job 
10-26 20:04:16.604  4865  4865 I chatty  : uid=10125(com.youku.phone) AsyncTask #4 expire 20 lines
10-26 20:04:17.311  1379  3269 D DhcpClient: Received packet: 44:85:00:ab:4c:a3 NAK, reason (none)
10-26 20:04:17.312  1379  3269 D DhcpClient: Received packet: 44:85:00:ab:4c:a3 NAK, reason (none)
10-26 20:04:18.548  1379  3269 D DhcpClient: Received packet: 00:b3:62:a5:81:cd NAK, reason (none)
10-26 20:04:18.549  1379  3269 D DhcpClient: Received packet: 00:b3:62:a5:81:cd NAK, reason (none)
10-26 20:04:18.947  3642  3888 I QiyiKeyManager: (null:-1) KeyUpdateTimer~~ alive
10-26 20:04:19.194 31975 31975 I chatty  : uid=10125(com.youku.phone) CollectAppRunIn expire 20 lines
