10-26 20:06:31.704  4666  4971 E j       : 	at com.android.org.conscrypt.OpenSSLSocketImpl.startHandshake(OpenSSLSocketImpl.java:324)
10-26 20:06:31.704  4666  4971 E j       : 	... 18 more
10-26 20:06:31.704  4666  4970 I SyncService: CGInf #### handle current job j done result JobStatus{status=ERROR, object=null}
10-26 20:06:31.704  4666  4970 E SyncService: CGErr current job has error.
10-26 20:06:31.780  4666  4970 I V       : CGInf update pending count mo:4 mt:0 pending size mo:959429 mt:0
10-26 20:06:31.805  4666  4666 I SyncService: CGInf --------------SyncService is destroyed------------------
10-26 20:06:34.323  1379  3269 D DhcpClient: Received packet: 44:85:00:d9:db:f4 NAK, reason (none)
10-26 20:06:34.624  4847  4847 I chatty  : uid=10125(com.youku.phone) AsyncTask #3 expire 40 lines
10-26 20:06:37.614  4826  4826 I chatty  : uid=10125(com.youku.phone) AsyncTask #1 expire 40 lines
10-26 20:06:40.624  4840  4840 I chatty  : uid=10125(com.youku.phone) AsyncTask #2 expire 40 lines
10-26 20:06:41.387  1379  3269 D DhcpClient: Received packet: b0:19:c6:08:2d:92 NAK, reason (none)
10-26 20:06:41.388  1379  3269 D DhcpClient: Received packet: b0:19:c6:08:2d:92 NAK, reason (none)
10-26 20:06:43.634  4868  4868 I chatty  : uid=10125(com.youku.phone) AsyncTask #5 expire 40 lines
10-26 20:06:46.749  1379  1430 I UsageStatsService: User[0] Flushing usage stats to disk
10-26 20:06:59.614  1379  3269 D DhcpClient: Received packet: 60:57:18:e4:33:88 NAK, reason (none)
10-26 20:06:59.615  1379  3269 D DhcpClient: Received packet: 60:57:18:e4:33:88 NAK, reason (none)
10-26 20:07:01.634  4865  4865 I chatty  : uid=10125(com.youku.phone) AsyncTask #4 expire 80 lines
10-26 20:07:03.947  3642  3888 I chatty  : uid=10186(com.qiyi.video) Timer-0 expire 10 lines
10-26 20:07:04.624  4847  4847 I chatty  : uid=10125(com.youku.phone) AsyncTask #3 expire 60 lines
10-26 20:07:07.634  4826  4826 I chatty  : uid=10125(com.youku.phone) AsyncTask #1 expire 80 lines
10-26 20:07:10.204  4446  4446 I chatty  : uid=10125(com.youku.phone) NativeThread expire 20 lines
10-26 20:07:13.634  4868  4868 I chatty  : uid=10125(com.youku.phone) AsyncTask #5 expire 60 lines
10-26 20:07:18.109  3331 29158 I chatty  : uid=10186(com.qiyi.video) Thread-452 expire 15 lines
10-26 20:07:19.184 31975 31975 I chatty  : uid=10125(com.youku.phone) CollectAppRunIn expire 20 lines
10-26 20:07:25.644  4840  4840 I chatty  : uid=10125(com.youku.phone) AsyncTask #2 expire 40 lines
10-26 20:07:50.126  3331 29155 I chatty  : uid=10186(com.qiyi.video) Thread-449 expire 10 lines
10-26 20:07:52.965  1379  3269 D DhcpClient: Received packet: cc:08:8d:d3:77:89 NAK, reason (none)
10-26 20:07:52.966  1379  3269 D DhcpClient: Received packet: cc:08:8d:d3:77:89 NAK, reason (none)
10-26 20:07:53.946  3642  3888 I chatty  : uid=10186(com.qiyi.video) Timer-0 expire 10 lines
10-26 20:07:55.644  4840  4840 I chatty  : uid=10125(com.youku.phone) AsyncTask #2 expire 20 lines
10-26 20:07:58.077  3331 29156 I chatty  : uid=10186(com.qiyi.video) Thread-450 expire 13 lines
10-26 20:07:58.129  3331  3525 I chatty  : uid=10186(com.qiyi.video) pool-2-thread-1 expire 10 lines
10-26 20:07:58.644  4868  4868 I chatty  : uid=10125(com.youku.phone) AsyncTask #5 expire 20 lines
10-26 20:08:00.405  4991  4991 E cutils-trace: Error opening trace file: No such file or directory (2)
10-26 20:08:00.418  4991  4991 I art     : map image_filename=/data/dalvik-cache/arm64/system@framework@boot.art (0x6ff8f000,14368768) success
10-26 20:08:00.418  4991  4991 I art     : image_map image_filename=/data/dalvik-cache/arm64/system@framework@boot.art (0x6ff8f000,14368768) success
10-26 20:08:00.419  4991  4991 E art     : Failed to dlopen: Failed to find oatdata symbol at expected address: oatdata=0x7fa5709000 != expected=0x70d44000, /data/dalvik-cache/arm64/system@framework@boot.oat. See process maps in the log.
10-26 20:08:00.435  4991  4991 D ICU     : No timezone override file found: /data/misc/zoneinfo/current/icu/icu_tzdata.dat
10-26 20:08:00.439  4991  4991 E art     : Failed to dlopen: Failed to find absolute path for '/data/dalvik-cache/arm64/system@framework@am.jar@classes.dex'
10-26 20:08:00.445  4991  4991 V AndroidRuntime: --- registering native functions ---
10-26 20:08:00.455  4991  4991 I Radio-JNI: register_android_hardware_Radio DONE
10-26 20:08:00.475  1379  2499 I ActivityManager: Force stopping com.eclipsesource.callv8 appid=10141 user=0: from pid 4991
10-26 20:08:00.477  1379  1379 D JobSchedulerService: Receieved: android.intent.action.PACKAGE_RESTARTED
10-26 20:08:00.477  2490  2490 D RegisteredServicesCache: Intent action: android.intent.action.PACKAGE_RESTARTED
10-26 20:08:00.479  2490  2490 D CardEmulationManager: Current default: null
10-26 20:08:00.479  2490  2490 D CardEmulationManager: No default set, last payment service removed.
10-26 20:08:00.479  2490  2490 D RegisteredAidCache: onServicesUpdated
10-26 20:08:00.479  2490  2490 D RegisteredAidCache: Not updating routing table because NFC is off.
10-26 20:08:00.479  2490  2490 D RegisteredNfcid2Cache: onServicesUpdated
10-26 20:08:00.479  2490  2490 D RegisteredNfcid2Cache: generateAidCacheLocked: mNfcid2Cache size 0
10-26 20:08:00.479  2490  2490 D RegisteredNfcid2Cache: Not updating routing table because NFC is off.
10-26 20:08:01.644  4865  4865 I chatty  : uid=10125(com.youku.phone) AsyncTask #4 expire 20 lines
10-26 20:08:04.644  4847  4847 I chatty  : uid=10125(com.youku.phone) AsyncTask #3 expire 40 lines
10-26 20:08:07.644  4826  4826 I chatty  : uid=10125(com.youku.phone) AsyncTask #1 expire 60 lines
10-26 20:08:09.739  5006  5006 E cutils-trace: Error opening trace file: No such file or directory (2)
10-26 20:08:09.754  5006  5006 I art     : map image_filename=/data/dalvik-cache/arm64/system@framework@boot.art (0x6ff8f000,14368768) success
10-26 20:08:09.754  5006  5006 I art     : image_map image_filename=/data/dalvik-cache/arm64/system@framework@boot.art (0x6ff8f000,14368768) success
10-26 20:08:09.755  5006  5006 E art     : Failed to dlopen: Failed to find oatdata symbol at expected address: oatdata=0x7f71e89000 != expected=0x70d44000, /data/dalvik-cache/arm64/system@framework@boot.oat. See process maps in the log.
10-26 20:08:09.775  5006  5006 D ICU     : No timezone override file found: /data/misc/zoneinfo/current/icu/icu_tzdata.dat
10-26 20:08:09.780  5006  5006 E art     : Failed to dlopen: Failed to find absolute path for '/data/dalvik-cache/arm64/system@framework@wm.jar@classes.dex'
10-26 20:08:09.783  5006  5006 V AndroidRuntime: --- registering native functions ---
10-26 20:08:09.794  5006  5006 I Radio-JNI: register_android_hardware_Radio DONE
10-26 20:08:09.799  5011  5011 E cutils-trace: Error opening trace file: No such file or directory (2)
10-26 20:08:09.811  5011  5011 I art     : map image_filename=/data/dalvik-cache/arm64/system@framework@boot.art (0x6ff8f000,14368768) success
10-26 20:08:09.811  5011  5011 I art     : image_map image_filename=/data/dalvik-cache/arm64/system@framework@boot.art (0x6ff8f000,14368768) success
10-26 20:08:09.812  5011  5011 E art     : Failed to dlopen: Failed to find oatdata symbol at expected address: oatdata=0x7f844c9000 != expected=0x70d44000, /data/dalvik-cache/arm64/system@framework@boot.oat. See process maps in the log.
10-26 20:08:09.829  5011  5011 D ICU     : No timezone override file found: /data/misc/zoneinfo/current/icu/icu_tzdata.dat
10-26 20:08:09.833  5011  5011 E art     : Failed to dlopen: Failed to find absolute path for '/data/dalvik-cache/arm64/system@framework@am.jar@classes.dex'
10-26 20:08:09.837  5011  5011 V AndroidRuntime: --- registering native functions ---
10-26 20:08:09.847  5011  5011 I Radio-JNI: register_android_hardware_Radio DONE
10-26 20:08:09.866  1379  3322 I ActivityManager: Force stopping com.eclipsesource.callv8 appid=10141 user=0: from pid 5011
10-26 20:08:09.867  1379  1379 D JobSchedulerService: Receieved: android.intent.action.PACKAGE_RESTARTED
10-26 20:08:09.868  2490  2490 D RegisteredServicesCache: Intent action: android.intent.action.PACKAGE_RESTARTED
10-26 20:08:09.869  2490  2490 D CardEmulationManager: Current default: null
10-26 20:08:09.869  2490  2490 D CardEmulationManager: No default set, last payment service removed.
10-26 20:08:09.869  2490  2490 D RegisteredAidCache: onServicesUpdated
10-26 20:08:09.869  2490  2490 D RegisteredAidCache: Not updating routing table because NFC is off.
10-26 20:08:09.869  2490  2490 D RegisteredNfcid2Cache: onServicesUpdated
10-26 20:08:09.869  2490  2490 D RegisteredNfcid2Cache: generateAidCacheLocked: mNfcid2Cache size 0
10-26 20:08:09.869  2490  2490 D RegisteredNfcid2Cache: Not updating routing table because NFC is off.
10-26 20:08:10.403  5035  5035 E cutils-trace: Error opening trace file: No such file or directory (2)
10-26 20:08:10.417  5035  5035 I art     : map image_filename=/data/dalvik-cache/arm64/system@framework@boot.art (0x6ff8f000,14368768) success
10-26 20:08:10.417  5035  5035 I art     : image_map image_filename=/data/dalvik-cache/arm64/system@framework@boot.art (0x6ff8f000,14368768) success
10-26 20:08:10.418  5035  5035 E art     : Failed to dlopen: Failed to find oatdata symbol at expected address: oatdata=0x7f71b49000 != expected=0x70d44000, /data/dalvik-cache/arm64/system@framework@boot.oat. See process maps in the log.
10-26 20:08:10.433  5035  5035 D ICU     : No timezone override file found: /data/misc/zoneinfo/current/icu/icu_tzdata.dat
10-26 20:08:10.438  5035  5035 E art     : Failed to dlopen: Failed to find absolute path for '/data/dalvik-cache/arm64/system@framework@am.jar@classes.dex'
10-26 20:08:10.442  5035  5035 V AndroidRuntime: --- registering native functions ---
10-26 20:08:10.452  5035  5035 I Radio-JNI: register_android_hardware_Radio DONE
10-26 20:08:10.473  1379  2573 I ActivityManager: START u0 {act=android.intent.action.MAIN cat=[android.intent.category.LAUNCHER] flg=0x10000000 cmp=com.eclipsesource.callv8/.MainActivity} from uid 2000 on display 0
10-26 20:08:10.473  1379  2573 I ANDR-IOP: IOP pkg_name = com.eclipsesource.callv8 PID = -1
10-26 20:08:10.473  1379  2573 I ANDR-IOP: IOP CMD_ENCODE send -4 1
10-26 20:08:10.474  3158  3164 E ANDR-IOP_CAP:  stop_capture ENTER 
10-26 20:08:10.474  3158  3164 E ANDR-IOP_CAP:  stop_capture EXIT 
10-26 20:08:10.474  3158  3164 I ANDR-IOP_PB: Stop Playback 
10-26 20:08:10.474  3158  3164 E ANDR-IOP_PB:  start_playback-1 
10-26 20:08:10.474  3158  3164 I ANDR-IOP_PB:   0
10-26 20:08:10.474  3158  3164 I ANDR-IOP_PB: Exit start_capture
10-26 20:08:10.474  3158  5044 I ANDR-IOP_PB: pkg_name = com.eclipsesource.callv8
10-26 20:08:10.474  3182  3189 E ANDR-PERF-OPTSHANDLER: freq is change to 2342400
10-26 20:08:10.474  3158  5044 I ANDR-IOP_DB: 
10-26 20:08:10.474  3158  5044 I ANDR-IOP_DB:  query = SELECT * FROM io_pkg_file_tbl   WHERE pkg_name = 'com.eclipsesource.callv8'   ORDER BY file_time_stamp ASC
10-26 20:08:10.475  3158  5044 I ANDR-IOP_DB: get_file_list_cb filename = /system/app/SmartisanOSThemeDefault/SmartisanOSThemeDefault.apk 
10-26 20:08:10.475  3158  5044 I ANDR-IOP_DB: file_info->file_list[file_info->counter].file_name filename = /system/app/SmartisanOSThemeDefault/SmartisanOSThemeDefault.apk 
10-26 20:08:10.475  3158  5044 I ANDR-IOP_DB: get_file_list_cb filename = /system/app/SmartisanOSThemeThirdApp/SmartisanOSThemeThirdApp.apk 
10-26 20:08:10.475  3158  5044 I ANDR-IOP_DB: file_info->file_list[file_info->counter].file_name filename = /system/app/SmartisanOSThemeThirdApp/SmartisanOSThemeThirdApp.apk 
10-26 20:08:10.475  3158  5044 I ANDR-IOP_DB: get_file_list_cb filename = /system/framework/framework-res.apk 
10-26 20:08:10.475  3158  5044 I ANDR-IOP_DB: file_info->file_list[file_info->counter].file_name filename = /system/framework/framework-res.apk 
10-26 20:08:10.475  3158  5044 I ANDR-IOP_DB: get_file_list_cb filename = /system/framework/framework-smartisanos-res/framework-smartisanos-res.apk 
10-26 20:08:10.475  3158  5044 I ANDR-IOP_DB: file_info->file_list[file_info->counter].file_name filename = /system/framework/framework-smartisanos-res/framework-smartisanos-res.apk 
10-26 20:08:10.475  3158  5044 I ANDR-IOP_DB: get_file_list_cb filename = /data/app/com.eclipsesource.callv8-1/base.apk 
10-26 20:08:10.475  3158  5044 I ANDR-IOP_DB: file_info->file_list[file_info->counter].file_name filename = /data/app/com.eclipsesource.callv8-1/base.apk 
10-26 20:08:10.475  3158  5044 I ANDR-IOP_DB: get_file_list_cb filename = /data/app/com.eclipsesource.callv8-1/lib/arm/libj2v8.so 
10-26 20:08:10.475  3158  5044 I ANDR-IOP_DB: file_info->file_list[file_info->counter].file_name filename = /data/app/com.eclipsesource.callv8-1/lib/arm/libj2v8.so 
10-26 20:08:10.475  3158  5044 I ANDR-IOP_PB: num_of_files = 6
10-26 20:08:10.475  3158  5044 I ANDR-IOP_PB: 0. mapping file /system/app/SmartisanOSThemeDefault/SmartisanOSThemeDefault.apk pages = 2 size = 5646 
10-26 20:08:10.475  3158  5044 I ANDR-IOP_PB: 1. mapping file /system/app/SmartisanOSThemeThirdApp/SmartisanOSThemeThirdApp.apk pages = 18 size = 70146 
10-26 20:08:10.475  3158  5044 I ANDR-IOP_PB: 2. mapping file /system/framework/framework-res.apk pages = 4194 size = 17178140 
10-26 20:08:10.481  3158  5044 I ANDR-IOP_PB: 3. mapping file /system/framework/framework-smartisanos-res/framework-smartisanos-res.apk pages = 1473 size = 6030046 
10-26 20:08:10.483  1379  1436 I IgnoreTouchEvent: ignoreTouchEvent onWindowAttached
10-26 20:08:10.483  3158  5044 I ANDR-IOP_PB: 4. mapping file /data/app/com.eclipsesource.callv8-1/base.apk pages = 884 size = 3620700 
10-26 20:08:10.485  3158  5044 I ANDR-IOP_PB: 5. mapping file /data/app/com.eclipsesource.callv8-1/lib/arm/libj2v8.so pages = 1376 size = 5632068 
10-26 20:08:10.487  3158  5044 I ANDR-IOP_PB:  Total Data = 32550912
10-26 20:08:10.507  5045  5045 I art     : Late-enabling -Xcheck:jni
10-26 20:08:10.507  5045  5045 I art     : setting RLIM to infinity for process 5045
10-26 20:08:10.509  1379  2593 I ANDR-IOP: IOP pkg_name = com.eclipsesource.callv8 PID = 5045
10-26 20:08:10.509  1379  2593 I ANDR-IOP: IOP CMD_ENCODE send -4 1
10-26 20:08:10.509  3158  3164 E ANDR-IOP_CAP:  stop_capture ENTER 
10-26 20:08:10.509  1379  2593 I ActivityManager: Start proc 5045:com.eclipsesource.callv8/u0a141 for activity com.eclipsesource.callv8/.MainActivity
10-26 20:08:10.509  3158  3164 E ANDR-IOP_CAP:  stop_capture EXIT 
10-26 20:08:10.509  3158  3164 E ANDR-IOP_CAP:  start_capture ENTER 
10-26 20:08:10.509  3158  3164 I ANDR-IOP_CAP: 5045 com.eclipsesource.callv8 24
10-26 20:08:10.509  3158  3164 I ANDR-IOP_CAP: 5045 com.eclipsesource.callv8 24
10-26 20:08:10.509  3158  3164 I ANDR-IOP_CAP: property = 50
10-26 20:08:10.509  3158  3164 I ANDR-IOP_CAP: start_capture EXIT
10-26 20:08:10.509  3158  5052 I ANDR-IOP_CAP: pkg_name  = com.eclipsesource.callv8
10-26 20:08:10.509  3158  5052 I ANDR-IOP_CAP: Getting snapshot 5045
10-26 20:08:10.509  3158  5052 I ANDR-IOP_CAP: Dirname = /proc/5045/fd MAX_PATH = 4096
10-26 20:08:10.509  3158  5052 I ANDR-IOP_CAP: get_snapshot Enter dp = 0x7f8a9ea000
10-26 20:08:10.509  3158  5052 I ANDR-IOP_CAP: dp = -1969315840
10-26 20:08:10.510  3158  5052 I ANDR-IOP_CAP: file is in filter list /dev/null
10-26 20:08:10.510  3158  5052 I ANDR-IOP_CAP: file is in filter list /dev/null
10-26 20:08:10.510  3158  5052 I ANDR-IOP_CAP: file is in filter list /dev/null
10-26 20:08:10.510  3158  5052 I ANDR-IOP_CAP: file is in filter list /system/framework/core-libart.jar
10-26 20:08:10.510  3158  5052 I ANDR-IOP_CAP: file is in filter list /dev/urandom
10-26 20:08:10.510  3158  5052 I ANDR-IOP_CAP: file is in filter list /dev/__properties__
10-26 20:08:10.510  3158  5052 I ANDR-IOP_CAP: file is in filter list /dev/null
10-26 20:08:10.510  3158  5052 I ANDR-IOP_CAP: file is in filter list /dev/null
10-26 20:08:10.510  3158  5052 I ANDR-IOP_CAP: file is in filter list /dev/cpuctl/tasks
10-26 20:08:10.510  3158  5052 I ANDR-IOP_CAP: file is in filter list /dev/cpuctl/bg_non_interactive/tasks
10-26 20:08:10.510  3158  5052 I ANDR-IOP_CAP: file is in filter list /dev/cpuctl/bg_3rd_app/tasks
10-26 20:08:10.510  3158  5052 I ANDR-IOP_CAP: get_snapshot Exit dp = 0x7f8a9ea000
10-26 20:08:10.524  5045  5051 I art     : Debugger is no longer active
10-26 20:08:10.541  2587  2587 E PILLS   : ActivityResumedReceiver : Constants.WINDOW_READY false ! abandon action android.intent.action.ACTIVITY_RESUMED
10-26 20:08:10.543  5045  5045 D ActivityThread: new loadedapk for com.eclipsesource.callv8 packageInfo is none
10-26 20:08:10.550  5045  5045 E art     : Failed to dlopen: Failed to find absolute path for '/data/dalvik-cache/arm/data@app@com.eclipsesource.callv8-1@base.apk@classes.dex'
10-26 20:08:10.553  5045  5045 I System  : Daemon delayGCRequest, sDelayGCRequest=false, delay=true, sPendingGCRequest=false
10-26 20:08:10.560  3158  5052 I ANDR-IOP_CAP: Getting snapshot 5045
10-26 20:08:10.560  3158  5052 I ANDR-IOP_CAP: Dirname = /proc/5045/fd MAX_PATH = 4096
10-26 20:08:10.560  3158  5052 I ANDR-IOP_CAP: get_snapshot Enter dp = 0x7f8a9ea000
10-26 20:08:10.560  3158  5052 I ANDR-IOP_CAP: dp = -1969315840
10-26 20:08:10.560  3158  5052 I ANDR-IOP_CAP: file is in filter list /dev/null
10-26 20:08:10.560  3158  5052 I ANDR-IOP_CAP: file is in filter list /dev/null
10-26 20:08:10.560  3158  5052 I ANDR-IOP_CAP: file is in filter list /dev/null
10-26 20:08:10.560  3158  5052 I ANDR-IOP_CAP: file is in filter list /system/framework/core-libart.jar
10-26 20:08:10.561  3158  5052 I ANDR-IOP_CAP: file is in filter list /dev/urandom
10-26 20:08:10.561  3158  5052 I ANDR-IOP_CAP: file is in filter list /dev/__properties__
10-26 20:08:10.561  3158  5052 I ANDR-IOP_CAP: file is in filter list /dev/binder
10-26 20:08:10.561  3158  5052 I ANDR-IOP_CAP: file is in filter list /dev/cpuctl/tasks
10-26 20:08:10.561  3158  5052 I ANDR-IOP_CAP: file is in filter list /dev/cpuctl/bg_non_interactive/tasks
10-26 20:08:10.561  3158  5052 I ANDR-IOP_CAP: file is in filter list /dev/cpuctl/bg_3rd_app/tasks
10-26 20:08:10.561  3158  5052 I ANDR-IOP_CAP: get_snapshot Exit dp = 0x7f8a9ea000
10-26 20:08:10.563  5045  5045 W art     : Before Android 4.1, method android.graphics.PorterDuffColorFilter android.support.graphics.drawable.VectorDrawableCompat.updateTintFilter(android.graphics.PorterDuffColorFilter, android.content.res.ColorStateList, android.graphics.PorterDuff$Mode) would have incorrectly overridden the package-private method in android.graphics.drawable.Drawable
10-26 20:08:10.580  5045  5045 E art     : Failed to dlopen: Failed to find absolute path for '/data/dalvik-cache/arm/system@framework@QPerformance.jar@classes.dex'
10-26 20:08:10.604  5045  5045 E art     : No implementation found for void com.eclipsesource.v8.V8._setFlags(java.lang.String) (tried Java_com_eclipsesource_v8_V8__1setFlags and Java_com_eclipsesource_v8_V8__1setFlags__Ljava_lang_String_2)
10-26 20:08:10.605  5045  5045 E AndroidRuntime: FATAL EXCEPTION: main
10-26 20:08:10.605  5045  5045 E AndroidRuntime: Process: com.eclipsesource.callv8, PID: 5045
10-26 20:08:10.605  5045  5045 E AndroidRuntime: java.lang.UnsatisfiedLinkError: No implementation found for void com.eclipsesource.v8.V8._setFlags(java.lang.String) (tried Java_com_eclipsesource_v8_V8__1setFlags and Java_com_eclipsesource_v8_V8__1setFlags__Ljava_lang_String_2)
10-26 20:08:10.605  5045  5045 E AndroidRuntime: 	at com.eclipsesource.v8.V8._setFlags(Native Method)
10-26 20:08:10.605  5045  5045 E AndroidRuntime: 	at com.eclipsesource.v8.V8.createV8Runtime(V8.java:155)
10-26 20:08:10.605  5045  5045 E AndroidRuntime: 	at com.eclipsesource.v8.V8.createV8Runtime(V8.java:114)
10-26 20:08:10.605  5045  5045 E AndroidRuntime: 	at com.eclipsesource.callv8.MainActivity.onCreate(MainActivity.java:17)
10-26 20:08:10.605  5045  5045 E AndroidRuntime: 	at android.app.Activity.performCreate(Activity.java:6433)
10-26 20:08:10.605  5045  5045 E AndroidRuntime: 	at android.app.Instrumentation.callActivityOnCreate(Instrumentation.java:1108)
10-26 20:08:10.605  5045  5045 E AndroidRuntime: 	at android.app.ActivityThread.performLaunchActivity(ActivityThread.java:2457)
10-26 20:08:10.605  5045  5045 E AndroidRuntime: 	at android.app.ActivityThread.handleLaunchActivity(ActivityThread.java:2575)
10-26 20:08:10.605  5045  5045 E AndroidRuntime: 	at android.app.ActivityThread.access$900(ActivityThread.java:160)
10-26 20:08:10.605  5045  5045 E AndroidRuntime: 	at android.app.ActivityThread$H.handleMessage(ActivityThread.java:1415)
10-26 20:08:10.605  5045  5045 E AndroidRuntime: 	at android.os.Handler.dispatchMessage(Handler.java:102)
10-26 20:08:10.605  5045  5045 E AndroidRuntime: 	at android.os.Looper.loop(Looper.java:148)
10-26 20:08:10.605  5045  5045 E AndroidRuntime: 	at android.app.ActivityThread.main(ActivityThread.java:5547)
10-26 20:08:10.605  5045  5045 E AndroidRuntime: 	at java.lang.reflect.Method.invoke(Native Method)
10-26 20:08:10.605  5045  5045 E AndroidRuntime: 	at com.android.internal.os.ZygoteInit$MethodAndArgsCaller.run(ZygoteInit.java:935)
10-26 20:08:10.605  5045  5045 E AndroidRuntime: 	at com.android.internal.os.ZygoteInit.main(ZygoteInit.java:726)
10-26 20:08:10.606  1379  3322 W ActivityManager:   Force finishing activity com.eclipsesource.callv8/.MainActivity
10-26 20:08:10.611  3158  5052 I ANDR-IOP_CAP: Getting snapshot 5045
10-26 20:08:10.611  3158  5052 I ANDR-IOP_CAP: Dirname = /proc/5045/fd MAX_PATH = 4096
10-26 20:08:10.611  3158  5052 I ANDR-IOP_CAP: get_snapshot Enter dp = 0x7f8a9ea000
10-26 20:08:10.611  3158  5052 I ANDR-IOP_CAP: dp = -1969315840
10-26 20:08:10.611  3158  5052 I ANDR-IOP_CAP: file is in filter list /dev/null
10-26 20:08:10.611  3158  5052 I ANDR-IOP_CAP: file is in filter list /dev/null
10-26 20:08:10.611  3158  5052 I ANDR-IOP_CAP: file is in filter list /dev/null
10-26 20:08:10.611  3158  5052 I ANDR-IOP_CAP: file is in filter list /system/framework/core-libart.jar
10-26 20:08:10.611  3158  5052 I ANDR-IOP_CAP: file is in filter list /dev/urandom
10-26 20:08:10.611  3158  5052 I ANDR-IOP_CAP: file is in filter list /dev/__properties__
10-26 20:08:10.612  3158  5052 I ANDR-IOP_CAP: file is in filter list /dev/binder
10-26 20:08:10.612  3158  5052 I ANDR-IOP_CAP: file is in filter list /dev/cpuctl/tasks
10-26 20:08:10.612  3158  5052 I ANDR-IOP_CAP: file is in filter list /dev/cpuctl/bg_non_interactive/tasks
10-26 20:08:10.612  3158  5052 I ANDR-IOP_CAP: file is in filter list /dev/cpuctl/bg_3rd_app/tasks
10-26 20:08:10.612  3158  5052 I ANDR-IOP_CAP: get_snapshot Exit dp = 0x7f8a9ea000
10-26 20:08:10.621  1379  1432 W ActivityManager: Skipping crash dialog of ProcessRecord{7640987 5045:com.eclipsesource.callv8/u0a141}: background
10-26 20:08:10.621  5045  5045 I Process : killProcess pid=5045
10-26 20:08:10.621  5045  5045 I Process : java.lang.RuntimeException
10-26 20:08:10.621  5045  5045 I Process : 	at android.os.Process.killProcess(Process.java:1136)
10-26 20:08:10.621  5045  5045 I Process : 	at com.android.internal.os.RuntimeInit$UncaughtHandler.uncaughtException(RuntimeInit.java:100)
10-26 20:08:10.621  5045  5045 I Process : 	at java.lang.ThreadGroup.uncaughtException(ThreadGroup.java:693)
10-26 20:08:10.621  5045  5045 I Process : 	at java.lang.ThreadGroup.uncaughtException(ThreadGroup.java:690)
10-26 20:08:10.621  5045  5045 I Process : Sending signal. PID: 5045 SIG: 9
10-26 20:08:10.624  4840  4840 I chatty  : uid=10125(com.youku.phone) AsyncTask #2 expire 60 lines
10-26 20:08:10.637  1379  1411 I ActivityManager: Process com.eclipsesource.callv8 (pid 5045) has died
10-26 20:08:10.637  1379  1411 D ActivityManager: cleanUpApplicationRecord -- 5045
10-26 20:08:10.638  1379  1436 I IgnoreTouchEvent: ignoreTouchEvent onWindowDetached
10-26 20:08:10.660  2587  2587 E PILLS   : ActivityResumedReceiver : Constants.WINDOW_READY false ! abandon action android.intent.action.ACTIVITY_RESUMED
10-26 20:08:10.662  3158  5052 I ANDR-IOP_CAP: Getting snapshot 5045
10-26 20:08:10.662  3158  5052 I ANDR-IOP_CAP: Dirname = /proc/5045/fd MAX_PATH = 4096
10-26 20:08:10.662  3158  5052 I ANDR-IOP_CAP: get_snapshot Enter dp = 0x0
10-26 20:08:10.662  3158  5052 I ANDR-IOP_CAP: dp = 0
10-26 20:08:10.666  3182  3189 E ANDR-PERF-OPTSHANDLER: freq is change to 0
10-26 20:08:10.681  1379  3321 W InputMethodManagerService: Window already focused, ignoring focus gain of: com.android.internal.view.IInputMethodClient$Stub$Proxy@f0d34dd attribute=null, token = android.os.BinderProxy@748415b
10-26 20:08:10.713  3158  5052 I ANDR-IOP_CAP: Getting snapshot 5045
10-26 20:08:10.713  3158  5052 I ANDR-IOP_CAP: Dirname = /proc/5045/fd MAX_PATH = 4096
10-26 20:08:10.713  3158  5052 I ANDR-IOP_CAP: get_snapshot Enter dp = 0x0
10-26 20:08:10.713  3158  5052 I ANDR-IOP_CAP: dp = 0
10-26 20:08:10.763  3158  5052 I ANDR-IOP_CAP: Getting snapshot 5045
10-26 20:08:10.763  3158  5052 I ANDR-IOP_CAP: Dirname = /proc/5045/fd MAX_PATH = 4096
10-26 20:08:10.763  3158  5052 I ANDR-IOP_CAP: get_snapshot Enter dp = 0x0
10-26 20:08:10.763  3158  5052 I ANDR-IOP_CAP: dp = 0
10-26 20:08:10.813  3158  5052 I ANDR-IOP_CAP: Getting snapshot 5045
10-26 20:08:10.814  3158  5052 I ANDR-IOP_CAP: Dirname = /proc/5045/fd MAX_PATH = 4096
10-26 20:08:10.814  3158  5052 I ANDR-IOP_CAP: get_snapshot Enter dp = 0x0
10-26 20:08:10.814  3158  5052 I ANDR-IOP_CAP: dp = 0
10-26 20:08:10.864  3158  5052 I ANDR-IOP_CAP: Getting snapshot 5045
10-26 20:08:10.864  3158  5052 I ANDR-IOP_CAP: Dirname = /proc/5045/fd MAX_PATH = 4096
10-26 20:08:10.865  3158  5052 I ANDR-IOP_CAP: get_snapshot Enter dp = 0x0
10-26 20:08:10.865  3158  5052 I ANDR-IOP_CAP: dp = 0
10-26 20:08:10.915  3158  5052 I ANDR-IOP_CAP: Getting snapshot 5045
10-26 20:08:10.915  3158  5052 I ANDR-IOP_CAP: Dirname = /proc/5045/fd MAX_PATH = 4096
10-26 20:08:10.915  3158  5052 I ANDR-IOP_CAP: get_snapshot Enter dp = 0x0
10-26 20:08:10.915  3158  5052 I ANDR-IOP_CAP: dp = 0
10-26 20:08:10.966  3158  5052 I ANDR-IOP_CAP: Getting snapshot 5045
10-26 20:08:10.966  3158  5052 I ANDR-IOP_CAP: Dirname = /proc/5045/fd MAX_PATH = 4096
10-26 20:08:10.966  3158  5052 I ANDR-IOP_CAP: get_snapshot Enter dp = 0x0
10-26 20:08:10.966  3158  5052 I ANDR-IOP_CAP: dp = 0
10-26 20:08:11.016  3158  5052 I ANDR-IOP_CAP: Getting snapshot 5045
10-26 20:08:11.017  3158  5052 I ANDR-IOP_CAP: Dirname = /proc/5045/fd MAX_PATH = 4096
10-26 20:08:11.017  3158  5052 I ANDR-IOP_CAP: get_snapshot Enter dp = 0x0
10-26 20:08:11.017  3158  5052 I ANDR-IOP_CAP: dp = 0
10-26 20:08:11.067  3158  5052 I ANDR-IOP_CAP: Getting snapshot 5045
10-26 20:08:11.067  3158  5052 I ANDR-IOP_CAP: Dirname = /proc/5045/fd MAX_PATH = 4096
10-26 20:08:11.068  3158  5052 I ANDR-IOP_CAP: get_snapshot Enter dp = 0x0
10-26 20:08:11.068  3158  5052 I ANDR-IOP_CAP: dp = 0
10-26 20:08:11.118  3158  5052 I ANDR-IOP_CAP: Getting snapshot 5045
10-26 20:08:11.118  3158  5052 I ANDR-IOP_CAP: Dirname = /proc/5045/fd MAX_PATH = 4096
10-26 20:08:11.118  3158  5052 I ANDR-IOP_CAP: get_snapshot Enter dp = 0x0
10-26 20:08:11.118  3158  5052 I ANDR-IOP_CAP: dp = 0
10-26 20:08:11.169  3158  5052 I ANDR-IOP_CAP: Getting snapshot 5045
10-26 20:08:11.169  3158  5052 I ANDR-IOP_CAP: Dirname = /proc/5045/fd MAX_PATH = 4096
10-26 20:08:11.169  3158  5052 I ANDR-IOP_CAP: get_snapshot Enter dp = 0x0
10-26 20:08:11.169  3158  5052 I ANDR-IOP_CAP: dp = 0
10-26 20:08:11.219  3158  5052 I ANDR-IOP_CAP: Getting snapshot 5045
10-26 20:08:11.219  3158  5052 I ANDR-IOP_CAP: Dirname = /proc/5045/fd MAX_PATH = 4096
10-26 20:08:11.219  3158  5052 I ANDR-IOP_CAP: get_snapshot Enter dp = 0x0
10-26 20:08:11.219  3158  5052 I ANDR-IOP_CAP: dp = 0
10-26 20:08:11.270  3158  5052 I ANDR-IOP_CAP: Getting snapshot 5045
10-26 20:08:11.270  3158  5052 I ANDR-IOP_CAP: Dirname = /proc/5045/fd MAX_PATH = 4096
10-26 20:08:11.270  3158  5052 I ANDR-IOP_CAP: get_snapshot Enter dp = 0x0
10-26 20:08:11.270  3158  5052 I ANDR-IOP_CAP: dp = 0
10-26 20:08:11.320  3158  5052 I ANDR-IOP_CAP: Getting snapshot 5045
10-26 20:08:11.321  3158  5052 I ANDR-IOP_CAP: Dirname = /proc/5045/fd MAX_PATH = 4096
10-26 20:08:11.321  3158  5052 I ANDR-IOP_CAP: get_snapshot Enter dp = 0x0
10-26 20:08:11.321  3158  5052 I ANDR-IOP_CAP: dp = 0
10-26 20:08:11.371  3158  5052 I ANDR-IOP_CAP: Getting snapshot 5045
10-26 20:08:11.371  3158  5052 I ANDR-IOP_CAP: Dirname = /proc/5045/fd MAX_PATH = 4096
10-26 20:08:11.371  3158  5052 I ANDR-IOP_CAP: get_snapshot Enter dp = 0x0
10-26 20:08:11.371  3158  5052 I ANDR-IOP_CAP: dp = 0
10-26 20:08:11.422  3158  5052 I ANDR-IOP_CAP: Getting snapshot 5045
10-26 20:08:11.422  3158  5052 I ANDR-IOP_CAP: Dirname = /proc/5045/fd MAX_PATH = 4096
10-26 20:08:11.422  3158  5052 I ANDR-IOP_CAP: get_snapshot Enter dp = 0x0
10-26 20:08:11.422  3158  5052 I ANDR-IOP_CAP: dp = 0
10-26 20:08:11.472  3158  5052 I ANDR-IOP_CAP: Getting snapshot 5045
10-26 20:08:11.472  3158  5052 I ANDR-IOP_CAP: Dirname = /proc/5045/fd MAX_PATH = 4096
10-26 20:08:11.473  3158  5052 I ANDR-IOP_CAP: get_snapshot Enter dp = 0x0
10-26 20:08:11.473  3158  5052 I ANDR-IOP_CAP: dp = 0
10-26 20:08:11.523  3158  5052 I ANDR-IOP_CAP: Getting snapshot 5045
10-26 20:08:11.523  3158  5052 I ANDR-IOP_CAP: Dirname = /proc/5045/fd MAX_PATH = 4096
10-26 20:08:11.523  3158  5052 I ANDR-IOP_CAP: get_snapshot Enter dp = 0x0
10-26 20:08:11.523  3158  5052 I ANDR-IOP_CAP: dp = 0
10-26 20:08:11.574  3158  5052 I ANDR-IOP_CAP: Getting snapshot 5045
10-26 20:08:11.574  3158  5052 I ANDR-IOP_CAP: Dirname = /proc/5045/fd MAX_PATH = 4096
10-26 20:08:11.574  3158  5052 I ANDR-IOP_CAP: get_snapshot Enter dp = 0x0
10-26 20:08:11.574  3158  5052 I ANDR-IOP_CAP: dp = 0
10-26 20:08:11.624  3158  5052 I ANDR-IOP_CAP: Getting snapshot 5045
10-26 20:08:11.625  3158  5052 I ANDR-IOP_CAP: Dirname = /proc/5045/fd MAX_PATH = 4096
10-26 20:08:11.625  3158  5052 I ANDR-IOP_CAP: get_snapshot Enter dp = 0x0
10-26 20:08:11.625  3158  5052 I ANDR-IOP_CAP: dp = 0
10-26 20:08:11.675  3158  5052 I ANDR-IOP_CAP: Getting snapshot 5045
10-26 20:08:11.675  3158  5052 I ANDR-IOP_CAP: Dirname = /proc/5045/fd MAX_PATH = 4096
10-26 20:08:11.675  3158  5052 I ANDR-IOP_CAP: get_snapshot Enter dp = 0x0
10-26 20:08:11.675  3158  5052 I ANDR-IOP_CAP: dp = 0
10-26 20:08:11.726  3158  5052 I ANDR-IOP_CAP: Getting snapshot 5045
10-26 20:08:11.726  3158  5052 I ANDR-IOP_CAP: Dirname = /proc/5045/fd MAX_PATH = 4096
10-26 20:08:11.726  3158  5052 I ANDR-IOP_CAP: get_snapshot Enter dp = 0x0
10-26 20:08:11.726  3158  5052 I ANDR-IOP_CAP: dp = 0
10-26 20:08:11.776  3158  5052 I ANDR-IOP_CAP: Getting snapshot 5045
10-26 20:08:11.776  3158  5052 I ANDR-IOP_CAP: Dirname = /proc/5045/fd MAX_PATH = 4096
10-26 20:08:11.776  3158  5052 I ANDR-IOP_CAP: get_snapshot Enter dp = 0x0
10-26 20:08:11.777  3158  5052 I ANDR-IOP_CAP: dp = 0
10-26 20:08:11.827  3158  5052 I ANDR-IOP_CAP: Getting snapshot 5045
10-26 20:08:11.827  3158  5052 I ANDR-IOP_CAP: Dirname = /proc/5045/fd MAX_PATH = 4096
10-26 20:08:11.827  3158  5052 I ANDR-IOP_CAP: get_snapshot Enter dp = 0x0
10-26 20:08:11.827  3158  5052 I ANDR-IOP_CAP: dp = 0
10-26 20:08:11.877  3158  5052 I ANDR-IOP_CAP: Getting snapshot 5045
10-26 20:08:11.878  3158  5052 I ANDR-IOP_CAP: Dirname = /proc/5045/fd MAX_PATH = 4096
10-26 20:08:11.878  3158  5052 I ANDR-IOP_CAP: get_snapshot Enter dp = 0x0
10-26 20:08:11.878  3158  5052 I ANDR-IOP_CAP: dp = 0
10-26 20:08:11.928  3158  5052 I ANDR-IOP_CAP: Getting snapshot 5045
10-26 20:08:11.928  3158  5052 I ANDR-IOP_CAP: Dirname = /proc/5045/fd MAX_PATH = 4096
10-26 20:08:11.928  3158  5052 I ANDR-IOP_CAP: get_snapshot Enter dp = 0x0
10-26 20:08:11.928  3158  5052 I ANDR-IOP_CAP: dp = 0
10-26 20:08:11.979  3158  5052 I ANDR-IOP_CAP: Getting snapshot 5045
10-26 20:08:11.979  3158  5052 I ANDR-IOP_CAP: Dirname = /proc/5045/fd MAX_PATH = 4096
10-26 20:08:11.979  3158  5052 I ANDR-IOP_CAP: get_snapshot Enter dp = 0x0
10-26 20:08:11.979  3158  5052 I ANDR-IOP_CAP: dp = 0
10-26 20:08:12.029  3158  5052 I ANDR-IOP_CAP: Getting snapshot 5045
10-26 20:08:12.029  3158  5052 I ANDR-IOP_CAP: Dirname = /proc/5045/fd MAX_PATH = 4096
10-26 20:08:12.030  3158  5052 I ANDR-IOP_CAP: get_snapshot Enter dp = 0x0
10-26 20:08:12.030  3158  5052 I ANDR-IOP_CAP: dp = 0
10-26 20:08:12.080  3158  5052 I ANDR-IOP_CAP: Getting snapshot 5045
10-26 20:08:12.080  3158  5052 I ANDR-IOP_CAP: Dirname = /proc/5045/fd MAX_PATH = 4096
10-26 20:08:12.080  3158  5052 I ANDR-IOP_CAP: get_snapshot Enter dp = 0x0
10-26 20:08:12.080  3158  5052 I ANDR-IOP_CAP: dp = 0
10-26 20:08:12.131  3158  5052 I ANDR-IOP_CAP: Getting snapshot 5045
10-26 20:08:12.131  3158  5052 I ANDR-IOP_CAP: Dirname = /proc/5045/fd MAX_PATH = 4096
10-26 20:08:12.131  3158  5052 I ANDR-IOP_CAP: get_snapshot Enter dp = 0x0
10-26 20:08:12.131  3158  5052 I ANDR-IOP_CAP: dp = 0
10-26 20:08:12.181  3158  5052 I ANDR-IOP_CAP: Getting snapshot 5045
10-26 20:08:12.181  3158  5052 I ANDR-IOP_CAP: Dirname = /proc/5045/fd MAX_PATH = 4096
10-26 20:08:12.182  3158  5052 I ANDR-IOP_CAP: get_snapshot Enter dp = 0x0
10-26 20:08:12.182  3158  5052 I ANDR-IOP_CAP: dp = 0
10-26 20:08:12.232  3158  5052 I ANDR-IOP_CAP: Getting snapshot 5045
10-26 20:08:12.232  3158  5052 I ANDR-IOP_CAP: Dirname = /proc/5045/fd MAX_PATH = 4096
10-26 20:08:12.232  3158  5052 I ANDR-IOP_CAP: get_snapshot Enter dp = 0x0
10-26 20:08:12.232  3158  5052 I ANDR-IOP_CAP: dp = 0
10-26 20:08:12.283  3158  5052 I ANDR-IOP_CAP: Getting snapshot 5045
10-26 20:08:12.283  3158  5052 I ANDR-IOP_CAP: Dirname = /proc/5045/fd MAX_PATH = 4096
10-26 20:08:12.283  3158  5052 I ANDR-IOP_CAP: get_snapshot Enter dp = 0x0
10-26 20:08:12.283  3158  5052 I ANDR-IOP_CAP: dp = 0
10-26 20:08:12.333  3158  5052 I ANDR-IOP_CAP: Getting snapshot 5045
10-26 20:08:12.333  3158  5052 I ANDR-IOP_CAP: Dirname = /proc/5045/fd MAX_PATH = 4096
10-26 20:08:12.333  3158  5052 I ANDR-IOP_CAP: get_snapshot Enter dp = 0x0
10-26 20:08:12.334  3158  5052 I ANDR-IOP_CAP: dp = 0
10-26 20:08:12.384  3158  5052 I ANDR-IOP_CAP: Getting snapshot 5045
10-26 20:08:12.384  3158  5052 I ANDR-IOP_CAP: Dirname = /proc/5045/fd MAX_PATH = 4096
10-26 20:08:12.384  3158  5052 I ANDR-IOP_CAP: get_snapshot Enter dp = 0x0
10-26 20:08:12.384  3158  5052 I ANDR-IOP_CAP: dp = 0
10-26 20:08:12.434  3158  5052 I ANDR-IOP_CAP: Getting snapshot 5045
10-26 20:08:12.435  3158  5052 I ANDR-IOP_CAP: Dirname = /proc/5045/fd MAX_PATH = 4096
10-26 20:08:12.435  3158  5052 I ANDR-IOP_CAP: get_snapshot Enter dp = 0x0
10-26 20:08:12.435  3158  5052 I ANDR-IOP_CAP: dp = 0
10-26 20:08:12.485  3158  5052 I ANDR-IOP_CAP: Getting snapshot 5045
10-26 20:08:12.485  3158  5052 I ANDR-IOP_CAP: Dirname = /proc/5045/fd MAX_PATH = 4096
10-26 20:08:12.485  3158  5052 I ANDR-IOP_CAP: get_snapshot Enter dp = 0x0
10-26 20:08:12.485  3158  5052 I ANDR-IOP_CAP: dp = 0
10-26 20:08:12.536  3158  5052 I ANDR-IOP_CAP: Getting snapshot 5045
10-26 20:08:12.536  3158  5052 I ANDR-IOP_CAP: Dirname = /proc/5045/fd MAX_PATH = 4096
10-26 20:08:12.536  3158  5052 I ANDR-IOP_CAP: get_snapshot Enter dp = 0x0
10-26 20:08:12.536  3158  5052 I ANDR-IOP_CAP: dp = 0
10-26 20:08:12.586  3158  5052 I ANDR-IOP_CAP: Getting snapshot 5045
10-26 20:08:12.586  3158  5052 I ANDR-IOP_CAP: Dirname = /proc/5045/fd MAX_PATH = 4096
10-26 20:08:12.586  3158  5052 I ANDR-IOP_CAP: get_snapshot Enter dp = 0x0
10-26 20:08:12.587  3158  5052 I ANDR-IOP_CAP: dp = 0
10-26 20:08:12.637  3158  5052 I ANDR-IOP_CAP: Getting snapshot 5045
10-26 20:08:12.637  3158  5052 I ANDR-IOP_CAP: Dirname = /proc/5045/fd MAX_PATH = 4096
10-26 20:08:12.637  3158  5052 I ANDR-IOP_CAP: get_snapshot Enter dp = 0x0
10-26 20:08:12.637  3158  5052 I ANDR-IOP_CAP: dp = 0
10-26 20:08:12.687  3158  5052 I ANDR-IOP_CAP: Getting snapshot 5045
10-26 20:08:12.687  3158  5052 I ANDR-IOP_CAP: Dirname = /proc/5045/fd MAX_PATH = 4096
10-26 20:08:12.688  3158  5052 I ANDR-IOP_CAP: get_snapshot Enter dp = 0x0
10-26 20:08:12.688  3158  5052 I ANDR-IOP_CAP: dp = 0
10-26 20:08:12.738  3158  5052 I ANDR-IOP_CAP: Getting snapshot 5045
10-26 20:08:12.738  3158  5052 I ANDR-IOP_CAP: Dirname = /proc/5045/fd MAX_PATH = 4096
10-26 20:08:12.738  3158  5052 I ANDR-IOP_CAP: get_snapshot Enter dp = 0x0
10-26 20:08:12.738  3158  5052 I ANDR-IOP_CAP: dp = 0
10-26 20:08:12.788  3158  5052 I ANDR-IOP_CAP: Getting snapshot 5045
10-26 20:08:12.789  3158  5052 I ANDR-IOP_CAP: Dirname = /proc/5045/fd MAX_PATH = 4096
10-26 20:08:12.789  3158  5052 I ANDR-IOP_CAP: get_snapshot Enter dp = 0x0
10-26 20:08:12.789  3158  5052 I ANDR-IOP_CAP: dp = 0
10-26 20:08:12.839  3158  5052 I ANDR-IOP_CAP: Getting snapshot 5045
10-26 20:08:12.839  3158  5052 I ANDR-IOP_CAP: Dirname = /proc/5045/fd MAX_PATH = 4096
10-26 20:08:12.839  3158  5052 I ANDR-IOP_CAP: get_snapshot Enter dp = 0x0
10-26 20:08:12.839  3158  5052 I ANDR-IOP_CAP: dp = 0
10-26 20:08:12.890  3158  5052 I ANDR-IOP_CAP: Getting snapshot 5045
10-26 20:08:12.890  3158  5052 I ANDR-IOP_CAP: Dirname = /proc/5045/fd MAX_PATH = 4096
10-26 20:08:12.890  3158  5052 I ANDR-IOP_CAP: get_snapshot Enter dp = 0x0
10-26 20:08:12.890  3158  5052 I ANDR-IOP_CAP: dp = 0
10-26 20:08:12.940  3158  5052 I ANDR-IOP_CAP: Getting snapshot 5045
10-26 20:08:12.941  3158  5052 I ANDR-IOP_CAP: Dirname = /proc/5045/fd MAX_PATH = 4096
10-26 20:08:12.941  3158  5052 I ANDR-IOP_CAP: get_snapshot Enter dp = 0x0
10-26 20:08:12.941  3158  5052 I ANDR-IOP_CAP: dp = 0
10-26 20:08:12.991  3158  5052 I ANDR-IOP_CAP: Getting snapshot 5045
10-26 20:08:12.991  3158  5052 I ANDR-IOP_CAP: Dirname = /proc/5045/fd MAX_PATH = 4096
10-26 20:08:12.991  3158  5052 I ANDR-IOP_CAP: get_snapshot Enter dp = 0x0
10-26 20:08:12.991  3158  5052 I ANDR-IOP_CAP: dp = 0
10-26 20:08:13.042  3158  5052 I ANDR-IOP_CAP: Getting snapshot 5045
10-26 20:08:13.042  3158  5052 I ANDR-IOP_CAP: Dirname = /proc/5045/fd MAX_PATH = 4096
10-26 20:08:13.042  3158  5052 I ANDR-IOP_CAP: get_snapshot Enter dp = 0x0
10-26 20:08:13.042  3158  5052 I ANDR-IOP_CAP: dp = 0
10-26 20:08:13.092  3158  5052 I ANDR-IOP_CAP: Getting snapshot 5045
10-26 20:08:13.093  3158  5052 I ANDR-IOP_CAP: Dirname = /proc/5045/fd MAX_PATH = 4096
10-26 20:08:13.093  3158  5052 I ANDR-IOP_CAP: get_snapshot Enter dp = 0x0
10-26 20:08:13.093  3158  5052 I ANDR-IOP_CAP: dp = 0
10-26 20:08:13.143  3158  5052 I ANDR-IOP_CAP: Getting snapshot 5045
10-26 20:08:13.143  3158  5052 I ANDR-IOP_CAP: Dirname = /proc/5045/fd MAX_PATH = 4096
10-26 20:08:13.143  3158  5052 I ANDR-IOP_CAP: get_snapshot Enter dp = 0x0
10-26 20:08:13.143  3158  5052 I ANDR-IOP_CAP: dp = 0
10-26 20:08:13.193  3158  5052 I ANDR-IOP_CAP: Getting snapshot 5045
10-26 20:08:13.194  3158  5052 I ANDR-IOP_CAP: Dirname = /proc/5045/fd MAX_PATH = 4096
10-26 20:08:13.194  3158  5052 I ANDR-IOP_CAP: get_snapshot Enter dp = 0x0
10-26 20:08:13.194  3158  5052 I ANDR-IOP_CAP: dp = 0
10-26 20:08:13.244  3158  5052 I ANDR-IOP_CAP: Getting snapshot 5045
10-26 20:08:13.244  3158  5052 I ANDR-IOP_CAP: Dirname = /proc/5045/fd MAX_PATH = 4096
10-26 20:08:13.244  3158  5052 I ANDR-IOP_CAP: get_snapshot Enter dp = 0x0
10-26 20:08:13.244  3158  5052 I ANDR-IOP_CAP: dp = 0
10-26 20:08:13.295  3158  5052 I ANDR-IOP_CAP: Getting snapshot 5045
10-26 20:08:13.295  3158  5052 I ANDR-IOP_CAP: Dirname = /proc/5045/fd MAX_PATH = 4096
10-26 20:08:13.295  3158  5052 I ANDR-IOP_CAP: get_snapshot Enter dp = 0x0
10-26 20:08:13.295  3158  5052 I ANDR-IOP_CAP: dp = 0
10-26 20:08:13.345  3158  5052 I ANDR-IOP_CAP: Getting snapshot 5045
10-26 20:08:13.345  3158  5052 I ANDR-IOP_CAP: Dirname = /proc/5045/fd MAX_PATH = 4096
10-26 20:08:13.345  3158  5052 I ANDR-IOP_CAP: get_snapshot Enter dp = 0x0
10-26 20:08:13.345  3158  5052 I ANDR-IOP_CAP: dp = 0
10-26 20:08:13.396  3158  5052 I ANDR-IOP_CAP: Getting snapshot 5045
10-26 20:08:13.396  3158  5052 I ANDR-IOP_CAP: Dirname = /proc/5045/fd MAX_PATH = 4096
10-26 20:08:13.396  3158  5052 I ANDR-IOP_CAP: get_snapshot Enter dp = 0x0
10-26 20:08:13.396  3158  5052 I ANDR-IOP_CAP: dp = 0
10-26 20:08:13.446  3158  5052 I ANDR-IOP_CAP: Getting snapshot 5045
10-26 20:08:13.446  3158  5052 I ANDR-IOP_CAP: Dirname = /proc/5045/fd MAX_PATH = 4096
10-26 20:08:13.447  3158  5052 I ANDR-IOP_CAP: get_snapshot Enter dp = 0x0
10-26 20:08:13.447  3158  5052 I ANDR-IOP_CAP: dp = 0
10-26 20:08:13.497  3158  5052 I ANDR-IOP_CAP: Getting snapshot 5045
10-26 20:08:13.497  3158  5052 I ANDR-IOP_CAP: Dirname = /proc/5045/fd MAX_PATH = 4096
10-26 20:08:13.497  3158  5052 I ANDR-IOP_CAP: get_snapshot Enter dp = 0x0
10-26 20:08:13.497  3158  5052 I ANDR-IOP_CAP: dp = 0
10-26 20:08:13.548  3158  5052 I ANDR-IOP_CAP: Dir = /data/app/com.eclipsesource.callv8-1
10-26 20:08:13.548  3158  5052 I ANDR-IOP_CAP: First dp = -1969315840
10-26 20:08:13.548  3158  5052 I ANDR-IOP_CAP: current or previous dir IGNORE
10-26 20:08:13.548  3158  5052 I ANDR-IOP_CAP: current or previous dir IGNORE
10-26 20:08:13.548  3158  5052 I ANDR-IOP_CAP: Opening file = /data/app/com.eclipsesource.callv8-1/base.apk
10-26 20:08:13.548  3158  5052 I ANDR-IOP_CAP: curTime = 1509019693, start_capture_time_s = 1509019690,f_st.st_atime = 1509018997
10-26 20:08:13.548  3158  5052 I ANDR-IOP_CAP: File is accessed base.apk 
10-26 20:08:13.548  3158  5052 I ANDR-IOP_CAP: inserting pathname = /data/app/com.eclipsesource.callv8-1/base.apk,f_st.st_size = 3620700, a_time = 1010
10-26 20:08:13.548  3158  5052 I ANDR-IOP_CAP: Opening dir new_dp = /data/app/com.eclipsesource.callv8-1/lib
10-26 20:08:13.549  3158  5052 I ANDR-IOP_CAP: current or previous dir IGNORE
10-26 20:08:13.549  3158  5052 I ANDR-IOP_CAP: current or previous dir IGNORE
10-26 20:08:13.549  3158  5052 I ANDR-IOP_CAP: Opening dir new_dp = /data/app/com.eclipsesource.callv8-1/lib/arm
10-26 20:08:13.549  3158  5052 I ANDR-IOP_CAP: current or previous dir IGNORE
10-26 20:08:13.549  3158  5052 I ANDR-IOP_CAP: current or previous dir IGNORE
10-26 20:08:13.549  3158  5052 I ANDR-IOP_CAP: Opening file = /data/app/com.eclipsesource.callv8-1/lib/arm/libj2v8.so
10-26 20:08:13.549  3158  5052 I ANDR-IOP_CAP: curTime = 1509019693, start_capture_time_s = 1509019690,f_st.st_atime = 547557190488
10-26 20:08:13.549  3158  5052 I ANDR-IOP_CAP: File is accessed libj2v8.so 
10-26 20:08:13.549  3158  5052 I ANDR-IOP_CAP: inserting pathname = /data/app/com.eclipsesource.callv8-1/lib/arm/libj2v8.so,f_st.st_size = 5632068, a_time = 1010
10-26 20:08:13.534  5052  5052 W iop     : type=1400 audit(0.0:2540927): avc: denied { read } for name="oat" dev="sda13" ino=2638316 scontext=u:r:dumpstate:s0 tcontext=u:object_r:dalvikcache_data_file:s0 tclass=dir permissive=0
10-26 20:08:13.550  3158  5052 I ANDR-IOP_CAP: Opening dir new_dp = /data/app/com.eclipsesource.callv8-1/oat
10-26 20:08:13.550  3158  5052 I ANDR-IOP_CAP: Dir = /data/app/com.eclipsesource.callv8-2
10-26 20:08:13.550  3158  5052 I ANDR-IOP_CAP: First dp = 0
10-26 20:08:13.551  3158  5052 I ANDR-IOP_CAP: dp is NULL
10-26 20:08:13.551  3158  5052 I ANDR-IOP_CAP: Dir = /data/data/com.eclipsesource.callv8
10-26 20:08:13.551  3158  5052 I ANDR-IOP_CAP: First dp = -1969315840
10-26 20:08:13.551  3158  5052 I ANDR-IOP_CAP: current or previous dir IGNORE
10-26 20:08:13.551  3158  5052 I ANDR-IOP_CAP: current or previous dir IGNORE
10-26 20:08:13.551  3158  5052 I ANDR-IOP_CAP: Opening dir new_dp = /data/data/com.eclipsesource.callv8/cache
10-26 20:08:13.552  3158  5052 I ANDR-IOP_CAP: current or previous dir IGNORE
10-26 20:08:13.552  3158  5052 I ANDR-IOP_CAP: current or previous dir IGNORE
10-26 20:08:13.552  3158  5052 I ANDR-IOP_CAP: Opening dir new_dp = /data/data/com.eclipsesource.callv8/code_cache
10-26 20:08:13.553  3158  5052 I ANDR-IOP_CAP: current or previous dir IGNORE
10-26 20:08:13.553  3158  5052 I ANDR-IOP_CAP: current or previous dir IGNORE
10-26 20:08:13.553  3158  5052 I ANDR-IOP_CAP: pkg_name = com.eclipsesource.callv8 total_files = 6 
10-26 20:08:13.553  3158  5052 I ANDR-IOP_DB: 
10-26 20:08:13.553  3158  5052 I ANDR-IOP_DB:  get_file SELECT * FROM io_pkg_tbl WHERE pkg_name='com.eclipsesource.callv8' 
10-26 20:08:13.555  3158  5052 I ANDR-IOP_DB: pkg_name = com.eclipsesource.callv8 
10-26 20:08:13.555  3158  5052 I ANDR-IOP_DB: update_pkg_details
10-26 20:08:13.555  3158  5052 I ANDR-IOP_DB: 
10-26 20:08:13.555  3158  5052 I ANDR-IOP_DB: Query = UPDATE io_pkg_tbl SET pkg_last_use = 1509019693,pkg_use_count = pkg_use_count+1 WHERE pkg_name = 'com.eclipsesource.callv8' 
10-26 20:08:13.580  3158  5052 I ANDR-IOP_DB: 
10-26 20:08:13.580  3158  5052 I ANDR-IOP_DB:  get_file select * from io_pkg_file_tbl where pkg_name='com.eclipsesource.callv8'  AND (file_name = '/system/framework/framework-res.apk') 
10-26 20:08:13.581  3158  5052 I ANDR-IOP_DB: pkg_name = com.eclipsesource.callv8 
10-26 20:08:13.581  3158  5052 I ANDR-IOP_DB: get_file_cb filename = /system/framework/framework-res.apk 
10-26 20:08:13.581  3158  5052 I ANDR-IOP_DB: 
10-26 20:08:13.581  3158  5052 I ANDR-IOP_DB: Query = UPDATE io_pkg_file_tbl  SET  file_use_counter = file_use_counter+1 ,file_time_stamp = 1 ,file_size = 17178140 WHERE pkg_name = 'com.eclipsesource.callv8' AND (file_name = '/system/framework/framework-res.apk') 
10-26 20:08:13.582  3158  5052 I ANDR-IOP_DB: 
10-26 20:08:13.582  3158  5052 I ANDR-IOP_DB:  get_file select * from io_pkg_file_tbl where pkg_name='com.eclipsesource.callv8'  AND (file_name = '/system/framework/framework-smartisanos-res/framework-smartisanos-res.apk') 
10-26 20:08:13.583  3158  5052 I ANDR-IOP_DB: pkg_name = com.eclipsesource.callv8 
10-26 20:08:13.583  3158  5052 I ANDR-IOP_DB: get_file_cb filename = /system/framework/framework-smartisanos-res/framework-smartisanos-res.apk 
10-26 20:08:13.583  3158  5052 I ANDR-IOP_DB: 
10-26 20:08:13.583  3158  5052 I ANDR-IOP_DB: Query = UPDATE io_pkg_file_tbl  SET  file_use_counter = file_use_counter+1 ,file_time_stamp = 1 ,file_size = 6030046 WHERE pkg_name = 'com.eclipsesource.callv8' AND (file_name = '/system/framework/framework-smartisanos-res/framework-smartisanos-res.apk') 
10-26 20:08:13.584  3158  5052 I ANDR-IOP_DB: 
10-26 20:08:13.584  3158  5052 I ANDR-IOP_DB:  get_file select * from io_pkg_file_tbl where pkg_name='com.eclipsesource.callv8'  AND (file_name = '/system/app/SmartisanOSThemeThirdApp/SmartisanOSThemeThirdApp.apk') 
10-26 20:08:13.586  3158  5052 I ANDR-IOP_DB: pkg_name = com.eclipsesource.callv8 
10-26 20:08:13.586  3158  5052 I ANDR-IOP_DB: get_file_cb filename = /system/app/SmartisanOSThemeThirdApp/SmartisanOSThemeThirdApp.apk 
10-26 20:08:13.586  3158  5052 I ANDR-IOP_DB: 
10-26 20:08:13.586  3158  5052 I ANDR-IOP_DB: Query = UPDATE io_pkg_file_tbl  SET  file_use_counter = file_use_counter+1 ,file_time_stamp = 1 ,file_size = 70146 WHERE pkg_name = 'com.eclipsesource.callv8' AND (file_name = '/system/app/SmartisanOSThemeThirdApp/SmartisanOSThemeThirdApp.apk') 
10-26 20:08:13.587  3158  5052 I ANDR-IOP_DB: 
10-26 20:08:13.587  3158  5052 I ANDR-IOP_DB:  get_file select * from io_pkg_file_tbl where pkg_name='com.eclipsesource.callv8'  AND (file_name = '/system/app/SmartisanOSThemeDefault/SmartisanOSThemeDefault.apk') 
10-26 20:08:13.587  3158  5052 I ANDR-IOP_DB: pkg_name = com.eclipsesource.callv8 
10-26 20:08:13.587  3158  5052 I ANDR-IOP_DB: get_file_cb filename = /system/app/SmartisanOSThemeDefault/SmartisanOSThemeDefault.apk 
10-26 20:08:13.587  3158  5052 I ANDR-IOP_DB: 
10-26 20:08:13.587  3158  5052 I ANDR-IOP_DB: Query = UPDATE io_pkg_file_tbl  SET  file_use_counter = file_use_counter+1 ,file_time_stamp = 1 ,file_size = 5646 WHERE pkg_name = 'com.eclipsesource.callv8' AND (file_name = '/system/app/SmartisanOSThemeDefault/SmartisanOSThemeDefault.apk') 
10-26 20:08:13.587  3158  5052 I ANDR-IOP_DB: 
10-26 20:08:13.587  3158  5052 I ANDR-IOP_DB:  get_file select * from io_pkg_file_tbl where pkg_name='com.eclipsesource.callv8'  AND (file_name = '/data/app/com.eclipsesource.callv8-1/base.apk') 
10-26 20:08:13.587  3158  5052 I ANDR-IOP_DB: pkg_name = com.eclipsesource.callv8 
10-26 20:08:13.587  3158  5052 I ANDR-IOP_DB: get_file_cb filename = /data/app/com.eclipsesource.callv8-1/base.apk 
10-26 20:08:13.587  3158  5052 I ANDR-IOP_DB: 
10-26 20:08:13.587  3158  5052 I ANDR-IOP_DB: Query = UPDATE io_pkg_file_tbl  SET  file_use_counter = file_use_counter+1 ,file_time_stamp = 52 ,file_size = 3620700 WHERE pkg_name = 'com.eclipsesource.callv8' AND (file_name = '/data/app/com.eclipsesource.callv8-1/base.apk') 
10-26 20:08:13.587  3158  5052 I ANDR-IOP_DB: 
10-26 20:08:13.587  3158  5052 I ANDR-IOP_DB:  get_file select * from io_pkg_file_tbl where pkg_name='com.eclipsesource.callv8'  AND (file_name = '/data/app/com.eclipsesource.callv8-1/lib/arm/libj2v8.so') 
10-26 20:08:13.588  3158  5052 I ANDR-IOP_DB: pkg_name = com.eclipsesource.callv8 
10-26 20:08:13.588  3158  5052 I ANDR-IOP_DB: get_file_cb filename = /data/app/com.eclipsesource.callv8-1/lib/arm/libj2v8.so 
10-26 20:08:13.588  3158  5052 I ANDR-IOP_DB: 
10-26 20:08:13.588  3158  5052 I ANDR-IOP_DB: Query = UPDATE io_pkg_file_tbl  SET  file_use_counter = file_use_counter+1 ,file_time_stamp = 1000 ,file_size = 5632068 WHERE pkg_name = 'com.eclipsesource.callv8' AND (file_name = '/data/app/com.eclipsesource.callv8-1/lib/arm/libj2v8.so') 
10-26 20:08:13.603  3158  5052 E ANDR-IOP_CAP: 0. Final entry : com.eclipsesource.callv8 /system/framework/framework-res.apk 1 17178140
10-26 20:08:13.603  3158  5052 E ANDR-IOP_CAP: 1. Final entry : com.eclipsesource.callv8 /system/framework/framework-smartisanos-res/framework-smartisanos-res.apk 1 6030046
10-26 20:08:13.603  3158  5052 E ANDR-IOP_CAP: 2. Final entry : com.eclipsesource.callv8 /system/app/SmartisanOSThemeThirdApp/SmartisanOSThemeThirdApp.apk 1 70146
10-26 20:08:13.603  3158  5052 E ANDR-IOP_CAP: 3. Final entry : com.eclipsesource.callv8 /system/app/SmartisanOSThemeDefault/SmartisanOSThemeDefault.apk 1 5646
10-26 20:08:13.603  3158  5052 E ANDR-IOP_CAP: 4. Final entry : com.eclipsesource.callv8 /data/app/com.eclipsesource.callv8-1/base.apk 52 3620700
