10-26 20:13:58.710  4868  4868 W com.youku.phone:phone_monitor: type=1400 audit(0.0:2601690): avc: denied { getattr } for comm=4173796E635461736B202335 path="/proc/19" dev="proc" ino=19784 scontext=u:r:untrusted_app:s0:c512,c768 tcontext=u:r:kernel:s0 tclass=dir permissive=0
10-26 20:13:58.710  4868  4868 W com.youku.phone:phone_monitor: type=1400 audit(0.0:2601691): avc: denied { getattr } for comm=4173796E635461736B202335 path="/proc/20" dev="proc" ino=19785 scontext=u:r:untrusted_app:s0:c512,c768 tcontext=u:r:kernel:s0 tclass=dir permissive=0
10-26 20:13:58.710  4868  4868 W com.youku.phone:phone_monitor: type=1400 audit(0.0:2601692): avc: denied { getattr } for comm=4173796E635461736B202335 path="/proc/23" dev="proc" ino=19788 scontext=u:r:untrusted_app:s0:c512,c768 tcontext=u:r:kernel:s0 tclass=dir permissive=0
10-26 20:13:58.710  4868  4868 W com.youku.phone:phone_monitor: type=1400 audit(0.0:2601693): avc: denied { getattr } for comm=4173796E635461736B202335 path="/proc/24" dev="proc" ino=19789 scontext=u:r:untrusted_app:s0:c512,c768 tcontext=u:r:kernel:s0 tclass=dir permissive=0
10-26 20:13:58.710  4868  4868 W com.youku.phone:phone_monitor: type=1400 audit(0.0:2601694): avc: denied { getattr } for comm=4173796E635461736B202335 path="/proc/25" dev="proc" ino=19790 scontext=u:r:untrusted_app:s0:c512,c768 tcontext=u:r:kernel:s0 tclass=dir permissive=0
10-26 20:13:58.710  4868  4868 W com.youku.phone:phone_monitor: type=1400 audit(0.0:2601695): avc: denied { getattr } for comm=4173796E635461736B202335 path="/proc/26" dev="proc" ino=19791 scontext=u:r:untrusted_app:s0:c512,c768 tcontext=u:r:kernel:s0 tclass=dir permissive=0
10-26 20:13:58.710  4868  4868 W com.youku.phone:phone_monitor: type=1400 audit(0.0:2601696): avc: denied { getattr } for comm=4173796E635461736B202335 path="/proc/27" dev="proc" ino=19792 scontext=u:r:untrusted_app:s0:c512,c768 tcontext=u:r:kernel:s0 tclass=dir permissive=0
10-26 20:13:58.710  4868  4868 W com.youku.phone:phone_monitor: type=1400 audit(0.0:2601697): avc: denied { getattr } for comm=4173796E635461736B202335 path="/proc/28" dev="proc" ino=19793 scontext=u:r:untrusted_app:s0:c512,c768 tcontext=u:r:kernel:s0 tclass=dir permissive=0
10-26 20:13:58.947  3642  3888 I QiyiKeyManager: (null:-1) KeyUpdateTimer~~ alive
10-26 20:14:01.690  4865  4865 W com.youku.phone:phone_monitor: type=1400 audit(0.0:2602169): avc: denied { getattr } for comm=4173796E635461736B202334 path="/proc/1" dev="proc" ino=6796 scontext=u:r:untrusted_app:s0:c512,c768 tcontext=u:r:init:s0 tclass=dir permissive=0
10-26 20:14:01.690  4865  4865 W com.youku.phone:phone_monitor: type=1400 audit(0.0:2602170): avc: denied { getattr } for comm=4173796E635461736B202334 path="/proc/2" dev="proc" ino=19767 scontext=u:r:untrusted_app:s0:c512,c768 tcontext=u:r:kernel:s0 tclass=dir permissive=0
10-26 20:14:01.690  4865  4865 W com.youku.phone:phone_monitor: type=1400 audit(0.0:2602171): avc: denied { getattr } for comm=4173796E635461736B202334 path="/proc/3" dev="proc" ino=19768 scontext=u:r:untrusted_app:s0:c512,c768 tcontext=u:r:kernel:s0 tclass=dir permissive=0
10-26 20:14:01.690  4865  4865 W com.youku.phone:phone_monitor: type=1400 audit(0.0:2602172): avc: denied { getattr } for comm=4173796E635461736B202334 path="/proc/7" dev="proc" ino=19772 scontext=u:r:untrusted_app:s0:c512,c768 tcontext=u:r:kernel:s0 tclass=dir permissive=0
10-26 20:14:01.690  4865  4865 W com.youku.phone:phone_monitor: type=1400 audit(0.0:2602173): avc: denied { getattr } for comm=4173796E635461736B202334 path="/proc/8" dev="proc" ino=19773 scontext=u:r:untrusted_app:s0:c512,c768 tcontext=u:r:kernel:s0 tclass=dir permissive=0
10-26 20:14:01.690  4865  4865 W com.youku.phone:phone_monitor: type=1400 audit(0.0:2602174): avc: denied { getattr } for comm=4173796E635461736B202334 path="/proc/9" dev="proc" ino=19774 scontext=u:r:untrusted_app:s0:c512,c768 tcontext=u:r:kernel:s0 tclass=dir permissive=0
10-26 20:14:01.690  4865  4865 W com.youku.phone:phone_monitor: type=1400 audit(0.0:2602175): avc: denied { getattr } for comm=4173796E635461736B202334 path="/proc/10" dev="proc" ino=19775 scontext=u:r:untrusted_app:s0:c512,c768 tcontext=u:r:kernel:s0 tclass=dir permissive=0
10-26 20:14:01.690  4865  4865 W com.youku.phone:phone_monitor: type=1400 audit(0.0:2602176): avc: denied { getattr } for comm=4173796E635461736B202334 path="/proc/11" dev="proc" ino=19776 scontext=u:r:untrusted_app:s0:c512,c768 tcontext=u:r:kernel:s0 tclass=dir permissive=0
10-26 20:14:01.690  4865  4865 W com.youku.phone:phone_monitor: type=1400 audit(0.0:2602177): avc: denied { getattr } for comm=4173796E635461736B202334 path="/proc/12" dev="proc" ino=19777 scontext=u:r:untrusted_app:s0:c512,c768 tcontext=u:r:kernel:s0 tclass=dir permissive=0
10-26 20:14:01.690  4865  4865 W com.youku.phone:phone_monitor: type=1400 audit(0.0:2602178): avc: denied { getattr } for comm=4173796E635461736B202334 path="/proc/14" dev="proc" ino=19779 scontext=u:r:untrusted_app:s0:c512,c768 tcontext=u:r:kernel:s0 tclass=dir permissive=0
10-26 20:14:01.690  4865  4865 W com.youku.phone:phone_monitor: type=1400 audit(0.0:2602179): avc: denied { getattr } for comm=4173796E635461736B202334 path="/proc/15" dev="proc" ino=19780 scontext=u:r:untrusted_app:s0:c512,c768 tcontext=u:r:kernel:s0 tclass=dir permissive=0
10-26 20:14:01.690  4865  4865 W com.youku.phone:phone_monitor: type=1400 audit(0.0:2602180): avc: denied { getattr } for comm=4173796E635461736B202334 path="/proc/16" dev="proc" ino=19781 scontext=u:r:untrusted_app:s0:c512,c768 tcontext=u:r:kernel:s0 tclass=dir permissive=0
10-26 20:14:01.690  4865  4865 W com.youku.phone:phone_monitor: type=1400 audit(0.0:2602181): avc: denied { getattr } for comm=4173796E635461736B202334 path="/proc/19" dev="proc" ino=19784 scontext=u:r:untrusted_app:s0:c512,c768 tcontext=u:r:kernel:s0 tclass=dir permissive=0
10-26 20:14:01.690  4865  4865 W com.youku.phone:phone_monitor: type=1400 audit(0.0:2602182): avc: denied { getattr } for comm=4173796E635461736B202334 path="/proc/20" dev="proc" ino=19785 scontext=u:r:untrusted_app:s0:c512,c768 tcontext=u:r:kernel:s0 tclass=dir permissive=0
10-26 20:14:01.690  4865  4865 W com.youku.phone:phone_monitor: type=1400 audit(0.0:2602183): avc: denied { getattr } for comm=4173796E635461736B202334 path="/proc/23" dev="proc" ino=19788 scontext=u:r:untrusted_app:s0:c512,c768 tcontext=u:r:kernel:s0 tclass=dir permissive=0
10-26 20:14:01.690  4865  4865 W com.youku.phone:phone_monitor: type=1400 audit(0.0:2602184): avc: denied { getattr } for comm=4173796E635461736B202334 path="/proc/24" dev="proc" ino=19789 scontext=u:r:untrusted_app:s0:c512,c768 tcontext=u:r:kernel:s0 tclass=dir permissive=0
10-26 20:14:01.690  4865  4865 W com.youku.phone:phone_monitor: type=1400 audit(0.0:2602185): avc: denied { getattr } for comm=4173796E635461736B202334 path="/proc/25" dev="proc" ino=19790 scontext=u:r:untrusted_app:s0:c512,c768 tcontext=u:r:kernel:s0 tclass=dir permissive=0
10-26 20:14:01.690  4865  4865 W com.youku.phone:phone_monitor: type=1400 audit(0.0:2602186): avc: denied { getattr } for comm=4173796E635461736B202334 path="/proc/26" dev="proc" ino=19791 scontext=u:r:untrusted_app:s0:c512,c768 tcontext=u:r:kernel:s0 tclass=dir permissive=0
10-26 20:14:01.690  4865  4865 W com.youku.phone:phone_monitor: type=1400 audit(0.0:2602187): avc: denied { getattr } for comm=4173796E635461736B202334 path="/proc/27" dev="proc" ino=19792 scontext=u:r:untrusted_app:s0:c512,c768 tcontext=u:r:kernel:s0 tclass=dir permissive=0
10-26 20:14:01.690  4865  4865 W com.youku.phone:phone_monitor: type=1400 audit(0.0:2602188): avc: denied { getattr } for comm=4173796E635461736B202334 path="/proc/28" dev="proc" ino=19793 scontext=u:r:untrusted_app:s0:c512,c768 tcontext=u:r:kernel:s0 tclass=dir permissive=0
10-26 20:14:03.947  3642  3888 I QiyiKeyManager: (null:-1) KeyUpdateTimer~~ alive
10-26 20:14:04.700  4847  4847 W com.youku.phone:phone_monitor: type=1400 audit(0.0:2602660): avc: denied { getattr } for comm=4173796E635461736B202333 path="/proc/1" dev="proc" ino=6796 scontext=u:r:untrusted_app:s0:c512,c768 tcontext=u:r:init:s0 tclass=dir permissive=0
10-26 20:14:04.700  4847  4847 W com.youku.phone:phone_monitor: type=1400 audit(0.0:2602661): avc: denied { getattr } for comm=4173796E635461736B202333 path="/proc/2" dev="proc" ino=19767 scontext=u:r:untrusted_app:s0:c512,c768 tcontext=u:r:kernel:s0 tclass=dir permissive=0
10-26 20:14:04.700  4847  4847 W com.youku.phone:phone_monitor: type=1400 audit(0.0:2602662): avc: denied { getattr } for comm=4173796E635461736B202333 path="/proc/3" dev="proc" ino=19768 scontext=u:r:untrusted_app:s0:c512,c768 tcontext=u:r:kernel:s0 tclass=dir permissive=0
10-26 20:14:04.700  4847  4847 W com.youku.phone:phone_monitor: type=1400 audit(0.0:2602663): avc: denied { getattr } for comm=4173796E635461736B202333 path="/proc/7" dev="proc" ino=19772 scontext=u:r:untrusted_app:s0:c512,c768 tcontext=u:r:kernel:s0 tclass=dir permissive=0
10-26 20:14:04.700  4847  4847 W com.youku.phone:phone_monitor: type=1400 audit(0.0:2602664): avc: denied { getattr } for comm=4173796E635461736B202333 path="/proc/8" dev="proc" ino=19773 scontext=u:r:untrusted_app:s0:c512,c768 tcontext=u:r:kernel:s0 tclass=dir permissive=0
10-26 20:14:04.700  4847  4847 W com.youku.phone:phone_monitor: type=1400 audit(0.0:2602665): avc: denied { getattr } for comm=4173796E635461736B202333 path="/proc/9" dev="proc" ino=19774 scontext=u:r:untrusted_app:s0:c512,c768 tcontext=u:r:kernel:s0 tclass=dir permissive=0
10-26 20:14:04.700  4847  4847 W com.youku.phone:phone_monitor: type=1400 audit(0.0:2602666): avc: denied { getattr } for comm=4173796E635461736B202333 path="/proc/10" dev="proc" ino=19775 scontext=u:r:untrusted_app:s0:c512,c768 tcontext=u:r:kernel:s0 tclass=dir permissive=0
10-26 20:14:04.700  4847  4847 W com.youku.phone:phone_monitor: type=1400 audit(0.0:2602667): avc: denied { getattr } for comm=4173796E635461736B202333 path="/proc/11" dev="proc" ino=19776 scontext=u:r:untrusted_app:s0:c512,c768 tcontext=u:r:kernel:s0 tclass=dir permissive=0
10-26 20:14:04.700  4847  4847 W com.youku.phone:phone_monitor: type=1400 audit(0.0:2602668): avc: denied { getattr } for comm=4173796E635461736B202333 path="/proc/12" dev="proc" ino=19777 scontext=u:r:untrusted_app:s0:c512,c768 tcontext=u:r:kernel:s0 tclass=dir permissive=0
10-26 20:14:04.700  4847  4847 W com.youku.phone:phone_monitor: type=1400 audit(0.0:2602669): avc: denied { getattr } for comm=4173796E635461736B202333 path="/proc/14" dev="proc" ino=19779 scontext=u:r:untrusted_app:s0:c512,c768 tcontext=u:r:kernel:s0 tclass=dir permissive=0
10-26 20:14:04.700  4847  4847 W com.youku.phone:phone_monitor: type=1400 audit(0.0:2602670): avc: denied { getattr } for comm=4173796E635461736B202333 path="/proc/15" dev="proc" ino=19780 scontext=u:r:untrusted_app:s0:c512,c768 tcontext=u:r:kernel:s0 tclass=dir permissive=0
10-26 20:14:04.700  4847  4847 W com.youku.phone:phone_monitor: type=1400 audit(0.0:2602671): avc: denied { getattr } for comm=4173796E635461736B202333 path="/proc/16" dev="proc" ino=19781 scontext=u:r:untrusted_app:s0:c512,c768 tcontext=u:r:kernel:s0 tclass=dir permissive=0
10-26 20:14:04.700  4847  4847 W com.youku.phone:phone_monitor: type=1400 audit(0.0:2602672): avc: denied { getattr } for comm=4173796E635461736B202333 path="/proc/19" dev="proc" ino=19784 scontext=u:r:untrusted_app:s0:c512,c768 tcontext=u:r:kernel:s0 tclass=dir permissive=0
10-26 20:14:04.700  4847  4847 W com.youku.phone:phone_monitor: type=1400 audit(0.0:2602673): avc: denied { getattr } for comm=4173796E635461736B202333 path="/proc/20" dev="proc" ino=19785 scontext=u:r:untrusted_app:s0:c512,c768 tcontext=u:r:kernel:s0 tclass=dir permissive=0
10-26 20:14:04.700  4847  4847 W com.youku.phone:phone_monitor: type=1400 audit(0.0:2602674): avc: denied { getattr } for comm=4173796E635461736B202333 path="/proc/23" dev="proc" ino=19788 scontext=u:r:untrusted_app:s0:c512,c768 tcontext=u:r:kernel:s0 tclass=dir permissive=0
10-26 20:14:04.700  4847  4847 W com.youku.phone:phone_monitor: type=1400 audit(0.0:2602675): avc: denied { getattr } for comm=4173796E635461736B202333 path="/proc/24" dev="proc" ino=19789 scontext=u:r:untrusted_app:s0:c512,c768 tcontext=u:r:kernel:s0 tclass=dir permissive=0
10-26 20:14:04.700  4847  4847 W com.youku.phone:phone_monitor: type=1400 audit(0.0:2602676): avc: denied { getattr } for comm=4173796E635461736B202333 path="/proc/25" dev="proc" ino=19790 scontext=u:r:untrusted_app:s0:c512,c768 tcontext=u:r:kernel:s0 tclass=dir permissive=0
10-26 20:14:04.700  4847  4847 W com.youku.phone:phone_monitor: type=1400 audit(0.0:2602677): avc: denied { getattr } for comm=4173796E635461736B202333 path="/proc/26" dev="proc" ino=19791 scontext=u:r:untrusted_app:s0:c512,c768 tcontext=u:r:kernel:s0 tclass=dir permissive=0
10-26 20:14:04.700  4847  4847 W com.youku.phone:phone_monitor: type=1400 audit(0.0:2602678): avc: denied { getattr } for comm=4173796E635461736B202333 path="/proc/27" dev="proc" ino=19792 scontext=u:r:untrusted_app:s0:c512,c768 tcontext=u:r:kernel:s0 tclass=dir permissive=0
10-26 20:14:04.700  4847  4847 W com.youku.phone:phone_monitor: type=1400 audit(0.0:2602679): avc: denied { getattr } for comm=4173796E635461736B202333 path="/proc/28" dev="proc" ino=19793 scontext=u:r:untrusted_app:s0:c512,c768 tcontext=u:r:kernel:s0 tclass=dir permissive=0
10-26 20:14:05.802  3642  3852 D JOBS    : Thread-82: load factor check. true = (3 < 4)|| (3 * 3 < 0 + 0). consumer thread: true
10-26 20:14:05.802  3642  3852 D JOBS    : didn't allow me to die, re-running Thread-82
10-26 20:14:05.802  3642  3852 D JOBS    : re-running consumer Thread-82
10-26 20:14:06.164  3331  3525 D JOBS    : pool-2-thread-1: load factor check. false = (4 < 4)|| (4 * 3 < 1 + 0). consumer thread: false
10-26 20:14:06.165  3331 29158 D JOBS    : running job 
10-26 20:14:06.166  3331 29158 V MessageDelivery: (null:-1) monitor status: PingbackTracker{mAccum=159, mAdded=159, mHandled=0, mSended=0, mScheduled=159, mPrepaired=0, mSaves=0, mSaveReal=0, runnable=org.qiyi.android.corejar.pingback.PingbackManager$PingbackTracker$1@3ec969b}
10-26 20:14:06.169  3331 29158 D JOBS    : added job id: -2147478066 class:  priority: 1 delay: 8000 group : GROUPID_PINGBACK_MANGER persistent: false 
10-26 20:14:06.172  3331 29158 D JOBS    : Thread-452: load factor check. false = (4 < 4)|| (4 * 3 < 0 + 1). consumer thread: false
10-26 20:14:06.173  3331 29158 D JOBS    : finished job 
10-26 20:14:07.690  4826  4826 W com.youku.phone:phone_monitor: type=1400 audit(0.0:2603151): avc: denied { getattr } for comm=4173796E635461736B202331 path="/proc/1" dev="proc" ino=6796 scontext=u:r:untrusted_app:s0:c512,c768 tcontext=u:r:init:s0 tclass=dir permissive=0
10-26 20:14:07.690  4826  4826 W com.youku.phone:phone_monitor: type=1400 audit(0.0:2603152): avc: denied { getattr } for comm=4173796E635461736B202331 path="/proc/2" dev="proc" ino=19767 scontext=u:r:untrusted_app:s0:c512,c768 tcontext=u:r:kernel:s0 tclass=dir permissive=0
10-26 20:14:07.690  4826  4826 W com.youku.phone:phone_monitor: type=1400 audit(0.0:2603153): avc: denied { getattr } for comm=4173796E635461736B202331 path="/proc/3" dev="proc" ino=19768 scontext=u:r:untrusted_app:s0:c512,c768 tcontext=u:r:kernel:s0 tclass=dir permissive=0
10-26 20:14:07.690  4826  4826 W com.youku.phone:phone_monitor: type=1400 audit(0.0:2603154): avc: denied { getattr } for comm=4173796E635461736B202331 path="/proc/7" dev="proc" ino=19772 scontext=u:r:untrusted_app:s0:c512,c768 tcontext=u:r:kernel:s0 tclass=dir permissive=0
10-26 20:14:07.690  4826  4826 W com.youku.phone:phone_monitor: type=1400 audit(0.0:2603155): avc: denied { getattr } for comm=4173796E635461736B202331 path="/proc/8" dev="proc" ino=19773 scontext=u:r:untrusted_app:s0:c512,c768 tcontext=u:r:kernel:s0 tclass=dir permissive=0
10-26 20:14:07.690  4826  4826 W com.youku.phone:phone_monitor: type=1400 audit(0.0:2603156): avc: denied { getattr } for comm=4173796E635461736B202331 path="/proc/9" dev="proc" ino=19774 scontext=u:r:untrusted_app:s0:c512,c768 tcontext=u:r:kernel:s0 tclass=dir permissive=0
10-26 20:14:07.690  4826  4826 W com.youku.phone:phone_monitor: type=1400 audit(0.0:2603157): avc: denied { getattr } for comm=4173796E635461736B202331 path="/proc/10" dev="proc" ino=19775 scontext=u:r:untrusted_app:s0:c512,c768 tcontext=u:r:kernel:s0 tclass=dir permissive=0
10-26 20:14:07.690  4826  4826 W com.youku.phone:phone_monitor: type=1400 audit(0.0:2603158): avc: denied { getattr } for comm=4173796E635461736B202331 path="/proc/11" dev="proc" ino=19776 scontext=u:r:untrusted_app:s0:c512,c768 tcontext=u:r:kernel:s0 tclass=dir permissive=0
10-26 20:14:07.690  4826  4826 W com.youku.phone:phone_monitor: type=1400 audit(0.0:2603159): avc: denied { getattr } for comm=4173796E635461736B202331 path="/proc/12" dev="proc" ino=19777 scontext=u:r:untrusted_app:s0:c512,c768 tcontext=u:r:kernel:s0 tclass=dir permissive=0
10-26 20:14:07.690  4826  4826 W com.youku.phone:phone_monitor: type=1400 audit(0.0:2603160): avc: denied { getattr } for comm=4173796E635461736B202331 path="/proc/14" dev="proc" ino=19779 scontext=u:r:untrusted_app:s0:c512,c768 tcontext=u:r:kernel:s0 tclass=dir permissive=0
10-26 20:14:07.690  4826  4826 W com.youku.phone:phone_monitor: type=1400 audit(0.0:2603161): avc: denied { getattr } for comm=4173796E635461736B202331 path="/proc/15" dev="proc" ino=19780 scontext=u:r:untrusted_app:s0:c512,c768 tcontext=u:r:kernel:s0 tclass=dir permissive=0
10-26 20:14:07.690  4826  4826 W com.youku.phone:phone_monitor: type=1400 audit(0.0:2603162): avc: denied { getattr } for comm=4173796E635461736B202331 path="/proc/16" dev="proc" ino=19781 scontext=u:r:untrusted_app:s0:c512,c768 tcontext=u:r:kernel:s0 tclass=dir permissive=0
10-26 20:14:07.690  4826  4826 W com.youku.phone:phone_monitor: type=1400 audit(0.0:2603163): avc: denied { getattr } for comm=4173796E635461736B202331 path="/proc/19" dev="proc" ino=19784 scontext=u:r:untrusted_app:s0:c512,c768 tcontext=u:r:kernel:s0 tclass=dir permissive=0
10-26 20:14:07.690  4826  4826 W com.youku.phone:phone_monitor: type=1400 audit(0.0:2603164): avc: denied { getattr } for comm=4173796E635461736B202331 path="/proc/20" dev="proc" ino=19785 scontext=u:r:untrusted_app:s0:c512,c768 tcontext=u:r:kernel:s0 tclass=dir permissive=0
10-26 20:14:07.690  4826  4826 W com.youku.phone:phone_monitor: type=1400 audit(0.0:2603165): avc: denied { getattr } for comm=4173796E635461736B202331 path="/proc/23" dev="proc" ino=19788 scontext=u:r:untrusted_app:s0:c512,c768 tcontext=u:r:kernel:s0 tclass=dir permissive=0
10-26 20:14:07.690  4826  4826 W com.youku.phone:phone_monitor: type=1400 audit(0.0:2603166): avc: denied { getattr } for comm=4173796E635461736B202331 path="/proc/24" dev="proc" ino=19789 scontext=u:r:untrusted_app:s0:c512,c768 tcontext=u:r:kernel:s0 tclass=dir permissive=0
10-26 20:14:07.690  4826  4826 W com.youku.phone:phone_monitor: type=1400 audit(0.0:2603167): avc: denied { getattr } for comm=4173796E635461736B202331 path="/proc/25" dev="proc" ino=19790 scontext=u:r:untrusted_app:s0:c512,c768 tcontext=u:r:kernel:s0 tclass=dir permissive=0
10-26 20:14:07.690  4826  4826 W com.youku.phone:phone_monitor: type=1400 audit(0.0:2603168): avc: denied { getattr } for comm=4173796E635461736B202331 path="/proc/26" dev="proc" ino=19791 scontext=u:r:untrusted_app:s0:c512,c768 tcontext=u:r:kernel:s0 tclass=dir permissive=0
10-26 20:14:07.690  4826  4826 W com.youku.phone:phone_monitor: type=1400 audit(0.0:2603169): avc: denied { getattr } for comm=4173796E635461736B202331 path="/proc/27" dev="proc" ino=19792 scontext=u:r:untrusted_app:s0:c512,c768 tcontext=u:r:kernel:s0 tclass=dir permissive=0
10-26 20:14:07.690  4826  4826 W com.youku.phone:phone_monitor: type=1400 audit(0.0:2603170): avc: denied { getattr } for comm=4173796E635461736B202331 path="/proc/28" dev="proc" ino=19793 scontext=u:r:untrusted_app:s0:c512,c768 tcontext=u:r:kernel:s0 tclass=dir permissive=0
10-26 20:14:08.946  3642  3888 I QiyiKeyManager: (null:-1) KeyUpdateTimer~~ alive
10-26 20:14:10.778 28721 28746 D JOBS    : Thread-147: load factor check. true = (3 < 4)|| (3 * 3 < 0 + 0). consumer thread: true
10-26 20:14:10.779 28721 28746 D JOBS    : didn't allow me to die, re-running Thread-147
10-26 20:14:10.780 28721 28746 D JOBS    : re-running consumer Thread-147
10-26 20:14:13.946  3642  3888 I QiyiKeyManager: (null:-1) KeyUpdateTimer~~ alive
10-26 20:14:14.168  3331  3525 D JOBS    : pool-2-thread-1: load factor check. false = (4 < 4)|| (4 * 3 < 0 + 0). consumer thread: false
10-26 20:14:14.169  3331 29158 D JOBS    : running job 
10-26 20:14:14.170  3331 29158 V MessageDelivery: (null:-1) monitor status: PingbackTracker{mAccum=159, mAdded=159, mHandled=0, mSended=0, mScheduled=159, mPrepaired=0, mSaves=0, mSaveReal=0, runnable=org.qiyi.android.corejar.pingback.PingbackManager$PingbackTracker$1@3ec969b}
10-26 20:14:14.172  3331 29158 D JOBS    : added job id: -2147478065 class:  priority: 1 delay: 8000 group : GROUPID_PINGBACK_MANGER persistent: false 
10-26 20:14:14.173  3331 29158 D JOBS    : Thread-452: load factor check. false = (4 < 4)|| (4 * 3 < 0 + 1). consumer thread: false
10-26 20:14:14.174  3331 29158 D JOBS    : finished job 
10-26 20:14:18.946  3642  3888 I QiyiKeyManager: (null:-1) KeyUpdateTimer~~ alive
10-26 20:14:19.182  4765 31975 I PhoneMonitor: IRS MonitorSDK is Alive in thread CollectData
10-26 20:14:19.200 31975 31975 W CollectAppRunIn: type=1400 audit(0.0:2603640): avc: denied { getattr } for path="/proc/1" dev="proc" ino=6796 scontext=u:r:untrusted_app:s0:c512,c768 tcontext=u:r:init:s0 tclass=dir permissive=0
10-26 20:14:19.200 31975 31975 W CollectAppRunIn: type=1400 audit(0.0:2603641): avc: denied { getattr } for path="/proc/2" dev="proc" ino=19767 scontext=u:r:untrusted_app:s0:c512,c768 tcontext=u:r:kernel:s0 tclass=dir permissive=0
10-26 20:14:19.200 31975 31975 W CollectAppRunIn: type=1400 audit(0.0:2603642): avc: denied { getattr } for path="/proc/3" dev="proc" ino=19768 scontext=u:r:untrusted_app:s0:c512,c768 tcontext=u:r:kernel:s0 tclass=dir permissive=0
10-26 20:14:19.200 31975 31975 W CollectAppRunIn: type=1400 audit(0.0:2603643): avc: denied { getattr } for path="/proc/7" dev="proc" ino=19772 scontext=u:r:untrusted_app:s0:c512,c768 tcontext=u:r:kernel:s0 tclass=dir permissive=0
10-26 20:14:19.200 31975 31975 W CollectAppRunIn: type=1400 audit(0.0:2603644): avc: denied { getattr } for path="/proc/8" dev="proc" ino=19773 scontext=u:r:untrusted_app:s0:c512,c768 tcontext=u:r:kernel:s0 tclass=dir permissive=0
10-26 20:14:19.200 31975 31975 W CollectAppRunIn: type=1400 audit(0.0:2603645): avc: denied { getattr } for path="/proc/9" dev="proc" ino=19774 scontext=u:r:untrusted_app:s0:c512,c768 tcontext=u:r:kernel:s0 tclass=dir permissive=0
10-26 20:14:19.200 31975 31975 W CollectAppRunIn: type=1400 audit(0.0:2603646): avc: denied { getattr } for path="/proc/10" dev="proc" ino=19775 scontext=u:r:untrusted_app:s0:c512,c768 tcontext=u:r:kernel:s0 tclass=dir permissive=0
10-26 20:14:19.200 31975 31975 W CollectAppRunIn: type=1400 audit(0.0:2603647): avc: denied { getattr } for path="/proc/11" dev="proc" ino=19776 scontext=u:r:untrusted_app:s0:c512,c768 tcontext=u:r:kernel:s0 tclass=dir permissive=0
10-26 20:14:19.200 31975 31975 W CollectAppRunIn: type=1400 audit(0.0:2603648): avc: denied { getattr } for path="/proc/12" dev="proc" ino=19777 scontext=u:r:untrusted_app:s0:c512,c768 tcontext=u:r:kernel:s0 tclass=dir permissive=0
10-26 20:14:19.200 31975 31975 W CollectAppRunIn: type=1400 audit(0.0:2603649): avc: denied { getattr } for path="/proc/14" dev="proc" ino=19779 scontext=u:r:untrusted_app:s0:c512,c768 tcontext=u:r:kernel:s0 tclass=dir permissive=0
10-26 20:14:19.210 31975 31975 W CollectAppRunIn: type=1400 audit(0.0:2603650): avc: denied { getattr } for path="/proc/15" dev="proc" ino=19780 scontext=u:r:untrusted_app:s0:c512,c768 tcontext=u:r:kernel:s0 tclass=dir permissive=0
10-26 20:14:19.210 31975 31975 W CollectAppRunIn: type=1400 audit(0.0:2603651): avc: denied { getattr } for path="/proc/16" dev="proc" ino=19781 scontext=u:r:untrusted_app:s0:c512,c768 tcontext=u:r:kernel:s0 tclass=dir permissive=0
10-26 20:14:19.210 31975 31975 W CollectAppRunIn: type=1400 audit(0.0:2603652): avc: denied { getattr } for path="/proc/19" dev="proc" ino=19784 scontext=u:r:untrusted_app:s0:c512,c768 tcontext=u:r:kernel:s0 tclass=dir permissive=0
10-26 20:14:19.210 31975 31975 W CollectAppRunIn: type=1400 audit(0.0:2603653): avc: denied { getattr } for path="/proc/20" dev="proc" ino=19785 scontext=u:r:untrusted_app:s0:c512,c768 tcontext=u:r:kernel:s0 tclass=dir permissive=0
10-26 20:14:19.210 31975 31975 W CollectAppRunIn: type=1400 audit(0.0:2603654): avc: denied { getattr } for path="/proc/23" dev="proc" ino=19788 scontext=u:r:untrusted_app:s0:c512,c768 tcontext=u:r:kernel:s0 tclass=dir permissive=0
10-26 20:14:19.210 31975 31975 W CollectAppRunIn: type=1400 audit(0.0:2603655): avc: denied { getattr } for path="/proc/24" dev="proc" ino=19789 scontext=u:r:untrusted_app:s0:c512,c768 tcontext=u:r:kernel:s0 tclass=dir permissive=0
10-26 20:14:19.210 31975 31975 W CollectAppRunIn: type=1400 audit(0.0:2603656): avc: denied { getattr } for path="/proc/25" dev="proc" ino=19790 scontext=u:r:untrusted_app:s0:c512,c768 tcontext=u:r:kernel:s0 tclass=dir permissive=0
10-26 20:14:19.210 31975 31975 W CollectAppRunIn: type=1400 audit(0.0:2603657): avc: denied { getattr } for path="/proc/26" dev="proc" ino=19791 scontext=u:r:untrusted_app:s0:c512,c768 tcontext=u:r:kernel:s0 tclass=dir permissive=0
10-26 20:14:19.210 31975 31975 W CollectAppRunIn: type=1400 audit(0.0:2603658): avc: denied { getattr } for path="/proc/27" dev="proc" ino=19792 scontext=u:r:untrusted_app:s0:c512,c768 tcontext=u:r:kernel:s0 tclass=dir permissive=0
10-26 20:14:19.210 31975 31975 W CollectAppRunIn: type=1400 audit(0.0:2603659): avc: denied { getattr } for path="/proc/28" dev="proc" ino=19793 scontext=u:r:untrusted_app:s0:c512,c768 tcontext=u:r:kernel:s0 tclass=dir permissive=0
10-26 20:14:22.173  3331  3525 D JOBS    : pool-2-thread-1: load factor check. false = (4 < 4)|| (4 * 3 < 0 + 0). consumer thread: false
10-26 20:14:22.173  3331 29158 D JOBS    : running job 
10-26 20:14:22.174  3331 29158 V MessageDelivery: (null:-1) monitor status: PingbackTracker{mAccum=159, mAdded=159, mHandled=0, mSended=0, mScheduled=159, mPrepaired=0, mSaves=0, mSaveReal=0, runnable=org.qiyi.android.corejar.pingback.PingbackManager$PingbackTracker$1@3ec969b}
10-26 20:14:22.175  3331 29158 D JOBS    : added job id: -2147478064 class:  priority: 1 delay: 8000 group : GROUPID_PINGBACK_MANGER persistent: false 
10-26 20:14:22.178  3331 29158 D JOBS    : Thread-452: load factor check. false = (4 < 4)|| (4 * 3 < 0 + 1). consumer thread: false
10-26 20:14:22.179  3331 29158 D JOBS    : finished job 
10-26 20:14:23.947  3642  3888 I QiyiKeyManager: (null:-1) KeyUpdateTimer~~ alive
10-26 20:14:25.454 28721 28761 D JOBS    : Thread-162: load factor check. true = (3 < 4)|| (3 * 3 < 0 + 0). consumer thread: true
10-26 20:14:25.455 28721 28761 D JOBS    : didn't allow me to die, re-running Thread-162
10-26 20:14:25.455 28721 28761 D JOBS    : re-running consumer Thread-162
10-26 20:14:28.947  3642  3888 I QiyiKeyManager: (null:-1) KeyUpdateTimer~~ alive
10-26 20:14:30.176  3331  3525 D JOBS    : pool-2-thread-1: load factor check. false = (4 < 4)|| (4 * 3 < 0 + 0). consumer thread: false
10-26 20:14:30.177  3331 29158 D JOBS    : running job 
10-26 20:14:30.177  3331 29158 V MessageDelivery: (null:-1) monitor status: PingbackTracker{mAccum=159, mAdded=159, mHandled=0, mSended=0, mScheduled=159, mPrepaired=0, mSaves=0, mSaveReal=0, runnable=org.qiyi.android.corejar.pingback.PingbackManager$PingbackTracker$1@3ec969b}
10-26 20:14:30.178  3331 29158 D JOBS    : added job id: -2147478063 class:  priority: 1 delay: 8000 group : GROUPID_PINGBACK_MANGER persistent: false 
10-26 20:14:30.178  3331 29158 D JOBS    : Thread-452: load factor check. false = (4 < 4)|| (4 * 3 < 0 + 1). consumer thread: false
10-26 20:14:30.179  3331 29158 D JOBS    : finished job 
10-26 20:14:30.217  4926 28979 I DpmTcmClient: RegisterTcmMonitor from: com.android.okhttp.TcmIdleTimerMonitor
10-26 20:14:30.866 28721 28776 D JOBS    : Thread-169: load factor check. true = (3 < 4)|| (3 * 3 < 0 + 0). consumer thread: true
10-26 20:14:30.867 28721 28776 D JOBS    : didn't allow me to die, re-running Thread-169
10-26 20:14:30.867 28721 28776 D JOBS    : re-running consumer Thread-169
10-26 20:14:30.893 28721 28747 D JOBS    : Thread-148: load factor check. true = (3 < 4)|| (3 * 3 < 0 + 0). consumer thread: true
10-26 20:14:30.894 28721 28747 D JOBS    : didn't allow me to die, re-running Thread-148
10-26 20:14:30.894 28721 28747 D JOBS    : re-running consumer Thread-148
10-26 20:14:33.946  3642  3888 I QiyiKeyManager: (null:-1) KeyUpdateTimer~~ alive
10-26 20:14:38.181  3331  3525 D JOBS    : pool-2-thread-1: load factor check. false = (4 < 4)|| (4 * 3 < 0 + 1). consumer thread: false
10-26 20:14:38.181  3331  3532 D JOBS    : running job 
10-26 20:14:38.182  3331  3532 V MessageDelivery: (null:-1) monitor status: PingbackTracker{mAccum=159, mAdded=159, mHandled=0, mSended=0, mScheduled=159, mPrepaired=0, mSaves=0, mSaveReal=0, runnable=org.qiyi.android.corejar.pingback.PingbackManager$PingbackTracker$1@3ec969b}
10-26 20:14:38.184  3331  3532 D JOBS    : added job id: -2147478062 class:  priority: 1 delay: 8000 group : GROUPID_PINGBACK_MANGER persistent: false 
10-26 20:14:38.186  3331  3532 D JOBS    : Thread-90: load factor check. false = (4 < 4)|| (4 * 3 < 0 + 1). consumer thread: false
10-26 20:14:38.187  3331  3532 D JOBS    : finished job 
10-26 20:14:38.946  3642  3888 I QiyiKeyManager: (null:-1) KeyUpdateTimer~~ alive
10-26 20:14:43.946  3642  3888 I QiyiKeyManager: (null:-1) KeyUpdateTimer~~ alive
10-26 20:14:46.186  3331  3532 D JOBS    : running job 
10-26 20:14:46.188  3331  3532 V MessageDelivery: (null:-1) monitor status: PingbackTracker{mAccum=159, mAdded=159, mHandled=0, mSended=0, mScheduled=159, mPrepaired=0, mSaves=0, mSaveReal=0, runnable=org.qiyi.android.corejar.pingback.PingbackManager$PingbackTracker$1@3ec969b}
10-26 20:14:46.188  3331  3525 D JOBS    : pool-2-thread-1: load factor check. false = (4 < 4)|| (4 * 3 < 0 + 1). consumer thread: false
10-26 20:14:46.189  3331  3532 D JOBS    : added job id: -2147478061 class:  priority: 1 delay: 8000 group : GROUPID_PINGBACK_MANGER persistent: false 
10-26 20:14:46.191  3331  3532 D JOBS    : Thread-90: load factor check. false = (4 < 4)|| (4 * 3 < 0 + 1). consumer thread: false
10-26 20:14:46.193  3331  3532 D JOBS    : finished job 
10-26 20:14:48.948  3642  3888 I QiyiKeyManager: (null:-1) KeyUpdateTimer~~ alive
10-26 20:14:51.470  4926  5370 I DpmTcmClient: RegisterTcmMonitor from: org.apache.http.impl.conn.TcmIdleTimerMonitor
10-26 20:14:51.508   489   489 E SELinux : avc:  denied  { find } for service=gbahttpauth scontext=u:r:untrusted_app:s0:c512,c768 tcontext=u:object_r:gba_auth_service:s0 tclass=service_manager
10-26 20:14:53.946  3642  3888 I QiyiKeyManager: (null:-1) KeyUpdateTimer~~ alive
10-26 20:14:54.190  3331  3525 D JOBS    : pool-2-thread-1: load factor check. false = (4 < 4)|| (4 * 3 < 0 + 0). consumer thread: false
10-26 20:14:54.191  3331  3532 D JOBS    : running job 
10-26 20:14:54.192  3331  3532 V MessageDelivery: (null:-1) monitor status: PingbackTracker{mAccum=159, mAdded=159, mHandled=0, mSended=0, mScheduled=159, mPrepaired=0, mSaves=0, mSaveReal=0, runnable=org.qiyi.android.corejar.pingback.PingbackManager$PingbackTracker$1@3ec969b}
10-26 20:14:54.193  3331  3532 D JOBS    : added job id: -2147478060 class:  priority: 1 delay: 8000 group : GROUPID_PINGBACK_MANGER persistent: false 
10-26 20:14:54.196  3331  3532 D JOBS    : Thread-90: load factor check. false = (4 < 4)|| (4 * 3 < 0 + 1). consumer thread: false
10-26 20:14:54.198  3331  3532 D JOBS    : finished job 
10-26 20:14:55.089  1379  3269 D DhcpClient: Received packet: 4c:57:ca:da:61:1b NAK, reason (none)
10-26 20:14:55.090  1379  3269 D DhcpClient: Received packet: 4c:57:ca:da:61:1b NAK, reason (none)
10-26 20:14:58.947  3642  3888 I QiyiKeyManager: (null:-1) KeyUpdateTimer~~ alive
10-26 20:15:02.005 28721 28810 E storage_operate: HCDN_LOG: Fatal [2017/10/26 20:15:02:005][tid:28810]:[func:UpdateWriteBlockCount],[line:898],[oper:update write count],[new write:0]
10-26 20:15:02.131  3331 29155 D JOBS    : Thread-449: load factor check. true = (3 < 4)|| (3 * 3 < 0 + 0). consumer thread: true
10-26 20:15:02.131  3331 29155 D JOBS    : didn't allow me to die, re-running Thread-449
10-26 20:15:02.131  3331 29155 D JOBS    : re-running consumer Thread-449
10-26 20:15:02.194  3331 29155 D JOBS    : running job 
10-26 20:15:02.194  3331  3525 D JOBS    : pool-2-thread-1: load factor check. false = (4 < 4)|| (4 * 3 < 0 + 1). consumer thread: false
10-26 20:15:02.195  3331  3525 D JOBS    : pool-2-thread-1: load factor check. false = (4 < 4)|| (4 * 3 < 0 + 1). consumer thread: false
10-26 20:15:02.196  3331 29155 V MessageDelivery: (null:-1) monitor status: PingbackTracker{mAccum=159, mAdded=159, mHandled=0, mSended=0, mScheduled=159, mPrepaired=0, mSaves=0, mSaveReal=0, runnable=org.qiyi.android.corejar.pingback.PingbackManager$PingbackTracker$1@3ec969b}
10-26 20:15:02.197  3331 29155 D JOBS    : added job id: -2147478059 class:  priority: 1 delay: 8000 group : GROUPID_PINGBACK_MANGER persistent: false 
10-26 20:15:02.198  3331 29155 D JOBS    : Thread-449: load factor check. false = (4 < 4)|| (4 * 3 < 0 + 1). consumer thread: false
10-26 20:15:02.199  3331 29155 D JOBS    : finished job 
10-26 20:15:03.948  3642  3888 I QiyiKeyManager: (null:-1) KeyUpdateTimer~~ alive
10-26 20:15:08.946  3642  3888 I QiyiKeyManager: (null:-1) KeyUpdateTimer~~ alive
10-26 20:15:10.198  3331  3525 D JOBS    : pool-2-thread-1: load factor check. false = (4 < 4)|| (4 * 3 < 0 + 0). consumer thread: false
10-26 20:15:10.199  3331 29155 D JOBS    : running job 
10-26 20:15:10.200  3331 29155 V MessageDelivery: (null:-1) monitor status: PingbackTracker{mAccum=159, mAdded=159, mHandled=0, mSended=0, mScheduled=159, mPrepaired=0, mSaves=0, mSaveReal=0, runnable=org.qiyi.android.corejar.pingback.PingbackManager$PingbackTracker$1@3ec969b}
10-26 20:15:10.201  3331 29155 D JOBS    : added job id: -2147478058 class:  priority: 1 delay: 8000 group : GROUPID_PINGBACK_MANGER persistent: false 
10-26 20:15:10.204  3331 29155 D JOBS    : Thread-449: load factor check. false = (4 < 4)|| (4 * 3 < 0 + 1). consumer thread: false
10-26 20:15:10.207  3331 29155 D JOBS    : finished job 
10-26 20:15:13.946  3642  3888 I QiyiKeyManager: (null:-1) KeyUpdateTimer~~ alive
10-26 20:15:17.714  3642  3865 D JOBS    : Thread-90: load factor check. true = (3 < 4)|| (3 * 3 < 0 + 0). consumer thread: true
10-26 20:15:17.714  3642  3865 D JOBS    : didn't allow me to die, re-running Thread-90
10-26 20:15:17.715  3642  3865 D JOBS    : re-running consumer Thread-90
10-26 20:15:18.202  3331  3525 D JOBS    : pool-2-thread-1: load factor check. false = (4 < 4)|| (4 * 3 < 1 + 0). consumer thread: false
10-26 20:15:18.203  3331 29155 D JOBS    : running job 
10-26 20:15:18.204  3331 29155 V MessageDelivery: (null:-1) monitor status: PingbackTracker{mAccum=159, mAdded=159, mHandled=0, mSended=0, mScheduled=159, mPrepaired=0, mSaves=0, mSaveReal=0, runnable=org.qiyi.android.corejar.pingback.PingbackManager$PingbackTracker$1@3ec969b}
10-26 20:15:18.206  3331 29155 D JOBS    : added job id: -2147478057 class:  priority: 1 delay: 8000 group : GROUPID_PINGBACK_MANGER persistent: false 
10-26 20:15:18.210  3331 29155 D JOBS    : Thread-449: load factor check. false = (4 < 4)|| (4 * 3 < 0 + 1). consumer thread: false
10-26 20:15:18.211  3331 29155 D JOBS    : finished job 
10-26 20:15:18.948  3642  3888 I QiyiKeyManager: (null:-1) KeyUpdateTimer~~ alive
10-26 20:15:23.946  3642  3888 I QiyiKeyManager: (null:-1) KeyUpdateTimer~~ alive
10-26 20:15:26.208  3331  3532 D JOBS    : running job 
10-26 20:15:26.208  3331  3525 D JOBS    : pool-2-thread-1: load factor check. false = (4 < 4)|| (4 * 3 < 0 + 1). consumer thread: false
10-26 20:15:26.209  3331  3532 V MessageDelivery: (null:-1) monitor status: PingbackTracker{mAccum=159, mAdded=159, mHandled=0, mSended=0, mScheduled=159, mPrepaired=0, mSaves=0, mSaveReal=0, runnable=org.qiyi.android.corejar.pingback.PingbackManager$PingbackTracker$1@3ec969b}
10-26 20:15:26.210  3331  3532 D JOBS    : added job id: -2147478056 class:  priority: 1 delay: 8000 group : GROUPID_PINGBACK_MANGER persistent: false 
10-26 20:15:26.213  3331  3532 D JOBS    : Thread-90: load factor check. false = (4 < 4)|| (4 * 3 < 0 + 1). consumer thread: false
10-26 20:15:26.216  3331  3532 D JOBS    : finished job 
10-26 20:15:28.876  3642  3943 D JOBS    : Thread-101: load factor check. true = (3 < 4)|| (3 * 3 < 0 + 0). consumer thread: true
10-26 20:15:28.877  3642  3943 D JOBS    : didn't allow me to die, re-running Thread-101
10-26 20:15:28.877  3642  3943 D JOBS    : re-running consumer Thread-101
10-26 20:15:28.946  3642  3888 I QiyiKeyManager: (null:-1) KeyUpdateTimer~~ alive
10-26 20:15:33.946  3642  3888 I QiyiKeyManager: (null:-1) KeyUpdateTimer~~ alive
10-26 20:15:34.211  3331  3525 D JOBS    : pool-2-thread-1: load factor check. false = (4 < 4)|| (4 * 3 < 0 + 0). consumer thread: false
10-26 20:15:34.211  3331 29158 D JOBS    : running job 
10-26 20:15:34.212  3331 29158 V MessageDelivery: (null:-1) monitor status: PingbackTracker{mAccum=159, mAdded=159, mHandled=0, mSended=0, mScheduled=159, mPrepaired=0, mSaves=0, mSaveReal=0, runnable=org.qiyi.android.corejar.pingback.PingbackManager$PingbackTracker$1@3ec969b}
10-26 20:15:34.213  3331 29158 D JOBS    : added job id: -2147478055 class:  priority: 1 delay: 8000 group : GROUPID_PINGBACK_MANGER persistent: false 
10-26 20:15:34.214  3331 29158 D JOBS    : Thread-452: load factor check. false = (4 < 4)|| (4 * 3 < 0 + 1). consumer thread: false
10-26 20:15:34.214  3331 29158 D JOBS    : finished job 
10-26 20:15:38.946  3642  3888 I QiyiKeyManager: (null:-1) KeyUpdateTimer~~ alive
10-26 20:15:42.214  3331  3525 D JOBS    : pool-2-thread-1: load factor check. false = (4 < 4)|| (4 * 3 < 1 + 0). consumer thread: false
10-26 20:15:42.214  3331  3532 D JOBS    : running job 
10-26 20:15:42.215  3331  3532 V MessageDelivery: (null:-1) monitor status: PingbackTracker{mAccum=159, mAdded=159, mHandled=0, mSended=0, mScheduled=159, mPrepaired=0, mSaves=0, mSaveReal=0, runnable=org.qiyi.android.corejar.pingback.PingbackManager$PingbackTracker$1@3ec969b}
10-26 20:15:42.216  3331  3532 D JOBS    : added job id: -2147478054 class:  priority: 1 delay: 8000 group : GROUPID_PINGBACK_MANGER persistent: false 
10-26 20:15:42.216  3331  3532 D JOBS    : Thread-90: load factor check. false = (4 < 4)|| (4 * 3 < 0 + 1). consumer thread: false
10-26 20:15:42.219  3331  3532 D JOBS    : finished job 
10-26 20:15:43.946  3642  3888 I QiyiKeyManager: (null:-1) KeyUpdateTimer~~ alive
10-26 20:15:48.868  1379  1430 E SyncManager: Bind attempt failed - target: ComponentInfo{com.wandoujia.phoenix2/com.pp.assistant.worker.AccountSyncService}
10-26 20:15:48.948  3642  3888 I QiyiKeyManager: (null:-1) KeyUpdateTimer~~ alive
10-26 20:15:50.164  3331 29156 D JOBS    : Thread-450: load factor check. true = (3 < 4)|| (3 * 3 < 0 + 0). consumer thread: true
10-26 20:15:50.164  3331 29156 D JOBS    : didn't allow me to die, re-running Thread-450
10-26 20:15:50.164  3331 29156 D JOBS    : re-running consumer Thread-450
10-26 20:15:50.217  3331  3525 D JOBS    : pool-2-thread-1: load factor check. false = (4 < 4)|| (4 * 3 < 1 + 0). consumer thread: false
10-26 20:15:50.218  3331 29155 D JOBS    : running job 
10-26 20:15:50.218  3331  3525 D JOBS    : pool-2-thread-1: load factor check. false = (4 < 4)|| (4 * 3 < 0 + 1). consumer thread: false
10-26 20:15:50.219  3331 29155 V MessageDelivery: (null:-1) monitor status: PingbackTracker{mAccum=159, mAdded=159, mHandled=0, mSended=0, mScheduled=159, mPrepaired=0, mSaves=0, mSaveReal=0, runnable=org.qiyi.android.corejar.pingback.PingbackManager$PingbackTracker$1@3ec969b}
10-26 20:15:50.220  3331 29155 D JOBS    : added job id: -2147478053 class:  priority: 1 delay: 8000 group : GROUPID_PINGBACK_MANGER persistent: false 
10-26 20:15:50.221  3331 29155 D JOBS    : Thread-449: load factor check. false = (4 < 4)|| (4 * 3 < 0 + 1). consumer thread: false
10-26 20:15:50.222  3331 29155 D JOBS    : finished job 
10-26 20:15:53.195  3642  3853 D JOBS    : Thread-83: load factor check. true = (3 < 4)|| (3 * 3 < 0 + 0). consumer thread: true
10-26 20:15:53.196  3642  3853 D JOBS    : didn't allow me to die, re-running Thread-83
10-26 20:15:53.196  3642  3853 D JOBS    : re-running consumer Thread-83
10-26 20:15:53.947  3642  3888 I QiyiKeyManager: (null:-1) KeyUpdateTimer~~ alive
10-26 20:15:58.221  3331  3525 D JOBS    : pool-2-thread-1: load factor check. false = (4 < 4)|| (4 * 3 < 0 + 0). consumer thread: false
10-26 20:15:58.222  3331  3532 D JOBS    : running job 
10-26 20:15:58.223  3331  3532 V MessageDelivery: (null:-1) monitor status: PingbackTracker{mAccum=159, mAdded=159, mHandled=0, mSended=0, mScheduled=159, mPrepaired=0, mSaves=0, mSaveReal=0, runnable=org.qiyi.android.corejar.pingback.PingbackManager$PingbackTracker$1@3ec969b}
10-26 20:15:58.224  3331  3532 D JOBS    : added job id: -2147478052 class:  priority: 1 delay: 8000 group : GROUPID_PINGBACK_MANGER persistent: false 
10-26 20:15:58.230  3331  3532 D JOBS    : Thread-90: load factor check. false = (4 < 4)|| (4 * 3 < 0 + 1). consumer thread: false
10-26 20:15:58.231  3331  3532 D JOBS    : finished job 
10-26 20:15:58.946  3642  3888 I QiyiKeyManager: (null:-1) KeyUpdateTimer~~ alive
10-26 20:16:03.947  3642  3888 I QiyiKeyManager: (null:-1) KeyUpdateTimer~~ alive
10-26 20:16:05.803  3642  3852 D JOBS    : Thread-82: load factor check. true = (3 < 4)|| (3 * 3 < 0 + 0). consumer thread: true
10-26 20:16:05.803  3642  3852 D JOBS    : didn't allow me to die, re-running Thread-82
10-26 20:16:05.803  3642  3852 D JOBS    : re-running consumer Thread-82
10-26 20:16:06.225  3331  3525 D JOBS    : pool-2-thread-1: load factor check. false = (4 < 4)|| (4 * 3 < 0 + 0). consumer thread: false
10-26 20:16:06.226  3331  3532 D JOBS    : running job 
10-26 20:16:06.228  3331  3532 V MessageDelivery: (null:-1) monitor status: PingbackTracker{mAccum=159, mAdded=159, mHandled=0, mSended=0, mScheduled=159, mPrepaired=0, mSaves=0, mSaveReal=0, runnable=org.qiyi.android.corejar.pingback.PingbackManager$PingbackTracker$1@3ec969b}
10-26 20:16:06.229  3331  3532 D JOBS    : added job id: -2147478051 class:  priority: 1 delay: 8000 group : GROUPID_PINGBACK_MANGER persistent: false 
10-26 20:16:06.232  3331  3532 D JOBS    : Thread-90: load factor check. false = (4 < 4)|| (4 * 3 < 0 + 1). consumer thread: false
10-26 20:16:06.232  3331  3532 D JOBS    : finished job 
10-26 20:16:08.946  3642  3888 I QiyiKeyManager: (null:-1) KeyUpdateTimer~~ alive
10-26 20:16:10.421  3628  3628 D CellBroadcastReceiver: Service state changed! 0 Full: 0 0 voice home data home  Mi Mobile 46011  Mi Mobile 46011  1xRTT LTE CSS not supported 1 13824 RoamInd=1 DefRoamInd=0 EmergOnly=false IsDataRoamingFromRegistration=false Current state=1
10-26 20:16:10.427  1928  1928 W ContextImpl: Calling a method in the system process without a qualified user: android.app.ContextImpl.startService:1236 android.content.ContextWrapper.startService:583 android.content.ContextWrapper.startService:583 com.android.settings.settingitemsprovider.SettingItemsReceiver.onReceive:16 android.app.ActivityThread.handleReceiver:2824 
10-26 20:16:10.781 28721 28746 D JOBS    : Thread-147: load factor check. true = (3 < 4)|| (3 * 3 < 0 + 0). consumer thread: true
10-26 20:16:10.781 28721 28746 D JOBS    : didn't allow me to die, re-running Thread-147
10-26 20:16:10.781 28721 28746 D JOBS    : re-running consumer Thread-147
10-26 20:16:10.852  2575 10045 D IccSmsInterfaceManager: [IccSmsInterfaceManager] Failed to remove GSM cell broadcast subscription for MID range 919 to 928 from client com.android.cellbroadcastreceiver
10-26 20:16:10.865  2575  2831 D IccSmsInterfaceManager: [IccSmsInterfaceManager] Failed to remove GSM cell broadcast subscription for MID range 4355 to 4355 from client com.android.cellbroadcastreceiver
10-26 20:16:10.936  1928  2134 D SettingItems: MSG_UPDATE_DELAY_TIME_OUT
10-26 20:16:10.953  1928  2134 D ConnectivityManager: getMobileDataEnabled()+ subId=3
10-26 20:16:10.956  1928  2134 D ConnectivityManager: getMobileDataEnabled()- subId=3 retVal=false
10-26 20:16:13.947  3642  3888 I QiyiKeyManager: (null:-1) KeyUpdateTimer~~ alive
10-26 20:16:14.230  3331 29156 D JOBS    : running job 
10-26 20:16:14.230  3331  3525 D JOBS    : pool-2-thread-1: load factor check. false = (4 < 4)|| (4 * 3 < 0 + 1). consumer thread: false
10-26 20:16:14.231  3331 29156 V MessageDelivery: (null:-1) monitor status: PingbackTracker{mAccum=159, mAdded=159, mHandled=0, mSended=0, mScheduled=159, mPrepaired=0, mSaves=0, mSaveReal=0, runnable=org.qiyi.android.corejar.pingback.PingbackManager$PingbackTracker$1@3ec969b}
10-26 20:16:14.232  3331 29156 D JOBS    : added job id: -2147478050 class:  priority: 1 delay: 8000 group : GROUPID_PINGBACK_MANGER persistent: false 
10-26 20:16:14.234  3331 29156 D JOBS    : Thread-450: load factor check. false = (4 < 4)|| (4 * 3 < 0 + 1). consumer thread: false
10-26 20:16:14.236  3331 29156 D JOBS    : finished job 
10-26 20:16:16.186  1379  3269 D DhcpClient: Received packet: f8:27:93:e6:56:f4 NAK, reason (none)
10-26 20:16:16.187  1379  3269 D DhcpClient: Received packet: f8:27:93:e6:56:f4 NAK, reason (none)
10-26 20:16:17.008  4339  4389 I tnet-jni: 98 - [spdyPingRecvCallback] - 
10-26 20:16:17.008  4339  4389 I tnet-jni: 98 - [SpdySessionCallBack.spdyPingRecvCallback] - org.android.spdy.SpdySession@c6a1003
10-26 20:16:18.946  3642  3888 I QiyiKeyManager: (null:-1) KeyUpdateTimer~~ alive
10-26 20:16:22.236  3331  3525 D JOBS    : pool-2-thread-1: load factor check. false = (4 < 4)|| (4 * 3 < 0 + 0). consumer thread: false
10-26 20:16:22.237  3331  3532 D JOBS    : running job 
10-26 20:16:22.238  3331  3532 V MessageDelivery: (null:-1) monitor status: PingbackTracker{mAccum=159, mAdded=159, mHandled=0, mSended=0, mScheduled=159, mPrepaired=0, mSaves=0, mSaveReal=0, runnable=org.qiyi.android.corejar.pingback.PingbackManager$PingbackTracker$1@3ec969b}
10-26 20:16:22.239  3331  3532 D JOBS    : added job id: -2147478049 class:  priority: 1 delay: 8000 group : GROUPID_PINGBACK_MANGER persistent: false 
10-26 20:16:22.240  3331  3532 D JOBS    : Thread-90: load factor check. false = (4 < 4)|| (4 * 3 < 0 + 1). consumer thread: false
10-26 20:16:22.240  3331  3532 D JOBS    : finished job 
10-26 20:16:23.946  3642  3888 I QiyiKeyManager: (null:-1) KeyUpdateTimer~~ alive
10-26 20:16:25.456 28721 28761 D JOBS    : Thread-162: load factor check. true = (3 < 4)|| (3 * 3 < 0 + 0). consumer thread: true
10-26 20:16:25.457 28721 28761 D JOBS    : didn't allow me to die, re-running Thread-162
10-26 20:16:25.457 28721 28761 D JOBS    : re-running consumer Thread-162
10-26 20:16:28.112  3628  3628 D CellBroadcastReceiver: Service state changed! 0 Full: 0 0 voice home data home  Mi Mobile 46011  Mi Mobile 46011  1xRTT LTE CSS not supported 1 13824 RoamInd=1 DefRoamInd=0 EmergOnly=false IsDataRoamingFromRegistration=false Current state=1
10-26 20:16:28.118  1928  1928 W ContextImpl: Calling a method in the system process without a qualified user: android.app.ContextImpl.startService:1236 android.content.ContextWrapper.startService:583 android.content.ContextWrapper.startService:583 com.android.settings.settingitemsprovider.SettingItemsReceiver.onReceive:16 android.app.ActivityThread.handleReceiver:2824 
10-26 20:16:28.612  2575  3320 D IccSmsInterfaceManager: [IccSmsInterfaceManager] Failed to remove GSM cell broadcast subscription for MID range 919 to 928 from client com.android.cellbroadcastreceiver
10-26 20:16:28.624  2575  2831 D IccSmsInterfaceManager: [IccSmsInterfaceManager] Failed to remove GSM cell broadcast subscription for MID range 4355 to 4355 from client com.android.cellbroadcastreceiver
10-26 20:16:28.627  1928  2134 D SettingItems: MSG_UPDATE_DELAY_TIME_OUT
10-26 20:16:28.635  1928  2134 D ConnectivityManager: getMobileDataEnabled()+ subId=3
10-26 20:16:28.636  1928  2134 D ConnectivityManager: getMobileDataEnabled()- subId=3 retVal=false
10-26 20:16:28.946  3642  3888 I QiyiKeyManager: (null:-1) KeyUpdateTimer~~ alive
10-26 20:16:30.241  3331  3525 D JOBS    : pool-2-thread-1: load factor check. false = (4 < 4)|| (4 * 3 < 0 + 0). consumer thread: false
10-26 20:16:30.241  3331 29156 D JOBS    : running job 
10-26 20:16:30.242  3331 29156 V MessageDelivery: (null:-1) monitor status: PingbackTracker{mAccum=159, mAdded=159, mHandled=0, mSended=0, mScheduled=159, mPrepaired=0, mSaves=0, mSaveReal=0, runnable=org.qiyi.android.corejar.pingback.PingbackManager$PingbackTracker$1@3ec969b}
10-26 20:16:30.244  3331 29156 D JOBS    : added job id: -2147478048 class:  priority: 1 delay: 8000 group : GROUPID_PINGBACK_MANGER persistent: false 
10-26 20:16:30.245  3331 29156 D JOBS    : Thread-450: load factor check. false = (4 < 4)|| (4 * 3 < 0 + 1). consumer thread: false
10-26 20:16:30.246  3331 29156 D JOBS    : finished job 
10-26 20:16:30.868 28721 28776 D JOBS    : Thread-169: load factor check. true = (3 < 4)|| (3 * 3 < 0 + 0). consumer thread: true
10-26 20:16:30.868 28721 28776 D JOBS    : didn't allow me to die, re-running Thread-169
10-26 20:16:30.868 28721 28776 D JOBS    : re-running consumer Thread-169
10-26 20:16:30.895 28721 28747 D JOBS    : Thread-148: load factor check. true = (3 < 4)|| (3 * 3 < 0 + 0). consumer thread: true
10-26 20:16:30.895 28721 28747 D JOBS    : didn't allow me to die, re-running Thread-148
