10-26 20:07:50.126  3331  3525 D JOBS    : pool-2-thread-1: load factor check. false = (4 < 4)|| (4 * 3 < 0 + 1). consumer thread: false
10-26 20:07:50.126  3331 29155 D JOBS    : running job 
10-26 20:07:50.127  3331 29155 V MessageDelivery: (null:-1) monitor status: PingbackTracker{mAccum=159, mAdded=159, mHandled=0, mSended=0, mScheduled=159, mPrepaired=0, mSaves=0, mSaveReal=0, runnable=org.qiyi.android.corejar.pingback.PingbackManager$PingbackTracker$1@3ec969b}
10-26 20:07:50.128  3331 29155 D JOBS    : added job id: -2147478114 class:  priority: 1 delay: 8000 group : GROUPID_PINGBACK_MANGER persistent: false 
10-26 20:07:50.129  3331 29155 D JOBS    : Thread-449: load factor check. false = (4 < 4)|| (4 * 3 < 0 + 1). consumer thread: false
10-26 20:07:50.129  3331 29155 D JOBS    : finished job 
10-26 20:07:52.644  4826  4826 I chatty  : uid=10125(com.youku.phone) AsyncTask #1 expire 20 lines
10-26 20:07:52.965  1379  3269 D DhcpClient: Received packet: cc:08:8d:d3:77:89 NAK, reason (none)
10-26 20:07:52.966  1379  3269 D DhcpClient: Received packet: cc:08:8d:d3:77:89 NAK, reason (none)
10-26 20:07:53.366  3642  3853 D JOBS    : Thread-83: load factor check. true = (3 < 4)|| (3 * 3 < 0 + 0). consumer thread: true
10-26 20:07:53.366  3642  3853 D JOBS    : didn't allow me to die, re-running Thread-83
10-26 20:07:53.366  3642  3853 D JOBS    : re-running consumer Thread-83
10-26 20:07:53.946  3642  3888 I QiyiKeyManager: (null:-1) KeyUpdateTimer~~ alive
10-26 20:07:55.644  4840  4840 I chatty  : uid=10125(com.youku.phone) AsyncTask #2 expire 20 lines
10-26 20:07:58.077  3331 29156 D JOBS    : Thread-450: load factor check. true = (3 < 4)|| (3 * 3 < 0 + 0). consumer thread: true
10-26 20:07:58.078  3331 29156 D JOBS    : didn't allow me to die, re-running Thread-450
10-26 20:07:58.078  3331 29156 D JOBS    : re-running consumer Thread-450
10-26 20:07:58.129  3331  3525 D JOBS    : pool-2-thread-1: load factor check. false = (4 < 4)|| (4 * 3 < 1 + 0). consumer thread: false
10-26 20:07:58.129  3331  3525 D JOBS    : pool-2-thread-1: load factor check. false = (4 < 4)|| (4 * 3 < 0 + 1). consumer thread: false
10-26 20:07:58.129  3331 29156 D JOBS    : running job 
10-26 20:07:58.130  3331 29156 V MessageDelivery: (null:-1) monitor status: PingbackTracker{mAccum=159, mAdded=159, mHandled=0, mSended=0, mScheduled=159, mPrepaired=0, mSaves=0, mSaveReal=0, runnable=org.qiyi.android.corejar.pingback.PingbackManager$PingbackTracker$1@3ec969b}
10-26 20:07:58.134  3331 29156 D JOBS    : added job id: -2147478113 class:  priority: 1 delay: 8000 group : GROUPID_PINGBACK_MANGER persistent: false 
10-26 20:07:58.137  3331 29156 D JOBS    : Thread-450: load factor check. false = (4 < 4)|| (4 * 3 < 0 + 1). consumer thread: false
10-26 20:07:58.138  3331 29156 D JOBS    : finished job 
10-26 20:07:58.644  4868  4868 I chatty  : uid=10125(com.youku.phone) AsyncTask #5 expire 20 lines
10-26 20:07:58.946  3642  3888 I QiyiKeyManager: (null:-1) KeyUpdateTimer~~ alive
10-26 20:08:00.405  4991  4991 E cutils-trace: Error opening trace file: No such file or directory (2)
10-26 20:08:00.418  4991  4991 I art     : map image_filename=/data/dalvik-cache/arm64/system@framework@boot.art (0x6ff8f000,14368768) success
10-26 20:08:00.418  4991  4991 I art     : image_map image_filename=/data/dalvik-cache/arm64/system@framework@boot.art (0x6ff8f000,14368768) success
10-26 20:08:00.419  4991  4991 E art     : Failed to dlopen: Failed to find oatdata symbol at expected address: oatdata=0x7fa5709000 != expected=0x70d44000, /data/dalvik-cache/arm64/system@framework@boot.oat. See process maps in the log.
10-26 20:08:00.435  4991  4991 D ICU     : No timezone override file found: /data/misc/zoneinfo/current/icu/icu_tzdata.dat
10-26 20:08:00.439  4991  4991 E art     : Failed to dlopen: Failed to find absolute path for '/data/dalvik-cache/arm64/system@framework@am.jar@classes.dex'
10-26 20:08:00.445  4991  4991 V AndroidRuntime: --- registering native functions ---
10-26 20:08:00.455  4991  4991 I Radio-JNI: register_android_hardware_Radio DONE
10-26 20:08:00.475  1379  2499 I ActivityManager: Force stopping com.eclipsesource.callv8 appid=10141 user=0: from pid 4991
10-26 20:08:00.477  1379  1379 D JobSchedulerService: Receieved: android.intent.action.PACKAGE_RESTARTED
10-26 20:08:00.477  2490  2490 D RegisteredServicesCache: Intent action: android.intent.action.PACKAGE_RESTARTED
10-26 20:08:00.479  2490  2490 D CardEmulationManager: Current default: null
10-26 20:08:00.479  2490  2490 D CardEmulationManager: No default set, last payment service removed.
10-26 20:08:00.479  2490  2490 D RegisteredAidCache: onServicesUpdated
10-26 20:08:00.479  2490  2490 D RegisteredAidCache: Not updating routing table because NFC is off.
10-26 20:08:00.479  2490  2490 D RegisteredNfcid2Cache: onServicesUpdated
10-26 20:08:00.479  2490  2490 D RegisteredNfcid2Cache: generateAidCacheLocked: mNfcid2Cache size 0
10-26 20:08:00.479  2490  2490 D RegisteredNfcid2Cache: Not updating routing table because NFC is off.
10-26 20:08:01.644  4865  4865 I chatty  : uid=10125(com.youku.phone) AsyncTask #4 expire 20 lines
10-26 20:08:03.946  3642  3888 I QiyiKeyManager: (null:-1) KeyUpdateTimer~~ alive
10-26 20:08:04.644  4847  4847 I chatty  : uid=10125(com.youku.phone) AsyncTask #3 expire 16 lines
10-26 20:08:04.644  4847  4847 W com.youku.phone:phone_monitor: type=1400 audit(0.0:2539459): avc: denied { getattr } for comm=4173796E635461736B202333 path="/proc/25" dev="proc" ino=19790 scontext=u:r:untrusted_app:s0:c512,c768 tcontext=u:r:kernel:s0 tclass=dir permissive=0
10-26 20:08:04.644  4847  4847 W com.youku.phone:phone_monitor: type=1400 audit(0.0:2539460): avc: denied { getattr } for comm=4173796E635461736B202333 path="/proc/26" dev="proc" ino=19791 scontext=u:r:untrusted_app:s0:c512,c768 tcontext=u:r:kernel:s0 tclass=dir permissive=0
10-26 20:08:04.644  4847  4847 W com.youku.phone:phone_monitor: type=1400 audit(0.0:2539461): avc: denied { getattr } for comm=4173796E635461736B202333 path="/proc/27" dev="proc" ino=19792 scontext=u:r:untrusted_app:s0:c512,c768 tcontext=u:r:kernel:s0 tclass=dir permissive=0
10-26 20:08:04.644  4847  4847 W com.youku.phone:phone_monitor: type=1400 audit(0.0:2539462): avc: denied { getattr } for comm=4173796E635461736B202333 path="/proc/28" dev="proc" ino=19793 scontext=u:r:untrusted_app:s0:c512,c768 tcontext=u:r:kernel:s0 tclass=dir permissive=0
10-26 20:08:05.974  3642  3852 D JOBS    : Thread-82: load factor check. true = (3 < 4)|| (3 * 3 < 0 + 0). consumer thread: true
10-26 20:08:05.974  3642  3852 D JOBS    : didn't allow me to die, re-running Thread-82
10-26 20:08:05.974  3642  3852 D JOBS    : re-running consumer Thread-82
10-26 20:08:06.133  3331  3525 D JOBS    : pool-2-thread-1: load factor check. false = (4 < 4)|| (4 * 3 < 0 + 0). consumer thread: false
10-26 20:08:06.133  3331 29156 D JOBS    : running job 
10-26 20:08:06.134  3331 29156 V MessageDelivery: (null:-1) monitor status: PingbackTracker{mAccum=159, mAdded=159, mHandled=0, mSended=0, mScheduled=159, mPrepaired=0, mSaves=0, mSaveReal=0, runnable=org.qiyi.android.corejar.pingback.PingbackManager$PingbackTracker$1@3ec969b}
10-26 20:08:06.135  3331 29156 D JOBS    : added job id: -2147478112 class:  priority: 1 delay: 8000 group : GROUPID_PINGBACK_MANGER persistent: false 
10-26 20:08:06.136  3331 29156 D JOBS    : Thread-450: load factor check. false = (4 < 4)|| (4 * 3 < 0 + 1). consumer thread: false
10-26 20:08:06.136  3331 29156 D JOBS    : finished job 
10-26 20:08:07.644  4826  4826 W com.youku.phone:phone_monitor: type=1400 audit(0.0:2539937): avc: denied { getattr } for comm=4173796E635461736B202331 path="/proc/1" dev="proc" ino=6796 scontext=u:r:untrusted_app:s0:c512,c768 tcontext=u:r:init:s0 tclass=dir permissive=0
10-26 20:08:07.644  4826  4826 W com.youku.phone:phone_monitor: type=1400 audit(0.0:2539938): avc: denied { getattr } for comm=4173796E635461736B202331 path="/proc/2" dev="proc" ino=19767 scontext=u:r:untrusted_app:s0:c512,c768 tcontext=u:r:kernel:s0 tclass=dir permissive=0
10-26 20:08:07.644  4826  4826 W com.youku.phone:phone_monitor: type=1400 audit(0.0:2539939): avc: denied { getattr } for comm=4173796E635461736B202331 path="/proc/3" dev="proc" ino=19768 scontext=u:r:untrusted_app:s0:c512,c768 tcontext=u:r:kernel:s0 tclass=dir permissive=0
10-26 20:08:07.644  4826  4826 W com.youku.phone:phone_monitor: type=1400 audit(0.0:2539940): avc: denied { getattr } for comm=4173796E635461736B202331 path="/proc/7" dev="proc" ino=19772 scontext=u:r:untrusted_app:s0:c512,c768 tcontext=u:r:kernel:s0 tclass=dir permissive=0
10-26 20:08:07.644  4826  4826 W com.youku.phone:phone_monitor: type=1400 audit(0.0:2539941): avc: denied { getattr } for comm=4173796E635461736B202331 path="/proc/8" dev="proc" ino=19773 scontext=u:r:untrusted_app:s0:c512,c768 tcontext=u:r:kernel:s0 tclass=dir permissive=0
10-26 20:08:07.644  4826  4826 W com.youku.phone:phone_monitor: type=1400 audit(0.0:2539942): avc: denied { getattr } for comm=4173796E635461736B202331 path="/proc/9" dev="proc" ino=19774 scontext=u:r:untrusted_app:s0:c512,c768 tcontext=u:r:kernel:s0 tclass=dir permissive=0
10-26 20:08:07.644  4826  4826 W com.youku.phone:phone_monitor: type=1400 audit(0.0:2539943): avc: denied { getattr } for comm=4173796E635461736B202331 path="/proc/10" dev="proc" ino=19775 scontext=u:r:untrusted_app:s0:c512,c768 tcontext=u:r:kernel:s0 tclass=dir permissive=0
10-26 20:08:07.644  4826  4826 W com.youku.phone:phone_monitor: type=1400 audit(0.0:2539944): avc: denied { getattr } for comm=4173796E635461736B202331 path="/proc/11" dev="proc" ino=19776 scontext=u:r:untrusted_app:s0:c512,c768 tcontext=u:r:kernel:s0 tclass=dir permissive=0
10-26 20:08:07.644  4826  4826 W com.youku.phone:phone_monitor: type=1400 audit(0.0:2539945): avc: denied { getattr } for comm=4173796E635461736B202331 path="/proc/12" dev="proc" ino=19777 scontext=u:r:untrusted_app:s0:c512,c768 tcontext=u:r:kernel:s0 tclass=dir permissive=0
10-26 20:08:07.644  4826  4826 W com.youku.phone:phone_monitor: type=1400 audit(0.0:2539946): avc: denied { getattr } for comm=4173796E635461736B202331 path="/proc/14" dev="proc" ino=19779 scontext=u:r:untrusted_app:s0:c512,c768 tcontext=u:r:kernel:s0 tclass=dir permissive=0
10-26 20:08:07.644  4826  4826 W com.youku.phone:phone_monitor: type=1400 audit(0.0:2539947): avc: denied { getattr } for comm=4173796E635461736B202331 path="/proc/15" dev="proc" ino=19780 scontext=u:r:untrusted_app:s0:c512,c768 tcontext=u:r:kernel:s0 tclass=dir permissive=0
10-26 20:08:07.644  4826  4826 W com.youku.phone:phone_monitor: type=1400 audit(0.0:2539948): avc: denied { getattr } for comm=4173796E635461736B202331 path="/proc/16" dev="proc" ino=19781 scontext=u:r:untrusted_app:s0:c512,c768 tcontext=u:r:kernel:s0 tclass=dir permissive=0
10-26 20:08:07.644  4826  4826 W com.youku.phone:phone_monitor: type=1400 audit(0.0:2539949): avc: denied { getattr } for comm=4173796E635461736B202331 path="/proc/19" dev="proc" ino=19784 scontext=u:r:untrusted_app:s0:c512,c768 tcontext=u:r:kernel:s0 tclass=dir permissive=0
10-26 20:08:07.644  4826  4826 W com.youku.phone:phone_monitor: type=1400 audit(0.0:2539950): avc: denied { getattr } for comm=4173796E635461736B202331 path="/proc/20" dev="proc" ino=19785 scontext=u:r:untrusted_app:s0:c512,c768 tcontext=u:r:kernel:s0 tclass=dir permissive=0
10-26 20:08:07.644  4826  4826 W com.youku.phone:phone_monitor: type=1400 audit(0.0:2539951): avc: denied { getattr } for comm=4173796E635461736B202331 path="/proc/23" dev="proc" ino=19788 scontext=u:r:untrusted_app:s0:c512,c768 tcontext=u:r:kernel:s0 tclass=dir permissive=0
10-26 20:08:07.644  4826  4826 W com.youku.phone:phone_monitor: type=1400 audit(0.0:2539952): avc: denied { getattr } for comm=4173796E635461736B202331 path="/proc/24" dev="proc" ino=19789 scontext=u:r:untrusted_app:s0:c512,c768 tcontext=u:r:kernel:s0 tclass=dir permissive=0
10-26 20:08:07.644  4826  4826 W com.youku.phone:phone_monitor: type=1400 audit(0.0:2539953): avc: denied { getattr } for comm=4173796E635461736B202331 path="/proc/25" dev="proc" ino=19790 scontext=u:r:untrusted_app:s0:c512,c768 tcontext=u:r:kernel:s0 tclass=dir permissive=0
10-26 20:08:07.644  4826  4826 W com.youku.phone:phone_monitor: type=1400 audit(0.0:2539954): avc: denied { getattr } for comm=4173796E635461736B202331 path="/proc/26" dev="proc" ino=19791 scontext=u:r:untrusted_app:s0:c512,c768 tcontext=u:r:kernel:s0 tclass=dir permissive=0
10-26 20:08:07.644  4826  4826 W com.youku.phone:phone_monitor: type=1400 audit(0.0:2539955): avc: denied { getattr } for comm=4173796E635461736B202331 path="/proc/27" dev="proc" ino=19792 scontext=u:r:untrusted_app:s0:c512,c768 tcontext=u:r:kernel:s0 tclass=dir permissive=0
10-26 20:08:07.644  4826  4826 W com.youku.phone:phone_monitor: type=1400 audit(0.0:2539956): avc: denied { getattr } for comm=4173796E635461736B202331 path="/proc/28" dev="proc" ino=19793 scontext=u:r:untrusted_app:s0:c512,c768 tcontext=u:r:kernel:s0 tclass=dir permissive=0
10-26 20:08:08.946  3642  3888 I QiyiKeyManager: (null:-1) KeyUpdateTimer~~ alive
10-26 20:08:09.739  5006  5006 E cutils-trace: Error opening trace file: No such file or directory (2)
10-26 20:08:09.754  5006  5006 I art     : map image_filename=/data/dalvik-cache/arm64/system@framework@boot.art (0x6ff8f000,14368768) success
10-26 20:08:09.754  5006  5006 I art     : image_map image_filename=/data/dalvik-cache/arm64/system@framework@boot.art (0x6ff8f000,14368768) success
10-26 20:08:09.755  5006  5006 E art     : Failed to dlopen: Failed to find oatdata symbol at expected address: oatdata=0x7f71e89000 != expected=0x70d44000, /data/dalvik-cache/arm64/system@framework@boot.oat. See process maps in the log.
10-26 20:08:09.775  5006  5006 D ICU     : No timezone override file found: /data/misc/zoneinfo/current/icu/icu_tzdata.dat
10-26 20:08:09.780  5006  5006 E art     : Failed to dlopen: Failed to find absolute path for '/data/dalvik-cache/arm64/system@framework@wm.jar@classes.dex'
10-26 20:08:09.783  5006  5006 V AndroidRuntime: --- registering native functions ---
10-26 20:08:09.794  5006  5006 I Radio-JNI: register_android_hardware_Radio DONE
10-26 20:08:09.799  5011  5011 E cutils-trace: Error opening trace file: No such file or directory (2)
10-26 20:08:09.811  5011  5011 I art     : map image_filename=/data/dalvik-cache/arm64/system@framework@boot.art (0x6ff8f000,14368768) success
10-26 20:08:09.811  5011  5011 I art     : image_map image_filename=/data/dalvik-cache/arm64/system@framework@boot.art (0x6ff8f000,14368768) success
10-26 20:08:09.812  5011  5011 E art     : Failed to dlopen: Failed to find oatdata symbol at expected address: oatdata=0x7f844c9000 != expected=0x70d44000, /data/dalvik-cache/arm64/system@framework@boot.oat. See process maps in the log.
10-26 20:08:09.829  5011  5011 D ICU     : No timezone override file found: /data/misc/zoneinfo/current/icu/icu_tzdata.dat
10-26 20:08:09.833  5011  5011 E art     : Failed to dlopen: Failed to find absolute path for '/data/dalvik-cache/arm64/system@framework@am.jar@classes.dex'
10-26 20:08:09.837  5011  5011 V AndroidRuntime: --- registering native functions ---
10-26 20:08:09.847  5011  5011 I Radio-JNI: register_android_hardware_Radio DONE
10-26 20:08:09.866  1379  3322 I ActivityManager: Force stopping com.eclipsesource.callv8 appid=10141 user=0: from pid 5011
10-26 20:08:09.867  1379  1379 D JobSchedulerService: Receieved: android.intent.action.PACKAGE_RESTARTED
10-26 20:08:09.868  2490  2490 D RegisteredServicesCache: Intent action: android.intent.action.PACKAGE_RESTARTED
10-26 20:08:09.869  2490  2490 D CardEmulationManager: Current default: null
10-26 20:08:09.869  2490  2490 D CardEmulationManager: No default set, last payment service removed.
10-26 20:08:09.869  2490  2490 D RegisteredAidCache: onServicesUpdated
10-26 20:08:09.869  2490  2490 D RegisteredAidCache: Not updating routing table because NFC is off.
10-26 20:08:09.869  2490  2490 D RegisteredNfcid2Cache: onServicesUpdated
10-26 20:08:09.869  2490  2490 D RegisteredNfcid2Cache: generateAidCacheLocked: mNfcid2Cache size 0
10-26 20:08:09.869  2490  2490 D RegisteredNfcid2Cache: Not updating routing table because NFC is off.
10-26 20:08:10.403  5035  5035 E cutils-trace: Error opening trace file: No such file or directory (2)
10-26 20:08:10.417  5035  5035 I art     : map image_filename=/data/dalvik-cache/arm64/system@framework@boot.art (0x6ff8f000,14368768) success
10-26 20:08:10.417  5035  5035 I art     : image_map image_filename=/data/dalvik-cache/arm64/system@framework@boot.art (0x6ff8f000,14368768) success
10-26 20:08:10.418  5035  5035 E art     : Failed to dlopen: Failed to find oatdata symbol at expected address: oatdata=0x7f71b49000 != expected=0x70d44000, /data/dalvik-cache/arm64/system@framework@boot.oat. See process maps in the log.
10-26 20:08:10.433  5035  5035 D ICU     : No timezone override file found: /data/misc/zoneinfo/current/icu/icu_tzdata.dat
10-26 20:08:10.438  5035  5035 E art     : Failed to dlopen: Failed to find absolute path for '/data/dalvik-cache/arm64/system@framework@am.jar@classes.dex'
10-26 20:08:10.442  5035  5035 V AndroidRuntime: --- registering native functions ---
10-26 20:08:10.452  5035  5035 I Radio-JNI: register_android_hardware_Radio DONE
10-26 20:08:10.473  1379  2573 I ActivityManager: START u0 {act=android.intent.action.MAIN cat=[android.intent.category.LAUNCHER] flg=0x10000000 cmp=com.eclipsesource.callv8/.MainActivity} from uid 2000 on display 0
10-26 20:08:10.473  1379  2573 I ANDR-IOP: IOP pkg_name = com.eclipsesource.callv8 PID = -1
10-26 20:08:10.473  1379  2573 I ANDR-IOP: IOP CMD_ENCODE send -4 1
10-26 20:08:10.474  3158  3164 E ANDR-IOP_CAP:  stop_capture ENTER 
10-26 20:08:10.474  3158  3164 E ANDR-IOP_CAP:  stop_capture EXIT 
10-26 20:08:10.474  3158  3164 I ANDR-IOP_PB: Stop Playback 
10-26 20:08:10.474  3158  3164 E ANDR-IOP_PB:  start_playback-1 
10-26 20:08:10.474  3158  3164 I ANDR-IOP_PB:   0
10-26 20:08:10.474  3158  3164 I ANDR-IOP_PB: Exit start_capture
10-26 20:08:10.474  3158  5044 I ANDR-IOP_PB: pkg_name = com.eclipsesource.callv8
10-26 20:08:10.474  3182  3189 E ANDR-PERF-OPTSHANDLER: freq is change to 2342400
10-26 20:08:10.474  3158  5044 I ANDR-IOP_DB: 
10-26 20:08:10.474  3158  5044 I ANDR-IOP_DB:  query = SELECT * FROM io_pkg_file_tbl   WHERE pkg_name = 'com.eclipsesource.callv8'   ORDER BY file_time_stamp ASC
10-26 20:08:10.475  3158  5044 I ANDR-IOP_DB: get_file_list_cb filename = /system/app/SmartisanOSThemeDefault/SmartisanOSThemeDefault.apk 
10-26 20:08:10.475  3158  5044 I ANDR-IOP_DB: file_info->file_list[file_info->counter].file_name filename = /system/app/SmartisanOSThemeDefault/SmartisanOSThemeDefault.apk 
10-26 20:08:10.475  3158  5044 I ANDR-IOP_DB: get_file_list_cb filename = /system/app/SmartisanOSThemeThirdApp/SmartisanOSThemeThirdApp.apk 
10-26 20:08:10.475  3158  5044 I ANDR-IOP_DB: file_info->file_list[file_info->counter].file_name filename = /system/app/SmartisanOSThemeThirdApp/SmartisanOSThemeThirdApp.apk 
10-26 20:08:10.475  3158  5044 I ANDR-IOP_DB: get_file_list_cb filename = /system/framework/framework-res.apk 
10-26 20:08:10.475  3158  5044 I ANDR-IOP_DB: file_info->file_list[file_info->counter].file_name filename = /system/framework/framework-res.apk 
10-26 20:08:10.475  3158  5044 I ANDR-IOP_DB: get_file_list_cb filename = /system/framework/framework-smartisanos-res/framework-smartisanos-res.apk 
10-26 20:08:10.475  3158  5044 I ANDR-IOP_DB: file_info->file_list[file_info->counter].file_name filename = /system/framework/framework-smartisanos-res/framework-smartisanos-res.apk 
10-26 20:08:10.475  3158  5044 I ANDR-IOP_DB: get_file_list_cb filename = /data/app/com.eclipsesource.callv8-1/base.apk 
10-26 20:08:10.475  3158  5044 I ANDR-IOP_DB: file_info->file_list[file_info->counter].file_name filename = /data/app/com.eclipsesource.callv8-1/base.apk 
10-26 20:08:10.475  3158  5044 I ANDR-IOP_DB: get_file_list_cb filename = /data/app/com.eclipsesource.callv8-1/lib/arm/libj2v8.so 
10-26 20:08:10.475  3158  5044 I ANDR-IOP_DB: file_info->file_list[file_info->counter].file_name filename = /data/app/com.eclipsesource.callv8-1/lib/arm/libj2v8.so 
10-26 20:08:10.475  3158  5044 I ANDR-IOP_PB: num_of_files = 6
10-26 20:08:10.475  3158  5044 I ANDR-IOP_PB: 0. mapping file /system/app/SmartisanOSThemeDefault/SmartisanOSThemeDefault.apk pages = 2 size = 5646 
10-26 20:08:10.475  3158  5044 I ANDR-IOP_PB: 1. mapping file /system/app/SmartisanOSThemeThirdApp/SmartisanOSThemeThirdApp.apk pages = 18 size = 70146 
10-26 20:08:10.475  3158  5044 I ANDR-IOP_PB: 2. mapping file /system/framework/framework-res.apk pages = 4194 size = 17178140 
10-26 20:08:10.481  3158  5044 I ANDR-IOP_PB: 3. mapping file /system/framework/framework-smartisanos-res/framework-smartisanos-res.apk pages = 1473 size = 6030046 
10-26 20:08:10.483  1379  1436 I IgnoreTouchEvent: ignoreTouchEvent onWindowAttached
10-26 20:08:10.483  3158  5044 I ANDR-IOP_PB: 4. mapping file /data/app/com.eclipsesource.callv8-1/base.apk pages = 884 size = 3620700 
10-26 20:08:10.485  3158  5044 I ANDR-IOP_PB: 5. mapping file /data/app/com.eclipsesource.callv8-1/lib/arm/libj2v8.so pages = 1376 size = 5632068 
10-26 20:08:10.487  3158  5044 I ANDR-IOP_PB:  Total Data = 32550912
10-26 20:08:10.507  5045  5045 I art     : Late-enabling -Xcheck:jni
10-26 20:08:10.507  5045  5045 I art     : setting RLIM to infinity for process 5045
10-26 20:08:10.509  1379  2593 I ANDR-IOP: IOP pkg_name = com.eclipsesource.callv8 PID = 5045
10-26 20:08:10.509  1379  2593 I ANDR-IOP: IOP CMD_ENCODE send -4 1
10-26 20:08:10.509  3158  3164 E ANDR-IOP_CAP:  stop_capture ENTER 
10-26 20:08:10.509  1379  2593 I ActivityManager: Start proc 5045:com.eclipsesource.callv8/u0a141 for activity com.eclipsesource.callv8/.MainActivity
10-26 20:08:10.509  3158  3164 E ANDR-IOP_CAP:  stop_capture EXIT 
10-26 20:08:10.509  3158  3164 E ANDR-IOP_CAP:  start_capture ENTER 
10-26 20:08:10.509  3158  3164 I ANDR-IOP_CAP: 5045 com.eclipsesource.callv8 24
10-26 20:08:10.509  3158  3164 I ANDR-IOP_CAP: 5045 com.eclipsesource.callv8 24
10-26 20:08:10.509  3158  3164 I ANDR-IOP_CAP: property = 50
10-26 20:08:10.509  3158  3164 I ANDR-IOP_CAP: start_capture EXIT
10-26 20:08:10.509  3158  5052 I ANDR-IOP_CAP: pkg_name  = com.eclipsesource.callv8
10-26 20:08:10.509  3158  5052 I ANDR-IOP_CAP: Getting snapshot 5045
10-26 20:08:10.509  3158  5052 I ANDR-IOP_CAP: Dirname = /proc/5045/fd MAX_PATH = 4096
10-26 20:08:10.509  3158  5052 I ANDR-IOP_CAP: get_snapshot Enter dp = 0x7f8a9ea000
10-26 20:08:10.509  3158  5052 I ANDR-IOP_CAP: dp = -1969315840
10-26 20:08:10.510  3158  5052 I ANDR-IOP_CAP: file is in filter list /dev/null
10-26 20:08:10.510  3158  5052 I ANDR-IOP_CAP: file is in filter list /dev/null
10-26 20:08:10.510  3158  5052 I ANDR-IOP_CAP: file is in filter list /dev/null
10-26 20:08:10.510  3158  5052 I ANDR-IOP_CAP: file is in filter list /system/framework/core-libart.jar
10-26 20:08:10.510  3158  5052 I ANDR-IOP_CAP: file is in filter list /dev/urandom
10-26 20:08:10.510  3158  5052 I ANDR-IOP_CAP: file is in filter list /dev/__properties__
10-26 20:08:10.510  3158  5052 I ANDR-IOP_CAP: file is in filter list /dev/null
10-26 20:08:10.510  3158  5052 I ANDR-IOP_CAP: file is in filter list /dev/null
10-26 20:08:10.510  3158  5052 I ANDR-IOP_CAP: file is in filter list /dev/cpuctl/tasks
10-26 20:08:10.510  3158  5052 I ANDR-IOP_CAP: file is in filter list /dev/cpuctl/bg_non_interactive/tasks
10-26 20:08:10.510  3158  5052 I ANDR-IOP_CAP: file is in filter list /dev/cpuctl/bg_3rd_app/tasks
10-26 20:08:10.510  3158  5052 I ANDR-IOP_CAP: get_snapshot Exit dp = 0x7f8a9ea000
10-26 20:08:10.524  5045  5051 I art     : Debugger is no longer active
10-26 20:08:10.541  2587  2587 E PILLS   : ActivityResumedReceiver : Constants.WINDOW_READY false ! abandon action android.intent.action.ACTIVITY_RESUMED
10-26 20:08:10.543  5045  5045 D ActivityThread: new loadedapk for com.eclipsesource.callv8 packageInfo is none
10-26 20:08:10.550  5045  5045 E art     : Failed to dlopen: Failed to find absolute path for '/data/dalvik-cache/arm/data@app@com.eclipsesource.callv8-1@base.apk@classes.dex'
10-26 20:08:10.553  5045  5045 I System  : Daemon delayGCRequest, sDelayGCRequest=false, delay=true, sPendingGCRequest=false
10-26 20:08:10.560  3158  5052 I ANDR-IOP_CAP: Getting snapshot 5045
10-26 20:08:10.560  3158  5052 I ANDR-IOP_CAP: Dirname = /proc/5045/fd MAX_PATH = 4096
10-26 20:08:10.560  3158  5052 I ANDR-IOP_CAP: get_snapshot Enter dp = 0x7f8a9ea000
10-26 20:08:10.560  3158  5052 I ANDR-IOP_CAP: dp = -1969315840
10-26 20:08:10.560  3158  5052 I ANDR-IOP_CAP: file is in filter list /dev/null
10-26 20:08:10.560  3158  5052 I ANDR-IOP_CAP: file is in filter list /dev/null
10-26 20:08:10.560  3158  5052 I ANDR-IOP_CAP: file is in filter list /dev/null
10-26 20:08:10.560  3158  5052 I ANDR-IOP_CAP: file is in filter list /system/framework/core-libart.jar
10-26 20:08:10.561  3158  5052 I ANDR-IOP_CAP: file is in filter list /dev/urandom
10-26 20:08:10.561  3158  5052 I ANDR-IOP_CAP: file is in filter list /dev/__properties__
10-26 20:08:10.561  3158  5052 I ANDR-IOP_CAP: file is in filter list /dev/binder
10-26 20:08:10.561  3158  5052 I ANDR-IOP_CAP: file is in filter list /dev/cpuctl/tasks
10-26 20:08:10.561  3158  5052 I ANDR-IOP_CAP: file is in filter list /dev/cpuctl/bg_non_interactive/tasks
10-26 20:08:10.561  3158  5052 I ANDR-IOP_CAP: file is in filter list /dev/cpuctl/bg_3rd_app/tasks
10-26 20:08:10.561  3158  5052 I ANDR-IOP_CAP: get_snapshot Exit dp = 0x7f8a9ea000
10-26 20:08:10.563  5045  5045 W art     : Before Android 4.1, method android.graphics.PorterDuffColorFilter android.support.graphics.drawable.VectorDrawableCompat.updateTintFilter(android.graphics.PorterDuffColorFilter, android.content.res.ColorStateList, android.graphics.PorterDuff$Mode) would have incorrectly overridden the package-private method in android.graphics.drawable.Drawable
10-26 20:08:10.580  5045  5045 E art     : Failed to dlopen: Failed to find absolute path for '/data/dalvik-cache/arm/system@framework@QPerformance.jar@classes.dex'
10-26 20:08:10.604  5045  5045 E art     : No implementation found for void com.eclipsesource.v8.V8._setFlags(java.lang.String) (tried Java_com_eclipsesource_v8_V8__1setFlags and Java_com_eclipsesource_v8_V8__1setFlags__Ljava_lang_String_2)
10-26 20:08:10.605  5045  5045 E AndroidRuntime: FATAL EXCEPTION: main
10-26 20:08:10.605  5045  5045 E AndroidRuntime: Process: com.eclipsesource.callv8, PID: 5045
10-26 20:08:10.605  5045  5045 E AndroidRuntime: java.lang.UnsatisfiedLinkError: No implementation found for void com.eclipsesource.v8.V8._setFlags(java.lang.String) (tried Java_com_eclipsesource_v8_V8__1setFlags and Java_com_eclipsesource_v8_V8__1setFlags__Ljava_lang_String_2)
10-26 20:08:10.605  5045  5045 E AndroidRuntime: 	at com.eclipsesource.v8.V8._setFlags(Native Method)
10-26 20:08:10.605  5045  5045 E AndroidRuntime: 	at com.eclipsesource.v8.V8.createV8Runtime(V8.java:155)
10-26 20:08:10.605  5045  5045 E AndroidRuntime: 	at com.eclipsesource.v8.V8.createV8Runtime(V8.java:114)
10-26 20:08:10.605  5045  5045 E AndroidRuntime: 	at com.eclipsesource.callv8.MainActivity.onCreate(MainActivity.java:17)
10-26 20:08:10.605  5045  5045 E AndroidRuntime: 	at android.app.Activity.performCreate(Activity.java:6433)
10-26 20:08:10.605  5045  5045 E AndroidRuntime: 	at android.app.Instrumentation.callActivityOnCreate(Instrumentation.java:1108)
10-26 20:08:10.605  5045  5045 E AndroidRuntime: 	at android.app.ActivityThread.performLaunchActivity(ActivityThread.java:2457)
10-26 20:08:10.605  5045  5045 E AndroidRuntime: 	at android.app.ActivityThread.handleLaunchActivity(ActivityThread.java:2575)
10-26 20:08:10.605  5045  5045 E AndroidRuntime: 	at android.app.ActivityThread.access$900(ActivityThread.java:160)
10-26 20:08:10.605  5045  5045 E AndroidRuntime: 	at android.app.ActivityThread$H.handleMessage(ActivityThread.java:1415)
10-26 20:08:10.605  5045  5045 E AndroidRuntime: 	at android.os.Handler.dispatchMessage(Handler.java:102)
10-26 20:08:10.605  5045  5045 E AndroidRuntime: 	at android.os.Looper.loop(Looper.java:148)
10-26 20:08:10.605  5045  5045 E AndroidRuntime: 	at android.app.ActivityThread.main(ActivityThread.java:5547)
10-26 20:08:10.605  5045  5045 E AndroidRuntime: 	at java.lang.reflect.Method.invoke(Native Method)
10-26 20:08:10.605  5045  5045 E AndroidRuntime: 	at com.android.internal.os.ZygoteInit$MethodAndArgsCaller.run(ZygoteInit.java:935)
10-26 20:08:10.605  5045  5045 E AndroidRuntime: 	at com.android.internal.os.ZygoteInit.main(ZygoteInit.java:726)
10-26 20:08:10.606  1379  3322 W ActivityManager:   Force finishing activity com.eclipsesource.callv8/.MainActivity
10-26 20:08:10.611  3158  5052 I ANDR-IOP_CAP: Getting snapshot 5045
10-26 20:08:10.611  3158  5052 I ANDR-IOP_CAP: Dirname = /proc/5045/fd MAX_PATH = 4096
10-26 20:08:10.611  3158  5052 I ANDR-IOP_CAP: get_snapshot Enter dp = 0x7f8a9ea000
10-26 20:08:10.611  3158  5052 I ANDR-IOP_CAP: dp = -1969315840
10-26 20:08:10.611  3158  5052 I ANDR-IOP_CAP: file is in filter list /dev/null
10-26 20:08:10.611  3158  5052 I ANDR-IOP_CAP: file is in filter list /dev/null
10-26 20:08:10.611  3158  5052 I ANDR-IOP_CAP: file is in filter list /dev/null
10-26 20:08:10.611  3158  5052 I ANDR-IOP_CAP: file is in filter list /system/framework/core-libart.jar
10-26 20:08:10.611  3158  5052 I ANDR-IOP_CAP: file is in filter list /dev/urandom
10-26 20:08:10.611  3158  5052 I ANDR-IOP_CAP: file is in filter list /dev/__properties__
10-26 20:08:10.612  3158  5052 I ANDR-IOP_CAP: file is in filter list /dev/binder
10-26 20:08:10.612  3158  5052 I ANDR-IOP_CAP: file is in filter list /dev/cpuctl/tasks
10-26 20:08:10.612  3158  5052 I ANDR-IOP_CAP: file is in filter list /dev/cpuctl/bg_non_interactive/tasks
10-26 20:08:10.612  3158  5052 I ANDR-IOP_CAP: file is in filter list /dev/cpuctl/bg_3rd_app/tasks
10-26 20:08:10.612  3158  5052 I ANDR-IOP_CAP: get_snapshot Exit dp = 0x7f8a9ea000
10-26 20:08:10.621  1379  1432 W ActivityManager: Skipping crash dialog of ProcessRecord{7640987 5045:com.eclipsesource.callv8/u0a141}: background
10-26 20:08:10.621  5045  5045 I Process : killProcess pid=5045
10-26 20:08:10.621  5045  5045 I Process : java.lang.RuntimeException
10-26 20:08:10.621  5045  5045 I Process : 	at android.os.Process.killProcess(Process.java:1136)
10-26 20:08:10.621  5045  5045 I Process : 	at com.android.internal.os.RuntimeInit$UncaughtHandler.uncaughtException(RuntimeInit.java:100)
10-26 20:08:10.621  5045  5045 I Process : 	at java.lang.ThreadGroup.uncaughtException(ThreadGroup.java:693)
10-26 20:08:10.621  5045  5045 I Process : 	at java.lang.ThreadGroup.uncaughtException(ThreadGroup.java:690)
10-26 20:08:10.621  5045  5045 I Process : Sending signal. PID: 5045 SIG: 9
10-26 20:08:10.624  4840  4840 W com.youku.phone:phone_monitor: type=1400 audit(0.0:2540431): avc: denied { getattr } for comm=4173796E635461736B202332 path="/proc/1" dev="proc" ino=6796 scontext=u:r:untrusted_app:s0:c512,c768 tcontext=u:r:init:s0 tclass=dir permissive=0
10-26 20:08:10.624  4840  4840 W com.youku.phone:phone_monitor: type=1400 audit(0.0:2540432): avc: denied { getattr } for comm=4173796E635461736B202332 path="/proc/2" dev="proc" ino=19767 scontext=u:r:untrusted_app:s0:c512,c768 tcontext=u:r:kernel:s0 tclass=dir permissive=0
10-26 20:08:10.624  4840  4840 W com.youku.phone:phone_monitor: type=1400 audit(0.0:2540433): avc: denied { getattr } for comm=4173796E635461736B202332 path="/proc/3" dev="proc" ino=19768 scontext=u:r:untrusted_app:s0:c512,c768 tcontext=u:r:kernel:s0 tclass=dir permissive=0
10-26 20:08:10.624  4840  4840 W com.youku.phone:phone_monitor: type=1400 audit(0.0:2540434): avc: denied { getattr } for comm=4173796E635461736B202332 path="/proc/7" dev="proc" ino=19772 scontext=u:r:untrusted_app:s0:c512,c768 tcontext=u:r:kernel:s0 tclass=dir permissive=0
10-26 20:08:10.624  4840  4840 W com.youku.phone:phone_monitor: type=1400 audit(0.0:2540435): avc: denied { getattr } for comm=4173796E635461736B202332 path="/proc/8" dev="proc" ino=19773 scontext=u:r:untrusted_app:s0:c512,c768 tcontext=u:r:kernel:s0 tclass=dir permissive=0
10-26 20:08:10.624  4840  4840 W com.youku.phone:phone_monitor: type=1400 audit(0.0:2540436): avc: denied { getattr } for comm=4173796E635461736B202332 path="/proc/9" dev="proc" ino=19774 scontext=u:r:untrusted_app:s0:c512,c768 tcontext=u:r:kernel:s0 tclass=dir permissive=0
10-26 20:08:10.624  4840  4840 W com.youku.phone:phone_monitor: type=1400 audit(0.0:2540437): avc: denied { getattr } for comm=4173796E635461736B202332 path="/proc/10" dev="proc" ino=19775 scontext=u:r:untrusted_app:s0:c512,c768 tcontext=u:r:kernel:s0 tclass=dir permissive=0
10-26 20:08:10.624  4840  4840 W com.youku.phone:phone_monitor: type=1400 audit(0.0:2540438): avc: denied { getattr } for comm=4173796E635461736B202332 path="/proc/11" dev="proc" ino=19776 scontext=u:r:untrusted_app:s0:c512,c768 tcontext=u:r:kernel:s0 tclass=dir permissive=0
10-26 20:08:10.624  4840  4840 W com.youku.phone:phone_monitor: type=1400 audit(0.0:2540439): avc: denied { getattr } for comm=4173796E635461736B202332 path="/proc/12" dev="proc" ino=19777 scontext=u:r:untrusted_app:s0:c512,c768 tcontext=u:r:kernel:s0 tclass=dir permissive=0
10-26 20:08:10.624  4840  4840 W com.youku.phone:phone_monitor: type=1400 audit(0.0:2540440): avc: denied { getattr } for comm=4173796E635461736B202332 path="/proc/14" dev="proc" ino=19779 scontext=u:r:untrusted_app:s0:c512,c768 tcontext=u:r:kernel:s0 tclass=dir permissive=0
10-26 20:08:10.624  4840  4840 W com.youku.phone:phone_monitor: type=1400 audit(0.0:2540441): avc: denied { getattr } for comm=4173796E635461736B202332 path="/proc/15" dev="proc" ino=19780 scontext=u:r:untrusted_app:s0:c512,c768 tcontext=u:r:kernel:s0 tclass=dir permissive=0
10-26 20:08:10.637  1379  1411 I ActivityManager: Process com.eclipsesource.callv8 (pid 5045) has died
10-26 20:08:10.637  1379  1411 D ActivityManager: cleanUpApplicationRecord -- 5045
10-26 20:08:10.638  1379  1436 I IgnoreTouchEvent: ignoreTouchEvent onWindowDetached
10-26 20:08:10.624  4840  4840 W com.youku.phone:phone_monitor: type=1400 audit(0.0:2540442): avc: denied { getattr } for comm=4173796E635461736B202332 path="/proc/16" dev="proc" ino=19781 scontext=u:r:untrusted_app:s0:c512,c768 tcontext=u:r:kernel:s0 tclass=dir permissive=0
10-26 20:08:10.624  4840  4840 W com.youku.phone:phone_monitor: type=1400 audit(0.0:2540443): avc: denied { getattr } for comm=4173796E635461736B202332 path="/proc/19" dev="proc" ino=19784 scontext=u:r:untrusted_app:s0:c512,c768 tcontext=u:r:kernel:s0 tclass=dir permissive=0
10-26 20:08:10.624  4840  4840 W com.youku.phone:phone_monitor: type=1400 audit(0.0:2540444): avc: denied { getattr } for comm=4173796E635461736B202332 path="/proc/20" dev="proc" ino=19785 scontext=u:r:untrusted_app:s0:c512,c768 tcontext=u:r:kernel:s0 tclass=dir permissive=0
10-26 20:08:10.624  4840  4840 W com.youku.phone:phone_monitor: type=1400 audit(0.0:2540445): avc: denied { getattr } for comm=4173796E635461736B202332 path="/proc/23" dev="proc" ino=19788 scontext=u:r:untrusted_app:s0:c512,c768 tcontext=u:r:kernel:s0 tclass=dir permissive=0
10-26 20:08:10.624  4840  4840 W com.youku.phone:phone_monitor: type=1400 audit(0.0:2540446): avc: denied { getattr } for comm=4173796E635461736B202332 path="/proc/24" dev="proc" ino=19789 scontext=u:r:untrusted_app:s0:c512,c768 tcontext=u:r:kernel:s0 tclass=dir permissive=0
10-26 20:08:10.624  4840  4840 W com.youku.phone:phone_monitor: type=1400 audit(0.0:2540447): avc: denied { getattr } for comm=4173796E635461736B202332 path="/proc/25" dev="proc" ino=19790 scontext=u:r:untrusted_app:s0:c512,c768 tcontext=u:r:kernel:s0 tclass=dir permissive=0
10-26 20:08:10.624  4840  4840 W com.youku.phone:phone_monitor: type=1400 audit(0.0:2540448): avc: denied { getattr } for comm=4173796E635461736B202332 path="/proc/26" dev="proc" ino=19791 scontext=u:r:untrusted_app:s0:c512,c768 tcontext=u:r:kernel:s0 tclass=dir permissive=0
10-26 20:08:10.624  4840  4840 W com.youku.phone:phone_monitor: type=1400 audit(0.0:2540449): avc: denied { getattr } for comm=4173796E635461736B202332 path="/proc/27" dev="proc" ino=19792 scontext=u:r:untrusted_app:s0:c512,c768 tcontext=u:r:kernel:s0 tclass=dir permissive=0
10-26 20:08:10.624  4840  4840 W com.youku.phone:phone_monitor: type=1400 audit(0.0:2540450): avc: denied { getattr } for comm=4173796E635461736B202332 path="/proc/28" dev="proc" ino=19793 scontext=u:r:untrusted_app:s0:c512,c768 tcontext=u:r:kernel:s0 tclass=dir permissive=0
10-26 20:08:10.660  2587  2587 E PILLS   : ActivityResumedReceiver : Constants.WINDOW_READY false ! abandon action android.intent.action.ACTIVITY_RESUMED
10-26 20:08:10.662  3158  5052 I ANDR-IOP_CAP: Getting snapshot 5045
10-26 20:08:10.662  3158  5052 I ANDR-IOP_CAP: Dirname = /proc/5045/fd MAX_PATH = 4096
10-26 20:08:10.662  3158  5052 I ANDR-IOP_CAP: get_snapshot Enter dp = 0x0
10-26 20:08:10.662  3158  5052 I ANDR-IOP_CAP: dp = 0
10-26 20:08:10.666  3182  3189 E ANDR-PERF-OPTSHANDLER: freq is change to 0
10-26 20:08:10.681  1379  3321 W InputMethodManagerService: Window already focused, ignoring focus gain of: com.android.internal.view.IInputMethodClient$Stub$Proxy@f0d34dd attribute=null, token = android.os.BinderProxy@748415b
10-26 20:08:10.713  3158  5052 I ANDR-IOP_CAP: Getting snapshot 5045
10-26 20:08:10.713  3158  5052 I ANDR-IOP_CAP: Dirname = /proc/5045/fd MAX_PATH = 4096
10-26 20:08:10.713  3158  5052 I ANDR-IOP_CAP: get_snapshot Enter dp = 0x0
10-26 20:08:10.713  3158  5052 I ANDR-IOP_CAP: dp = 0
10-26 20:08:10.763  3158  5052 I ANDR-IOP_CAP: Getting snapshot 5045
10-26 20:08:10.763  3158  5052 I ANDR-IOP_CAP: Dirname = /proc/5045/fd MAX_PATH = 4096
10-26 20:08:10.763  3158  5052 I ANDR-IOP_CAP: get_snapshot Enter dp = 0x0
10-26 20:08:10.763  3158  5052 I ANDR-IOP_CAP: dp = 0
10-26 20:08:10.813  3158  5052 I ANDR-IOP_CAP: Getting snapshot 5045
10-26 20:08:10.814  3158  5052 I ANDR-IOP_CAP: Dirname = /proc/5045/fd MAX_PATH = 4096
10-26 20:08:10.814  3158  5052 I ANDR-IOP_CAP: get_snapshot Enter dp = 0x0
10-26 20:08:10.814  3158  5052 I ANDR-IOP_CAP: dp = 0
10-26 20:08:10.864  3158  5052 I ANDR-IOP_CAP: Getting snapshot 5045
10-26 20:08:10.864  3158  5052 I ANDR-IOP_CAP: Dirname = /proc/5045/fd MAX_PATH = 4096
10-26 20:08:10.865  3158  5052 I ANDR-IOP_CAP: get_snapshot Enter dp = 0x0
10-26 20:08:10.865  3158  5052 I ANDR-IOP_CAP: dp = 0
10-26 20:08:10.915  3158  5052 I ANDR-IOP_CAP: Getting snapshot 5045
10-26 20:08:10.915  3158  5052 I ANDR-IOP_CAP: Dirname = /proc/5045/fd MAX_PATH = 4096
10-26 20:08:10.915  3158  5052 I ANDR-IOP_CAP: get_snapshot Enter dp = 0x0
10-26 20:08:10.915  3158  5052 I ANDR-IOP_CAP: dp = 0
10-26 20:08:10.949 28721 28746 D JOBS    : Thread-147: load factor check. true = (3 < 4)|| (3 * 3 < 0 + 0). consumer thread: true
10-26 20:08:10.949 28721 28746 D JOBS    : didn't allow me to die, re-running Thread-147
10-26 20:08:10.949 28721 28746 D JOBS    : re-running consumer Thread-147
10-26 20:08:10.966  3158  5052 I ANDR-IOP_CAP: Getting snapshot 5045
10-26 20:08:10.966  3158  5052 I ANDR-IOP_CAP: Dirname = /proc/5045/fd MAX_PATH = 4096
10-26 20:08:10.966  3158  5052 I ANDR-IOP_CAP: get_snapshot Enter dp = 0x0
10-26 20:08:10.966  3158  5052 I ANDR-IOP_CAP: dp = 0
10-26 20:08:11.016  3158  5052 I ANDR-IOP_CAP: Getting snapshot 5045
10-26 20:08:11.017  3158  5052 I ANDR-IOP_CAP: Dirname = /proc/5045/fd MAX_PATH = 4096
10-26 20:08:11.017  3158  5052 I ANDR-IOP_CAP: get_snapshot Enter dp = 0x0
10-26 20:08:11.017  3158  5052 I ANDR-IOP_CAP: dp = 0
10-26 20:08:11.067  3158  5052 I ANDR-IOP_CAP: Getting snapshot 5045
10-26 20:08:11.067  3158  5052 I ANDR-IOP_CAP: Dirname = /proc/5045/fd MAX_PATH = 4096
10-26 20:08:11.068  3158  5052 I ANDR-IOP_CAP: get_snapshot Enter dp = 0x0
10-26 20:08:11.068  3158  5052 I ANDR-IOP_CAP: dp = 0
10-26 20:08:11.118  3158  5052 I ANDR-IOP_CAP: Getting snapshot 5045
10-26 20:08:11.118  3158  5052 I ANDR-IOP_CAP: Dirname = /proc/5045/fd MAX_PATH = 4096
10-26 20:08:11.118  3158  5052 I ANDR-IOP_CAP: get_snapshot Enter dp = 0x0
10-26 20:08:11.118  3158  5052 I ANDR-IOP_CAP: dp = 0
10-26 20:08:11.169  3158  5052 I ANDR-IOP_CAP: Getting snapshot 5045
10-26 20:08:11.169  3158  5052 I ANDR-IOP_CAP: Dirname = /proc/5045/fd MAX_PATH = 4096
10-26 20:08:11.169  3158  5052 I ANDR-IOP_CAP: get_snapshot Enter dp = 0x0
10-26 20:08:11.169  3158  5052 I ANDR-IOP_CAP: dp = 0
10-26 20:08:11.219  3158  5052 I ANDR-IOP_CAP: Getting snapshot 5045
10-26 20:08:11.219  3158  5052 I ANDR-IOP_CAP: Dirname = /proc/5045/fd MAX_PATH = 4096
10-26 20:08:11.219  3158  5052 I ANDR-IOP_CAP: get_snapshot Enter dp = 0x0
10-26 20:08:11.219  3158  5052 I ANDR-IOP_CAP: dp = 0
10-26 20:08:11.270  3158  5052 I ANDR-IOP_CAP: Getting snapshot 5045
10-26 20:08:11.270  3158  5052 I ANDR-IOP_CAP: Dirname = /proc/5045/fd MAX_PATH = 4096
10-26 20:08:11.270  3158  5052 I ANDR-IOP_CAP: get_snapshot Enter dp = 0x0
10-26 20:08:11.270  3158  5052 I ANDR-IOP_CAP: dp = 0
10-26 20:08:11.320  3158  5052 I ANDR-IOP_CAP: Getting snapshot 5045
10-26 20:08:11.321  3158  5052 I ANDR-IOP_CAP: Dirname = /proc/5045/fd MAX_PATH = 4096
10-26 20:08:11.321  3158  5052 I ANDR-IOP_CAP: get_snapshot Enter dp = 0x0
10-26 20:08:11.321  3158  5052 I ANDR-IOP_CAP: dp = 0
10-26 20:08:11.371  3158  5052 I ANDR-IOP_CAP: Getting snapshot 5045
10-26 20:08:11.371  3158  5052 I ANDR-IOP_CAP: Dirname = /proc/5045/fd MAX_PATH = 4096
10-26 20:08:11.371  3158  5052 I ANDR-IOP_CAP: get_snapshot Enter dp = 0x0
10-26 20:08:11.371  3158  5052 I ANDR-IOP_CAP: dp = 0
10-26 20:08:11.422  3158  5052 I ANDR-IOP_CAP: Getting snapshot 5045
10-26 20:08:11.422  3158  5052 I ANDR-IOP_CAP: Dirname = /proc/5045/fd MAX_PATH = 4096
10-26 20:08:11.422  3158  5052 I ANDR-IOP_CAP: get_snapshot Enter dp = 0x0
10-26 20:08:11.422  3158  5052 I ANDR-IOP_CAP: dp = 0
10-26 20:08:11.472  3158  5052 I ANDR-IOP_CAP: Getting snapshot 5045
10-26 20:08:11.472  3158  5052 I ANDR-IOP_CAP: Dirname = /proc/5045/fd MAX_PATH = 4096
10-26 20:08:11.473  3158  5052 I ANDR-IOP_CAP: get_snapshot Enter dp = 0x0
10-26 20:08:11.473  3158  5052 I ANDR-IOP_CAP: dp = 0
10-26 20:08:11.523  3158  5052 I ANDR-IOP_CAP: Getting snapshot 5045
10-26 20:08:11.523  3158  5052 I ANDR-IOP_CAP: Dirname = /proc/5045/fd MAX_PATH = 4096
10-26 20:08:11.523  3158  5052 I ANDR-IOP_CAP: get_snapshot Enter dp = 0x0
10-26 20:08:11.523  3158  5052 I ANDR-IOP_CAP: dp = 0
10-26 20:08:11.574  3158  5052 I ANDR-IOP_CAP: Getting snapshot 5045
10-26 20:08:11.574  3158  5052 I ANDR-IOP_CAP: Dirname = /proc/5045/fd MAX_PATH = 4096
10-26 20:08:11.574  3158  5052 I ANDR-IOP_CAP: get_snapshot Enter dp = 0x0
10-26 20:08:11.574  3158  5052 I ANDR-IOP_CAP: dp = 0
10-26 20:08:11.624  3158  5052 I ANDR-IOP_CAP: Getting snapshot 5045
10-26 20:08:11.625  3158  5052 I ANDR-IOP_CAP: Dirname = /proc/5045/fd MAX_PATH = 4096
10-26 20:08:11.625  3158  5052 I ANDR-IOP_CAP: get_snapshot Enter dp = 0x0
10-26 20:08:11.625  3158  5052 I ANDR-IOP_CAP: dp = 0
10-26 20:08:11.675  3158  5052 I ANDR-IOP_CAP: Getting snapshot 5045
10-26 20:08:11.675  3158  5052 I ANDR-IOP_CAP: Dirname = /proc/5045/fd MAX_PATH = 4096
10-26 20:08:11.675  3158  5052 I ANDR-IOP_CAP: get_snapshot Enter dp = 0x0
10-26 20:08:11.675  3158  5052 I ANDR-IOP_CAP: dp = 0
10-26 20:08:11.726  3158  5052 I ANDR-IOP_CAP: Getting snapshot 5045
10-26 20:08:11.726  3158  5052 I ANDR-IOP_CAP: Dirname = /proc/5045/fd MAX_PATH = 4096
10-26 20:08:11.726  3158  5052 I ANDR-IOP_CAP: get_snapshot Enter dp = 0x0
10-26 20:08:11.726  3158  5052 I ANDR-IOP_CAP: dp = 0
10-26 20:08:11.776  3158  5052 I ANDR-IOP_CAP: Getting snapshot 5045
10-26 20:08:11.776  3158  5052 I ANDR-IOP_CAP: Dirname = /proc/5045/fd MAX_PATH = 4096
10-26 20:08:11.776  3158  5052 I ANDR-IOP_CAP: get_snapshot Enter dp = 0x0
10-26 20:08:11.777  3158  5052 I ANDR-IOP_CAP: dp = 0
10-26 20:08:11.827  3158  5052 I ANDR-IOP_CAP: Getting snapshot 5045
10-26 20:08:11.827  3158  5052 I ANDR-IOP_CAP: Dirname = /proc/5045/fd MAX_PATH = 4096
10-26 20:08:11.827  3158  5052 I ANDR-IOP_CAP: get_snapshot Enter dp = 0x0
10-26 20:08:11.827  3158  5052 I ANDR-IOP_CAP: dp = 0
10-26 20:08:11.877  3158  5052 I ANDR-IOP_CAP: Getting snapshot 5045
10-26 20:08:11.878  3158  5052 I ANDR-IOP_CAP: Dirname = /proc/5045/fd MAX_PATH = 4096
10-26 20:08:11.878  3158  5052 I ANDR-IOP_CAP: get_snapshot Enter dp = 0x0
10-26 20:08:11.878  3158  5052 I ANDR-IOP_CAP: dp = 0
10-26 20:08:11.928  3158  5052 I ANDR-IOP_CAP: Getting snapshot 5045
10-26 20:08:11.928  3158  5052 I ANDR-IOP_CAP: Dirname = /proc/5045/fd MAX_PATH = 4096
10-26 20:08:11.928  3158  5052 I ANDR-IOP_CAP: get_snapshot Enter dp = 0x0
10-26 20:08:11.928  3158  5052 I ANDR-IOP_CAP: dp = 0
10-26 20:08:11.979  3158  5052 I ANDR-IOP_CAP: Getting snapshot 5045
10-26 20:08:11.979  3158  5052 I ANDR-IOP_CAP: Dirname = /proc/5045/fd MAX_PATH = 4096
10-26 20:08:11.979  3158  5052 I ANDR-IOP_CAP: get_snapshot Enter dp = 0x0
10-26 20:08:11.979  3158  5052 I ANDR-IOP_CAP: dp = 0
10-26 20:08:12.029  3158  5052 I ANDR-IOP_CAP: Getting snapshot 5045
10-26 20:08:12.029  3158  5052 I ANDR-IOP_CAP: Dirname = /proc/5045/fd MAX_PATH = 4096
10-26 20:08:12.030  3158  5052 I ANDR-IOP_CAP: get_snapshot Enter dp = 0x0
10-26 20:08:12.030  3158  5052 I ANDR-IOP_CAP: dp = 0
10-26 20:08:12.080  3158  5052 I ANDR-IOP_CAP: Getting snapshot 5045
10-26 20:08:12.080  3158  5052 I ANDR-IOP_CAP: Dirname = /proc/5045/fd MAX_PATH = 4096
10-26 20:08:12.080  3158  5052 I ANDR-IOP_CAP: get_snapshot Enter dp = 0x0
10-26 20:08:12.080  3158  5052 I ANDR-IOP_CAP: dp = 0
10-26 20:08:12.131  3158  5052 I ANDR-IOP_CAP: Getting snapshot 5045
10-26 20:08:12.131  3158  5052 I ANDR-IOP_CAP: Dirname = /proc/5045/fd MAX_PATH = 4096
10-26 20:08:12.131  3158  5052 I ANDR-IOP_CAP: get_snapshot Enter dp = 0x0
10-26 20:08:12.131  3158  5052 I ANDR-IOP_CAP: dp = 0
10-26 20:08:12.181  3158  5052 I ANDR-IOP_CAP: Getting snapshot 5045
10-26 20:08:12.181  3158  5052 I ANDR-IOP_CAP: Dirname = /proc/5045/fd MAX_PATH = 4096
10-26 20:08:12.182  3158  5052 I ANDR-IOP_CAP: get_snapshot Enter dp = 0x0
10-26 20:08:12.182  3158  5052 I ANDR-IOP_CAP: dp = 0
10-26 20:08:12.232  3158  5052 I ANDR-IOP_CAP: Getting snapshot 5045
10-26 20:08:12.232  3158  5052 I ANDR-IOP_CAP: Dirname = /proc/5045/fd MAX_PATH = 4096
10-26 20:08:12.232  3158  5052 I ANDR-IOP_CAP: get_snapshot Enter dp = 0x0
10-26 20:08:12.232  3158  5052 I ANDR-IOP_CAP: dp = 0
10-26 20:08:12.283  3158  5052 I ANDR-IOP_CAP: Getting snapshot 5045
10-26 20:08:12.283  3158  5052 I ANDR-IOP_CAP: Dirname = /proc/5045/fd MAX_PATH = 4096
10-26 20:08:12.283  3158  5052 I ANDR-IOP_CAP: get_snapshot Enter dp = 0x0
10-26 20:08:12.283  3158  5052 I ANDR-IOP_CAP: dp = 0
10-26 20:08:12.333  3158  5052 I ANDR-IOP_CAP: Getting snapshot 5045
10-26 20:08:12.333  3158  5052 I ANDR-IOP_CAP: Dirname = /proc/5045/fd MAX_PATH = 4096
10-26 20:08:12.333  3158  5052 I ANDR-IOP_CAP: get_snapshot Enter dp = 0x0
10-26 20:08:12.334  3158  5052 I ANDR-IOP_CAP: dp = 0
10-26 20:08:12.384  3158  5052 I ANDR-IOP_CAP: Getting snapshot 5045
10-26 20:08:12.384  3158  5052 I ANDR-IOP_CAP: Dirname = /proc/5045/fd MAX_PATH = 4096
10-26 20:08:12.384  3158  5052 I ANDR-IOP_CAP: get_snapshot Enter dp = 0x0
10-26 20:08:12.384  3158  5052 I ANDR-IOP_CAP: dp = 0
10-26 20:08:12.434  3158  5052 I ANDR-IOP_CAP: Getting snapshot 5045
10-26 20:08:12.435  3158  5052 I ANDR-IOP_CAP: Dirname = /proc/5045/fd MAX_PATH = 4096
10-26 20:08:12.435  3158  5052 I ANDR-IOP_CAP: get_snapshot Enter dp = 0x0
10-26 20:08:12.435  3158  5052 I ANDR-IOP_CAP: dp = 0
10-26 20:08:12.485  3158  5052 I ANDR-IOP_CAP: Getting snapshot 5045
10-26 20:08:12.485  3158  5052 I ANDR-IOP_CAP: Dirname = /proc/5045/fd MAX_PATH = 4096
10-26 20:08:12.485  3158  5052 I ANDR-IOP_CAP: get_snapshot Enter dp = 0x0
10-26 20:08:12.485  3158  5052 I ANDR-IOP_CAP: dp = 0
10-26 20:08:12.536  3158  5052 I ANDR-IOP_CAP: Getting snapshot 5045
10-26 20:08:12.536  3158  5052 I ANDR-IOP_CAP: Dirname = /proc/5045/fd MAX_PATH = 4096
10-26 20:08:12.536  3158  5052 I ANDR-IOP_CAP: get_snapshot Enter dp = 0x0
10-26 20:08:12.536  3158  5052 I ANDR-IOP_CAP: dp = 0
10-26 20:08:12.586  3158  5052 I ANDR-IOP_CAP: Getting snapshot 5045
10-26 20:08:12.586  3158  5052 I ANDR-IOP_CAP: Dirname = /proc/5045/fd MAX_PATH = 4096
10-26 20:08:12.586  3158  5052 I ANDR-IOP_CAP: get_snapshot Enter dp = 0x0
10-26 20:08:12.587  3158  5052 I ANDR-IOP_CAP: dp = 0
10-26 20:08:12.637  3158  5052 I ANDR-IOP_CAP: Getting snapshot 5045
10-26 20:08:12.637  3158  5052 I ANDR-IOP_CAP: Dirname = /proc/5045/fd MAX_PATH = 4096
10-26 20:08:12.637  3158  5052 I ANDR-IOP_CAP: get_snapshot Enter dp = 0x0
10-26 20:08:12.637  3158  5052 I ANDR-IOP_CAP: dp = 0
10-26 20:08:12.687  3158  5052 I ANDR-IOP_CAP: Getting snapshot 5045
10-26 20:08:12.687  3158  5052 I ANDR-IOP_CAP: Dirname = /proc/5045/fd MAX_PATH = 4096
10-26 20:08:12.688  3158  5052 I ANDR-IOP_CAP: get_snapshot Enter dp = 0x0
10-26 20:08:12.688  3158  5052 I ANDR-IOP_CAP: dp = 0
10-26 20:08:12.738  3158  5052 I ANDR-IOP_CAP: Getting snapshot 5045
10-26 20:08:12.738  3158  5052 I ANDR-IOP_CAP: Dirname = /proc/5045/fd MAX_PATH = 4096
10-26 20:08:12.738  3158  5052 I ANDR-IOP_CAP: get_snapshot Enter dp = 0x0
10-26 20:08:12.738  3158  5052 I ANDR-IOP_CAP: dp = 0
10-26 20:08:12.788  3158  5052 I ANDR-IOP_CAP: Getting snapshot 5045
10-26 20:08:12.789  3158  5052 I ANDR-IOP_CAP: Dirname = /proc/5045/fd MAX_PATH = 4096
10-26 20:08:12.789  3158  5052 I ANDR-IOP_CAP: get_snapshot Enter dp = 0x0
10-26 20:08:12.789  3158  5052 I ANDR-IOP_CAP: dp = 0
10-26 20:08:12.839  3158  5052 I ANDR-IOP_CAP: Getting snapshot 5045
10-26 20:08:12.839  3158  5052 I ANDR-IOP_CAP: Dirname = /proc/5045/fd MAX_PATH = 4096
10-26 20:08:12.839  3158  5052 I ANDR-IOP_CAP: get_snapshot Enter dp = 0x0
